Component: ARM Compiler 5.06 update 6 (build 750) Tool: armlink [4d35ed]

==============================================================================

Section Cross References

    bootloader.o(i.bootloader_main) refers to printf8.o(i.__0printf$8) for __2printf
    bootloader.o(i.bootloader_main) refers to bootloader.o(.constdata) for .constdata
    bootloader.o(.constdata) refers to bootloader_copy.o(i.bootloader_copy_prepare) for bootloader_copy_prepare
    bootloader.o(.constdata) refers to bootloader_copy.o(i.bootloader_copy_select) for bootloader_copy_select
    bootloader.o(.constdata) refers to bootloader_copy.o(i.bootloader_copy_go) for bootloader_copy_go
    crc32.o(i.crc32_halfbyte) refers to printf8.o(i.__0printf$8) for __2printf
    crc32.o(i.crc32_halfbyte) refers to crc32.o(.constdata) for .constdata
    flash.o(i.flash_erase) refers to rda_api.o(i.erase_flash) for erase_flash
    flash.o(i.flash_write) refers to memseta.o(.text) for __aeabi_memset
    flash.o(i.flash_write) refers to memcpya.o(.text) for __aeabi_memcpy
    flash.o(i.flash_write) refers to rda_api.o(i.program_flash) for program_flash
    flash.o(i.flash_write) refers to flash.o(.bss) for .bss
    bootloader_ping_pong.o(i.bootloader_ping_pong_go) refers to printf8.o(i.__0printf$8) for __2printf
    bootloader_ping_pong.o(i.bootloader_ping_pong_select) refers to bootloader_ping_pong.o(i.get_ping_pong_boot_addr) for get_ping_pong_boot_addr
    bootloader_ping_pong.o(i.get_ping_pong_boot_addr) refers to bootloader_ping_pong.o(i.ping_pong_image_verify) for ping_pong_image_verify
    bootloader_ping_pong.o(i.get_ping_pong_boot_addr) refers to printf8.o(i.__0printf$8) for __2printf
    bootloader_ping_pong.o(i.get_ping_pong_boot_addr) refers to strcmp.o(.text) for strcmp
    bootloader_ping_pong.o(i.get_ping_pong_boot_addr) refers to flash_layout.o(.constdata) for _ping_pong_layout_table
    bootloader_ping_pong.o(i.ping_pong_image_verify) refers to printf8.o(i.__0printf$8) for __2printf
    bootloader_ping_pong.o(i.ping_pong_image_verify) refers to crc32.o(i.crc32_halfbyte) for crc32_halfbyte
    bootloader_triple_area.o(i.bootloader_get_firmware_info) refers to flash_layout.o(.constdata) for _triple_area_layout_table
    bootloader_triple_area.o(i.bootloader_triple_area_go) refers to printf8.o(i.__0printf$8) for __2printf
    bootloader_triple_area.o(i.bootloader_triple_area_prepare) refers to bootloader_triple_area.o(i.bootloader_upgrade) for bootloader_upgrade
    bootloader_triple_area.o(i.bootloader_triple_area_select) refers to bootloader_triple_area.o(i.firmware_is_valid) for firmware_is_valid
    bootloader_triple_area.o(i.bootloader_triple_area_select) refers to flash_layout.o(.constdata) for _triple_area_layout_table
    bootloader_triple_area.o(i.bootloader_upgrade) refers to bootloader_triple_area.o(i.firmware_is_valid) for firmware_is_valid
    bootloader_triple_area.o(i.bootloader_upgrade) refers to bootloader_triple_area.o(i.bootloader_get_firmware_info) for bootloader_get_firmware_info
    bootloader_triple_area.o(i.bootloader_upgrade) refers to memcpya.o(.text) for __aeabi_memcpy
    bootloader_triple_area.o(i.bootloader_upgrade) refers to bootloader_triple_area.o(i.image_get_item) for image_get_item
    bootloader_triple_area.o(i.bootloader_upgrade) refers to bootloader_triple_area.o(i.image_is_valid) for image_is_valid
    bootloader_triple_area.o(i.bootloader_upgrade) refers to strcmp.o(.text) for strcmp
    bootloader_triple_area.o(i.bootloader_upgrade) refers to crc32.o(i.crc32_halfbyte) for crc32_halfbyte
    bootloader_triple_area.o(i.bootloader_upgrade) refers to bootloader_triple_area.o(i.image_unpack) for image_unpack
    bootloader_triple_area.o(i.firmware_is_valid) refers to bootloader_triple_area.o(i.bootloader_get_firmware_info) for bootloader_get_firmware_info
    bootloader_triple_area.o(i.firmware_is_valid) refers to crc32.o(i.crc32_halfbyte) for crc32_halfbyte
    bootloader_triple_area.o(i.image_get_item) refers to flash_layout.o(.constdata) for _triple_area_layout_table
    bootloader_triple_area.o(i.image_unpack) refers to bootloader_triple_area.o(i.image_get_item) for image_get_item
    bootloader_triple_area.o(i.image_unpack) refers to bootloader_triple_area.o(i.image_is_valid) for image_is_valid
    bootloader_triple_area.o(i.image_unpack) refers to flash.o(i.flash_unlock) for flash_unlock
    bootloader_triple_area.o(i.image_unpack) refers to flash.o(i.flash_erase) for flash_erase
    bootloader_triple_area.o(i.image_unpack) refers to flash.o(i.flash_write) for flash_write
    bootloader_triple_area.o(i.image_unpack) refers to memseta.o(.text) for __aeabi_memclr4
    bootloader_triple_area.o(i.image_unpack) refers to flash.o(i.flash_lock) for flash_lock
    bootloader_triple_area.o(i.image_unpack) refers to flash_layout.o(.constdata) for _triple_area_layout_table
    bootloader_copy.o(i.bootloader_copy_go) refers to printf8.o(i.__0printf$8) for __2printf
    bootloader_copy.o(i.bootloader_copy_prepare) refers to bootloader_copy.o(i.bootloader_prepare_boot_addr) for bootloader_prepare_boot_addr
    bootloader_copy.o(i.bootloader_copy_prepare) refers to bootloader_copy.o(i.bootloader_upgrade) for bootloader_upgrade
    bootloader_copy.o(i.bootloader_copy_select) refers to flash_layout.o(.constdata) for copy_layout_table
    bootloader_copy.o(i.bootloader_prepare_boot_addr) refers to memcpya.o(.text) for __aeabi_memcpy
    bootloader_copy.o(i.bootloader_prepare_boot_addr) refers to printf8.o(i.__0printf$8) for __2printf
    bootloader_copy.o(i.bootloader_prepare_boot_addr) refers to flash.o(i.flash_erase) for flash_erase
    bootloader_copy.o(i.bootloader_prepare_boot_addr) refers to flash.o(i.flash_write) for flash_write
    bootloader_copy.o(i.bootloader_prepare_boot_addr) refers to flash_layout.o(.constdata) for copy_layout_table
    bootloader_copy.o(i.bootloader_upgrade) refers to memseta.o(.text) for __aeabi_memclr4
    bootloader_copy.o(i.bootloader_upgrade) refers to bootloader_copy.o(i.firmware_is_valid) for firmware_is_valid
    bootloader_copy.o(i.bootloader_upgrade) refers to bootloader_copy.o(i.upgrade_is_valid) for upgrade_is_valid
    bootloader_copy.o(i.bootloader_upgrade) refers to memcpya.o(.text) for __aeabi_memcpy
    bootloader_copy.o(i.bootloader_upgrade) refers to printf8.o(i.__0printf$8) for __2printf
    bootloader_copy.o(i.bootloader_upgrade) refers to strcmp.o(.text) for strcmp
    bootloader_copy.o(i.bootloader_upgrade) refers to bootloader_copy.o(i.upgrade) for upgrade
    bootloader_copy.o(i.bootloader_upgrade) refers to flash_layout.o(.constdata) for copy_layout_table
    bootloader_copy.o(i.firmware_is_valid) refers to crc32.o(i.crc32_halfbyte) for crc32_halfbyte
    bootloader_copy.o(i.firmware_is_valid) refers to printf8.o(i.__0printf$8) for __2printf
    bootloader_copy.o(i.firmware_is_valid) refers to flash_layout.o(.constdata) for copy_layout_table
    bootloader_copy.o(i.upgrade) refers to flash.o(i.flash_unlock) for flash_unlock
    bootloader_copy.o(i.upgrade) refers to printf8.o(i.__0printf$8) for __2printf
    bootloader_copy.o(i.upgrade) refers to flash.o(i.flash_erase) for flash_erase
    bootloader_copy.o(i.upgrade) refers to flash.o(i.flash_write) for flash_write
    bootloader_copy.o(i.upgrade) refers to crc32.o(i.crc32_halfbyte) for crc32_halfbyte
    bootloader_copy.o(i.upgrade) refers to lzma.o(i.lzma_update) for lzma_update
    bootloader_copy.o(i.upgrade) refers to memseta.o(.text) for __aeabi_memclr4
    bootloader_copy.o(i.upgrade) refers to flash.o(i.flash_lock) for flash_lock
    bootloader_copy.o(i.upgrade) refers to flash_layout.o(.constdata) for copy_layout_table
    bootloader_copy.o(i.upgrade_is_valid) refers to crc32.o(i.crc32_halfbyte) for crc32_halfbyte
    bootloader_copy.o(i.upgrade_is_valid) refers to printf8.o(i.__0printf$8) for __2printf
    bootloader_copy.o(i.upgrade_is_valid) refers to flash_layout.o(.constdata) for copy_layout_table
    bootloader_copy.o(i.upgrade_is_valid) refers to bootloader_copy.o(i.firmware_is_valid) for i.firmware_is_valid
    main.o(i.main) refers to board.o(i.board_init) for board_init
    main.o(i.main) refers to printf8.o(i.__0printf$8) for __2printf
    main.o(i.main) refers to bootloader.o(i.bootloader_main) for bootloader_main
    retarget.o(i._sys_write) refers to drv_uart.o(i.uart_console_output) for uart_console_output
    retarget.o(i.fputc) refers to drv_uart.o(i.uart_console_output) for uart_console_output
    board.o(i.board_init) refers to drv_uart.o(i.uart_init) for uart_init
    rda_api.o(i.erase_flash) refers to rda_api.o(i.check_align) for check_align
    rda_api.o(i.erase_flash) refers to printf8.o(i.__0printf$8) for __2printf
    rda_api.o(i.erase_flash) refers to rda_api.o(i.rda5981_spi_erase_partition) for rda5981_spi_erase_partition
    rda_api.o(i.erase_sector) refers to rda_api.o(i.check_align) for check_align
    rda_api.o(i.erase_sector) refers to printf8.o(i.__0printf$8) for __2printf
    rda_api.o(i.program_flash) refers to rda_api.o(i.check_align) for check_align
    rda_api.o(i.program_flash) refers to printf8.o(i.__0printf$8) for __2printf
    rda_api.o(i.rda5981_spi_erase_partition) refers to rda_api.o(i.rda5981_spi_flash_erase_64KB_block) for rda5981_spi_flash_erase_64KB_block
    rda_api.o(i.read_flash) refers to rda_api.o(i.check_align) for check_align
    rda_api.o(i.read_flash) refers to printf8.o(i.__0printf$8) for __2printf
    startup_rda5981.o(RESET) refers to startup_rda5981.o(STACK) for __initial_sp
    startup_rda5981.o(RESET) refers to startup_rda5981.o(.text) for Reset_Handler
    startup_rda5981.o(.text) refers to system_rda5981.o(i.SystemInit) for SystemInit
    startup_rda5981.o(.text) refers to entry.o(.ARM.Collect$$$$00000000) for __main
    lzma.o(i.Decode) refers to 7zStream.o(i.SeqInStream_Read) for SeqInStream_Read
    lzma.o(i.Decode) refers to llshl.o(.text) for __aeabi_llsl
    lzma.o(i.Decode) refers to lzmaDec.o(i.LzmaDec_Allocate) for LzmaDec_Allocate
    lzma.o(i.Decode) refers to lzma.o(i.Decode2) for Decode2
    lzma.o(i.Decode) refers to lzmaDec.o(i.LzmaDec_Free) for LzmaDec_Free
    lzma.o(i.Decode) refers to alloc.o(.constdata) for g_Alloc
    lzma.o(i.Decode2) refers to lzmaDec.o(i.LzmaDec_Init) for LzmaDec_Init
    lzma.o(i.Decode2) refers to lzmaDec.o(i.LzmaDec_DecodeToBuf) for LzmaDec_DecodeToBuf
    lzma.o(i.Decode2) refers to lzma.o(i.free_in_out_buffer) for free_in_out_buffer
    lzma.o(i.Decode2) refers to alloc.o(.constdata) for g_Alloc
    lzma.o(i.Decode2) refers to lzma.o(.data) for .data
    lzma.o(i.PrintError) refers to printf8.o(i.__0printf$8) for __2printf
    lzma.o(i.free_in_out_buffer) refers to alloc.o(.constdata) for g_Alloc
    lzma.o(i.free_in_out_buffer) refers to lzma.o(.data) for .data
    lzma.o(i.lzma_update) refers to 7zFile.o(i.FileSeqInStream_CreateVTable) for FileSeqInStream_CreateVTable
    lzma.o(i.lzma_update) refers to 7zFile.o(i.FileOutStream_CreateVTable) for FileOutStream_CreateVTable
    lzma.o(i.lzma_update) refers to 7zFile.o(i.InFile_Open) for InFile_Open
    lzma.o(i.lzma_update) refers to 7zFile.o(i.OutFile_Open) for OutFile_Open
    lzma.o(i.lzma_update) refers to lzma.o(i.Decode) for Decode
    lzma.o(i.lzma_update) refers to 7zFile.o(i.OutFile_Close) for OutFile_Close
    lzma.o(i.lzma_update) refers to 7zFile.o(i.InFile_Close) for InFile_Close
    lzma.o(i.lzma_update) refers to printf8.o(i.__0printf$8) for __2printf
    lzma.o(i.lzma_update) refers to lzma.o(i.PrintError) for PrintError
    lzma.o(i.lzma_update) refers to lzma.o(.constdata) for .constdata
    lzma.o(.constdata) refers to lzma.o(.conststring) for .conststring
    7zFile.o(i.Buf_Write) refers to printf8.o(i.__0printf$8) for __2printf
    7zFile.o(i.Buf_Write) refers to memcpya.o(.text) for __aeabi_memcpy
    7zFile.o(i.Buf_Write) refers to 7zFile.o(i.Flash_Write) for Flash_Write
    7zFile.o(i.Buf_Write) refers to 7zFile.o(.bss) for .bss
    7zFile.o(i.FileOutStream_CreateVTable) refers to 7zFile.o(i.FileOutStream_Write) for FileOutStream_Write
    7zFile.o(i.FileOutStream_Write) refers to 7zFile.o(i.File_Write_Buf) for File_Write_Buf
    7zFile.o(i.FileSeqInStream_CreateVTable) refers to 7zFile.o(i.FileSeqInStream_Read) for FileSeqInStream_Read
    7zFile.o(i.FileSeqInStream_Read) refers to 7zFile.o(i.File_Read) for File_Read
    7zFile.o(i.File_Read) refers to memcpya.o(.text) for __aeabi_memcpy
    7zFile.o(i.File_Write_Buf) refers to 7zFile.o(i.Buf_Write) for Buf_Write
    7zFile.o(i.Flash_Write) refers to printf8.o(i.__0printf$8) for __2printf
    7zFile.o(i.Flash_Write) refers to flash.o(i.flash_write) for flash_write
    7zFile.o(i.InFile_Open) refers to 7zFile.o(i.File_Open) for File_Open
    7zFile.o(i.OutFile_Close) refers to 7zFile.o(i.Flash_Write) for Flash_Write
    7zFile.o(i.OutFile_Close) refers to 7zFile.o(.bss) for .bss
    7zFile.o(i.OutFile_Close) refers to alloc.o(.constdata) for g_Alloc
    7zFile.o(i.OutFile_Open) refers to 7zFile.o(i.File_Open) for File_Open
    7zFile.o(i.OutFile_Open) refers to printf8.o(i.__0printf$8) for __2printf
    7zFile.o(i.OutFile_Open) refers to alloc.o(.constdata) for g_Alloc
    7zFile.o(i.OutFile_Open) refers to 7zFile.o(.bss) for .bss
    7zStream.o(i.LookInStream_LookRead) refers to memcpya.o(.text) for __aeabi_memcpy
    7zStream.o(i.LookInStream_Read) refers to 7zStream.o(i.LookInStream_Read2) for LookInStream_Read2
    7zStream.o(i.LookToRead2_CreateVTable) refers to 7zStream.o(i.LookToRead2_Look_Lookahead) for LookToRead2_Look_Lookahead
    7zStream.o(i.LookToRead2_CreateVTable) refers to 7zStream.o(i.LookToRead2_Look_Exact) for LookToRead2_Look_Exact
    7zStream.o(i.LookToRead2_CreateVTable) refers to 7zStream.o(i.LookToRead2_Skip) for LookToRead2_Skip
    7zStream.o(i.LookToRead2_CreateVTable) refers to 7zStream.o(i.LookToRead2_Read) for LookToRead2_Read
    7zStream.o(i.LookToRead2_CreateVTable) refers to 7zStream.o(i.LookToRead2_Seek) for LookToRead2_Seek
    7zStream.o(i.LookToRead2_Read) refers to memcpya.o(.text) for __aeabi_memcpy
    7zStream.o(i.SecToLook_CreateVTable) refers to 7zStream.o(i.SecToLook_Read) for SecToLook_Read
    7zStream.o(i.SecToLook_Read) refers to 7zStream.o(i.LookInStream_LookRead) for LookInStream_LookRead
    7zStream.o(i.SecToRead_CreateVTable) refers to 7zStream.o(i.SecToRead_Read) for SecToRead_Read
    7zStream.o(i.SeqInStream_Read) refers to 7zStream.o(i.SeqInStream_Read2) for SeqInStream_Read2
    alloc.o(i.MyAlloc) refers to malloc.o(i.malloc) for malloc
    alloc.o(i.MyFree) refers to malloc.o(i.free) for free
    alloc.o(i.SzAlloc) refers to alloc.o(i.MyAlloc) for MyAlloc
    alloc.o(i.SzBigAlloc) refers to alloc.o(i.MyAlloc) for MyAlloc
    alloc.o(i.SzBigFree) refers to malloc.o(i.free) for free
    alloc.o(i.SzFree) refers to malloc.o(i.free) for free
    alloc.o(.constdata) refers to alloc.o(i.SzAlloc) for SzAlloc
    alloc.o(.constdata) refers to alloc.o(i.SzFree) for SzFree
    alloc.o(.constdata) refers to alloc.o(i.SzBigAlloc) for SzBigAlloc
    alloc.o(.constdata) refers to alloc.o(i.SzBigFree) for SzBigFree
    lzmaDec.o(i.LzmaDec_Allocate) refers to lzmaDec.o(i.LzmaProps_Decode) for LzmaProps_Decode
    lzmaDec.o(i.LzmaDec_Allocate) refers to lzmaDec.o(i.LzmaDec_AllocateProbs2) for LzmaDec_AllocateProbs2
    lzmaDec.o(i.LzmaDec_Allocate) refers to lzmaDec.o(i.LzmaDec_FreeDict) for LzmaDec_FreeDict
    lzmaDec.o(i.LzmaDec_Allocate) refers to lzmaDec.o(i.LzmaDec_FreeProbs) for LzmaDec_FreeProbs
    lzmaDec.o(i.LzmaDec_AllocateProbs) refers to lzmaDec.o(i.LzmaProps_Decode) for LzmaProps_Decode
    lzmaDec.o(i.LzmaDec_AllocateProbs) refers to lzmaDec.o(i.LzmaDec_AllocateProbs2) for LzmaDec_AllocateProbs2
    lzmaDec.o(i.LzmaDec_AllocateProbs2) refers to lzmaDec.o(i.LzmaDec_FreeProbs) for LzmaDec_FreeProbs
    lzmaDec.o(i.LzmaDec_DecodeReal2) refers to lzmaDec.o(i.LzmaDec_DecodeReal) for LzmaDec_DecodeReal
    lzmaDec.o(i.LzmaDec_DecodeReal2) refers to lzmaDec.o(i.LzmaDec_WriteRem) for LzmaDec_WriteRem
    lzmaDec.o(i.LzmaDec_DecodeToBuf) refers to lzmaDec.o(i.LzmaDec_DecodeToDic) for LzmaDec_DecodeToDic
    lzmaDec.o(i.LzmaDec_DecodeToBuf) refers to memcpya.o(.text) for __aeabi_memcpy
    lzmaDec.o(i.LzmaDec_DecodeToDic) refers to lzmaDec.o(i.LzmaDec_WriteRem) for LzmaDec_WriteRem
    lzmaDec.o(i.LzmaDec_DecodeToDic) refers to lzmaDec.o(i.LzmaDec_TryDummy) for LzmaDec_TryDummy
    lzmaDec.o(i.LzmaDec_DecodeToDic) refers to memcpya.o(.text) for __aeabi_memcpy
    lzmaDec.o(i.LzmaDec_DecodeToDic) refers to lzmaDec.o(i.LzmaDec_DecodeReal2) for LzmaDec_DecodeReal2
    lzmaDec.o(i.LzmaDec_Free) refers to lzmaDec.o(i.LzmaDec_FreeProbs) for LzmaDec_FreeProbs
    lzmaDec.o(i.LzmaDec_Free) refers to lzmaDec.o(i.LzmaDec_FreeDict) for LzmaDec_FreeDict
    lzmaDec.o(i.LzmaDec_Init) refers to lzmaDec.o(i.LzmaDec_InitDicAndState) for LzmaDec_InitDicAndState
    lzmaDec.o(i.LzmaDecode) refers to lzmaDec.o(i.LzmaDec_AllocateProbs) for LzmaDec_AllocateProbs
    lzmaDec.o(i.LzmaDecode) refers to lzmaDec.o(i.LzmaDec_Init) for LzmaDec_Init
    lzmaDec.o(i.LzmaDecode) refers to lzmaDec.o(i.LzmaDec_DecodeToDic) for LzmaDec_DecodeToDic
    lzmaDec.o(i.LzmaDecode) refers to lzmaDec.o(i.LzmaDec_FreeProbs) for LzmaDec_FreeProbs
    entry.o(.ARM.Collect$$$$00000000) refers (Special) to entry10a.o(.ARM.Collect$$$$0000000D) for __rt_final_cpp
    entry.o(.ARM.Collect$$$$00000000) refers (Special) to entry11a.o(.ARM.Collect$$$$0000000F) for __rt_final_exit
    entry.o(.ARM.Collect$$$$00000000) refers (Special) to entry7b.o(.ARM.Collect$$$$00000008) for _main_clock
    entry.o(.ARM.Collect$$$$00000000) refers (Special) to entry8b.o(.ARM.Collect$$$$0000000A) for _main_cpp_init
    entry.o(.ARM.Collect$$$$00000000) refers (Special) to entry9a.o(.ARM.Collect$$$$0000000B) for _main_init
    entry.o(.ARM.Collect$$$$00000000) refers (Special) to entry5.o(.ARM.Collect$$$$00000004) for _main_scatterload
    entry.o(.ARM.Collect$$$$00000000) refers (Special) to entry2.o(.ARM.Collect$$$$00000001) for _main_stk
    printfb.o(i.__0fprintf$bare) refers to printfb.o(i._printf_core) for _printf_core
    printfb.o(i.__0fprintf$bare) refers to retarget.o(i.fputc) for fputc
    printfb.o(i.__0printf$bare) refers to printfb.o(i._printf_core) for _printf_core
    printfb.o(i.__0printf$bare) refers to retarget.o(i.fputc) for fputc
    printfb.o(i.__0printf$bare) refers to stdout.o(.data) for __stdout
    printfb.o(i.__0snprintf$bare) refers to printfb.o(i._printf_core) for _printf_core
    printfb.o(i.__0snprintf$bare) refers to printfb.o(i._snputc) for _snputc
    printfb.o(i.__0sprintf$bare) refers to printfb.o(i._printf_core) for _printf_core
    printfb.o(i.__0sprintf$bare) refers to printfb.o(i._sputc) for _sputc
    printfb.o(i.__0vfprintf$bare) refers to printfb.o(i._printf_core) for _printf_core
    printfb.o(i.__0vfprintf$bare) refers to retarget.o(i.fputc) for fputc
    printfb.o(i.__0vprintf$bare) refers to printfb.o(i._printf_core) for _printf_core
    printfb.o(i.__0vprintf$bare) refers to retarget.o(i.fputc) for fputc
    printfb.o(i.__0vprintf$bare) refers to stdout.o(.data) for __stdout
    printfb.o(i.__0vsnprintf$bare) refers to printfb.o(i._printf_core) for _printf_core
    printfb.o(i.__0vsnprintf$bare) refers to printfb.o(i._snputc) for _snputc
    printfb.o(i.__0vsprintf$bare) refers to printfb.o(i._printf_core) for _printf_core
    printfb.o(i.__0vsprintf$bare) refers to printfb.o(i._sputc) for _sputc
    printf0.o(i.__0fprintf$0) refers to printf0.o(i._printf_core) for _printf_core
    printf0.o(i.__0fprintf$0) refers to retarget.o(i.fputc) for fputc
    printf0.o(i.__0printf$0) refers to printf0.o(i._printf_core) for _printf_core
    printf0.o(i.__0printf$0) refers to retarget.o(i.fputc) for fputc
    printf0.o(i.__0printf$0) refers to stdout.o(.data) for __stdout
    printf0.o(i.__0snprintf$0) refers to printf0.o(i._printf_core) for _printf_core
    printf0.o(i.__0snprintf$0) refers to printf0.o(i._snputc) for _snputc
    printf0.o(i.__0sprintf$0) refers to printf0.o(i._printf_core) for _printf_core
    printf0.o(i.__0sprintf$0) refers to printf0.o(i._sputc) for _sputc
    printf0.o(i.__0vfprintf$0) refers to printf0.o(i._printf_core) for _printf_core
    printf0.o(i.__0vfprintf$0) refers to retarget.o(i.fputc) for fputc
    printf0.o(i.__0vprintf$0) refers to printf0.o(i._printf_core) for _printf_core
    printf0.o(i.__0vprintf$0) refers to retarget.o(i.fputc) for fputc
    printf0.o(i.__0vprintf$0) refers to stdout.o(.data) for __stdout
    printf0.o(i.__0vsnprintf$0) refers to printf0.o(i._printf_core) for _printf_core
    printf0.o(i.__0vsnprintf$0) refers to printf0.o(i._snputc) for _snputc
    printf0.o(i.__0vsprintf$0) refers to printf0.o(i._printf_core) for _printf_core
    printf0.o(i.__0vsprintf$0) refers to printf0.o(i._sputc) for _sputc
    printf1.o(i.__0fprintf$1) refers to printf1.o(i._printf_core) for _printf_core
    printf1.o(i.__0fprintf$1) refers to retarget.o(i.fputc) for fputc
    printf1.o(i.__0printf$1) refers to printf1.o(i._printf_core) for _printf_core
    printf1.o(i.__0printf$1) refers to retarget.o(i.fputc) for fputc
    printf1.o(i.__0printf$1) refers to stdout.o(.data) for __stdout
    printf1.o(i.__0snprintf$1) refers to printf1.o(i._printf_core) for _printf_core
    printf1.o(i.__0snprintf$1) refers to printf1.o(i._snputc) for _snputc
    printf1.o(i.__0sprintf$1) refers to printf1.o(i._printf_core) for _printf_core
    printf1.o(i.__0sprintf$1) refers to printf1.o(i._sputc) for _sputc
    printf1.o(i.__0vfprintf$1) refers to printf1.o(i._printf_core) for _printf_core
    printf1.o(i.__0vfprintf$1) refers to retarget.o(i.fputc) for fputc
    printf1.o(i.__0vprintf$1) refers to printf1.o(i._printf_core) for _printf_core
    printf1.o(i.__0vprintf$1) refers to retarget.o(i.fputc) for fputc
    printf1.o(i.__0vprintf$1) refers to stdout.o(.data) for __stdout
    printf1.o(i.__0vsnprintf$1) refers to printf1.o(i._printf_core) for _printf_core
    printf1.o(i.__0vsnprintf$1) refers to printf1.o(i._snputc) for _snputc
    printf1.o(i.__0vsprintf$1) refers to printf1.o(i._printf_core) for _printf_core
    printf1.o(i.__0vsprintf$1) refers to printf1.o(i._sputc) for _sputc
    printf1.o(i._printf_core) refers to uidiv.o(.text) for __aeabi_uidivmod
    printf2.o(i.__0fprintf$2) refers to printf2.o(i._printf_core) for _printf_core
    printf2.o(i.__0fprintf$2) refers to retarget.o(i.fputc) for fputc
    printf2.o(i.__0printf$2) refers to printf2.o(i._printf_core) for _printf_core
    printf2.o(i.__0printf$2) refers to retarget.o(i.fputc) for fputc
    printf2.o(i.__0printf$2) refers to stdout.o(.data) for __stdout
    printf2.o(i.__0snprintf$2) refers to printf2.o(i._printf_core) for _printf_core
    printf2.o(i.__0snprintf$2) refers to printf2.o(i._snputc) for _snputc
    printf2.o(i.__0sprintf$2) refers to printf2.o(i._printf_core) for _printf_core
    printf2.o(i.__0sprintf$2) refers to printf2.o(i._sputc) for _sputc
    printf2.o(i.__0vfprintf$2) refers to printf2.o(i._printf_core) for _printf_core
    printf2.o(i.__0vfprintf$2) refers to retarget.o(i.fputc) for fputc
    printf2.o(i.__0vprintf$2) refers to printf2.o(i._printf_core) for _printf_core
    printf2.o(i.__0vprintf$2) refers to retarget.o(i.fputc) for fputc
    printf2.o(i.__0vprintf$2) refers to stdout.o(.data) for __stdout
    printf2.o(i.__0vsnprintf$2) refers to printf2.o(i._printf_core) for _printf_core
    printf2.o(i.__0vsnprintf$2) refers to printf2.o(i._snputc) for _snputc
    printf2.o(i.__0vsprintf$2) refers to printf2.o(i._printf_core) for _printf_core
    printf2.o(i.__0vsprintf$2) refers to printf2.o(i._sputc) for _sputc
    printf3.o(i.__0fprintf$3) refers to printf3.o(i._printf_core) for _printf_core
    printf3.o(i.__0fprintf$3) refers to retarget.o(i.fputc) for fputc
    printf3.o(i.__0printf$3) refers to printf3.o(i._printf_core) for _printf_core
    printf3.o(i.__0printf$3) refers to retarget.o(i.fputc) for fputc
    printf3.o(i.__0printf$3) refers to stdout.o(.data) for __stdout
    printf3.o(i.__0snprintf$3) refers to printf3.o(i._printf_core) for _printf_core
    printf3.o(i.__0snprintf$3) refers to printf3.o(i._snputc) for _snputc
    printf3.o(i.__0sprintf$3) refers to printf3.o(i._printf_core) for _printf_core
    printf3.o(i.__0sprintf$3) refers to printf3.o(i._sputc) for _sputc
    printf3.o(i.__0vfprintf$3) refers to printf3.o(i._printf_core) for _printf_core
    printf3.o(i.__0vfprintf$3) refers to retarget.o(i.fputc) for fputc
    printf3.o(i.__0vprintf$3) refers to printf3.o(i._printf_core) for _printf_core
    printf3.o(i.__0vprintf$3) refers to retarget.o(i.fputc) for fputc
    printf3.o(i.__0vprintf$3) refers to stdout.o(.data) for __stdout
    printf3.o(i.__0vsnprintf$3) refers to printf3.o(i._printf_core) for _printf_core
    printf3.o(i.__0vsnprintf$3) refers to printf3.o(i._snputc) for _snputc
    printf3.o(i.__0vsprintf$3) refers to printf3.o(i._printf_core) for _printf_core
    printf3.o(i.__0vsprintf$3) refers to printf3.o(i._sputc) for _sputc
    printf3.o(i._printf_core) refers to uidiv.o(.text) for __aeabi_uidivmod
    printf4.o(i.__0fprintf$4) refers to printf4.o(i._printf_core) for _printf_core
    printf4.o(i.__0fprintf$4) refers to retarget.o(i.fputc) for fputc
    printf4.o(i.__0printf$4) refers to printf4.o(i._printf_core) for _printf_core
    printf4.o(i.__0printf$4) refers to retarget.o(i.fputc) for fputc
    printf4.o(i.__0printf$4) refers to stdout.o(.data) for __stdout
    printf4.o(i.__0snprintf$4) refers to printf4.o(i._printf_core) for _printf_core
    printf4.o(i.__0snprintf$4) refers to printf4.o(i._snputc) for _snputc
    printf4.o(i.__0sprintf$4) refers to printf4.o(i._printf_core) for _printf_core
    printf4.o(i.__0sprintf$4) refers to printf4.o(i._sputc) for _sputc
    printf4.o(i.__0vfprintf$4) refers to printf4.o(i._printf_core) for _printf_core
    printf4.o(i.__0vfprintf$4) refers to retarget.o(i.fputc) for fputc
    printf4.o(i.__0vprintf$4) refers to printf4.o(i._printf_core) for _printf_core
    printf4.o(i.__0vprintf$4) refers to retarget.o(i.fputc) for fputc
    printf4.o(i.__0vprintf$4) refers to stdout.o(.data) for __stdout
    printf4.o(i.__0vsnprintf$4) refers to printf4.o(i._printf_core) for _printf_core
    printf4.o(i.__0vsnprintf$4) refers to printf4.o(i._snputc) for _snputc
    printf4.o(i.__0vsprintf$4) refers to printf4.o(i._printf_core) for _printf_core
    printf4.o(i.__0vsprintf$4) refers to printf4.o(i._sputc) for _sputc
    printf4.o(i._printf_core) refers to uldiv.o(.text) for __aeabi_uldivmod
    printf5.o(i.__0fprintf$5) refers to printf5.o(i._printf_core) for _printf_core
    printf5.o(i.__0fprintf$5) refers to retarget.o(i.fputc) for fputc
    printf5.o(i.__0printf$5) refers to printf5.o(i._printf_core) for _printf_core
    printf5.o(i.__0printf$5) refers to retarget.o(i.fputc) for fputc
    printf5.o(i.__0printf$5) refers to stdout.o(.data) for __stdout
    printf5.o(i.__0snprintf$5) refers to printf5.o(i._printf_core) for _printf_core
    printf5.o(i.__0snprintf$5) refers to printf5.o(i._snputc) for _snputc
    printf5.o(i.__0sprintf$5) refers to printf5.o(i._printf_core) for _printf_core
    printf5.o(i.__0sprintf$5) refers to printf5.o(i._sputc) for _sputc
    printf5.o(i.__0vfprintf$5) refers to printf5.o(i._printf_core) for _printf_core
    printf5.o(i.__0vfprintf$5) refers to retarget.o(i.fputc) for fputc
    printf5.o(i.__0vprintf$5) refers to printf5.o(i._printf_core) for _printf_core
    printf5.o(i.__0vprintf$5) refers to retarget.o(i.fputc) for fputc
    printf5.o(i.__0vprintf$5) refers to stdout.o(.data) for __stdout
    printf5.o(i.__0vsnprintf$5) refers to printf5.o(i._printf_core) for _printf_core
    printf5.o(i.__0vsnprintf$5) refers to printf5.o(i._snputc) for _snputc
    printf5.o(i.__0vsprintf$5) refers to printf5.o(i._printf_core) for _printf_core
    printf5.o(i.__0vsprintf$5) refers to printf5.o(i._sputc) for _sputc
    printf5.o(i._printf_core) refers to uldiv.o(.text) for __aeabi_uldivmod
    printf6.o(i.__0fprintf$6) refers to printf6.o(i._printf_core) for _printf_core
    printf6.o(i.__0fprintf$6) refers to retarget.o(i.fputc) for fputc
    printf6.o(i.__0printf$6) refers to printf6.o(i._printf_core) for _printf_core
    printf6.o(i.__0printf$6) refers to retarget.o(i.fputc) for fputc
    printf6.o(i.__0printf$6) refers to stdout.o(.data) for __stdout
    printf6.o(i.__0snprintf$6) refers to printf6.o(i._printf_core) for _printf_core
    printf6.o(i.__0snprintf$6) refers to printf6.o(i._snputc) for _snputc
    printf6.o(i.__0sprintf$6) refers to printf6.o(i._printf_core) for _printf_core
    printf6.o(i.__0sprintf$6) refers to printf6.o(i._sputc) for _sputc
    printf6.o(i.__0vfprintf$6) refers to printf6.o(i._printf_core) for _printf_core
    printf6.o(i.__0vfprintf$6) refers to retarget.o(i.fputc) for fputc
    printf6.o(i.__0vprintf$6) refers to printf6.o(i._printf_core) for _printf_core
    printf6.o(i.__0vprintf$6) refers to retarget.o(i.fputc) for fputc
    printf6.o(i.__0vprintf$6) refers to stdout.o(.data) for __stdout
    printf6.o(i.__0vsnprintf$6) refers to printf6.o(i._printf_core) for _printf_core
    printf6.o(i.__0vsnprintf$6) refers to printf6.o(i._snputc) for _snputc
    printf6.o(i.__0vsprintf$6) refers to printf6.o(i._printf_core) for _printf_core
    printf6.o(i.__0vsprintf$6) refers to printf6.o(i._sputc) for _sputc
    printf6.o(i._printf_core) refers to printf6.o(i._printf_pre_padding) for _printf_pre_padding
    printf6.o(i._printf_core) refers to uidiv.o(.text) for __aeabi_uidivmod
    printf6.o(i._printf_core) refers to printf6.o(i._printf_post_padding) for _printf_post_padding
    printf7.o(i.__0fprintf$7) refers to printf7.o(i._printf_core) for _printf_core
    printf7.o(i.__0fprintf$7) refers to retarget.o(i.fputc) for fputc
    printf7.o(i.__0printf$7) refers to printf7.o(i._printf_core) for _printf_core
    printf7.o(i.__0printf$7) refers to retarget.o(i.fputc) for fputc
    printf7.o(i.__0printf$7) refers to stdout.o(.data) for __stdout
    printf7.o(i.__0snprintf$7) refers to printf7.o(i._printf_core) for _printf_core
    printf7.o(i.__0snprintf$7) refers to printf7.o(i._snputc) for _snputc
    printf7.o(i.__0sprintf$7) refers to printf7.o(i._printf_core) for _printf_core
    printf7.o(i.__0sprintf$7) refers to printf7.o(i._sputc) for _sputc
    printf7.o(i.__0vfprintf$7) refers to printf7.o(i._printf_core) for _printf_core
    printf7.o(i.__0vfprintf$7) refers to retarget.o(i.fputc) for fputc
    printf7.o(i.__0vprintf$7) refers to printf7.o(i._printf_core) for _printf_core
    printf7.o(i.__0vprintf$7) refers to retarget.o(i.fputc) for fputc
    printf7.o(i.__0vprintf$7) refers to stdout.o(.data) for __stdout
    printf7.o(i.__0vsnprintf$7) refers to printf7.o(i._printf_core) for _printf_core
    printf7.o(i.__0vsnprintf$7) refers to printf7.o(i._snputc) for _snputc
    printf7.o(i.__0vsprintf$7) refers to printf7.o(i._printf_core) for _printf_core
    printf7.o(i.__0vsprintf$7) refers to printf7.o(i._sputc) for _sputc
    printf7.o(i._printf_core) refers to printf7.o(i._printf_pre_padding) for _printf_pre_padding
    printf7.o(i._printf_core) refers to uldiv.o(.text) for __aeabi_uldivmod
    printf7.o(i._printf_core) refers to printf7.o(i._printf_post_padding) for _printf_post_padding
    printf8.o(i.__0fprintf$8) refers to printf8.o(i._printf_core) for _printf_core
    printf8.o(i.__0fprintf$8) refers to retarget.o(i.fputc) for fputc
    printf8.o(i.__0printf$8) refers to printf8.o(i._printf_core) for _printf_core
    printf8.o(i.__0printf$8) refers to retarget.o(i.fputc) for fputc
    printf8.o(i.__0printf$8) refers to stdout.o(.data) for __stdout
    printf8.o(i.__0snprintf$8) refers to printf8.o(i._printf_core) for _printf_core
    printf8.o(i.__0snprintf$8) refers to printf8.o(i._snputc) for _snputc
    printf8.o(i.__0sprintf$8) refers to printf8.o(i._printf_core) for _printf_core
    printf8.o(i.__0sprintf$8) refers to printf8.o(i._sputc) for _sputc
    printf8.o(i.__0vfprintf$8) refers to printf8.o(i._printf_core) for _printf_core
    printf8.o(i.__0vfprintf$8) refers to retarget.o(i.fputc) for fputc
    printf8.o(i.__0vprintf$8) refers to printf8.o(i._printf_core) for _printf_core
    printf8.o(i.__0vprintf$8) refers to retarget.o(i.fputc) for fputc
    printf8.o(i.__0vprintf$8) refers to stdout.o(.data) for __stdout
    printf8.o(i.__0vsnprintf$8) refers to printf8.o(i._printf_core) for _printf_core
    printf8.o(i.__0vsnprintf$8) refers to printf8.o(i._snputc) for _snputc
    printf8.o(i.__0vsprintf$8) refers to printf8.o(i._printf_core) for _printf_core
    printf8.o(i.__0vsprintf$8) refers to printf8.o(i._sputc) for _sputc
    printf8.o(i._printf_core) refers to printf8.o(i._printf_pre_padding) for _printf_pre_padding
    printf8.o(i._printf_core) refers to uldiv.o(.text) for __aeabi_uldivmod
    printf8.o(i._printf_core) refers to printf8.o(i._printf_post_padding) for _printf_post_padding
    printfa.o(i.__0fprintf) refers (Special) to iusefp.o(.text) for __I$use$fp
    printfa.o(i.__0fprintf) refers to printfa.o(i._printf_core) for _printf_core
    printfa.o(i.__0fprintf) refers to retarget.o(i.fputc) for fputc
    printfa.o(i.__0printf) refers (Special) to iusefp.o(.text) for __I$use$fp
    printfa.o(i.__0printf) refers to printfa.o(i._printf_core) for _printf_core
    printfa.o(i.__0printf) refers to retarget.o(i.fputc) for fputc
    printfa.o(i.__0printf) refers to stdout.o(.data) for __stdout
    printfa.o(i.__0snprintf) refers (Special) to iusefp.o(.text) for __I$use$fp
    printfa.o(i.__0snprintf) refers to printfa.o(i._printf_core) for _printf_core
    printfa.o(i.__0snprintf) refers to printfa.o(i._snputc) for _snputc
    printfa.o(i.__0sprintf) refers (Special) to iusefp.o(.text) for __I$use$fp
    printfa.o(i.__0sprintf) refers to printfa.o(i._printf_core) for _printf_core
    printfa.o(i.__0sprintf) refers to printfa.o(i._sputc) for _sputc
    printfa.o(i.__0vfprintf) refers (Special) to iusefp.o(.text) for __I$use$fp
    printfa.o(i.__0vfprintf) refers to printfa.o(i._printf_core) for _printf_core
    printfa.o(i.__0vfprintf) refers to retarget.o(i.fputc) for fputc
    printfa.o(i.__0vprintf) refers (Special) to iusefp.o(.text) for __I$use$fp
    printfa.o(i.__0vprintf) refers to printfa.o(i._printf_core) for _printf_core
    printfa.o(i.__0vprintf) refers to retarget.o(i.fputc) for fputc
    printfa.o(i.__0vprintf) refers to stdout.o(.data) for __stdout
    printfa.o(i.__0vsnprintf) refers (Special) to iusefp.o(.text) for __I$use$fp
    printfa.o(i.__0vsnprintf) refers to printfa.o(i._printf_core) for _printf_core
    printfa.o(i.__0vsnprintf) refers to printfa.o(i._snputc) for _snputc
    printfa.o(i.__0vsprintf) refers (Special) to iusefp.o(.text) for __I$use$fp
    printfa.o(i.__0vsprintf) refers to printfa.o(i._printf_core) for _printf_core
    printfa.o(i.__0vsprintf) refers to printfa.o(i._sputc) for _sputc
    printfa.o(i._fp_digits) refers (Special) to iusefp.o(.text) for __I$use$fp
    printfa.o(i._fp_digits) refers to dmul.o(.text) for __aeabi_dmul
    printfa.o(i._fp_digits) refers to ddiv.o(.text) for __aeabi_ddiv
    printfa.o(i._fp_digits) refers to cdrcmple.o(.text) for __aeabi_cdrcmple
    printfa.o(i._fp_digits) refers to dadd.o(.text) for __aeabi_dadd
    printfa.o(i._fp_digits) refers to dfixul.o(.text) for __aeabi_d2ulz
    printfa.o(i._fp_digits) refers to uldiv.o(.text) for __aeabi_uldivmod
    printfa.o(i._printf_core) refers (Special) to iusefp.o(.text) for __I$use$fp
    printfa.o(i._printf_core) refers to printfa.o(i._printf_pre_padding) for _printf_pre_padding
    printfa.o(i._printf_core) refers to uldiv.o(.text) for __aeabi_uldivmod
    printfa.o(i._printf_core) refers to printfa.o(i._printf_post_padding) for _printf_post_padding
    printfa.o(i._printf_core) refers to printfa.o(i._fp_digits) for _fp_digits
    printfa.o(i._printf_core) refers to uidiv.o(.text) for __aeabi_uidivmod
    printfa.o(i._printf_post_padding) refers (Special) to iusefp.o(.text) for __I$use$fp
    printfa.o(i._printf_pre_padding) refers (Special) to iusefp.o(.text) for __I$use$fp
    printfa.o(i._snputc) refers (Special) to iusefp.o(.text) for __I$use$fp
    printfa.o(i._sputc) refers (Special) to iusefp.o(.text) for __I$use$fp
    malloc.o(i.free) refers to mvars.o(.data) for __microlib_freelist
    malloc.o(i.malloc) refers to mvars.o(.data) for __microlib_freelist_initialised
    malloc.o(i.malloc) refers to mvars.o(.data) for __microlib_freelist
    malloc.o(i.malloc) refers to startup_rda5981.o(HEAP) for __heap_base
    mallocr.o(i.__free$realloc) refers to mvars.o(.data) for __microlib_freelist
    mallocr.o(i.__malloc$realloc) refers to mallocr.o(i.internal_alloc) for internal_alloc
    mallocr.o(i.__malloc$realloc) refers to mvars.o(.data) for __microlib_freelist_initialised
    mallocr.o(i.__malloc$realloc) refers to startup_rda5981.o(HEAP) for __heap_base
    mallocr.o(i.__malloc$realloc) refers to mvars.o(.data) for __microlib_freelist
    mallocr.o(i.internal_alloc) refers to memcpya.o(.text) for __aeabi_memcpy
    mallocr.o(i.internal_alloc) refers to mvars.o(.data) for __microlib_freelist
    mallocr.o(i.realloc) refers to mallocr.o(i.__free$realloc) for __free$realloc
    mallocr.o(i.realloc) refers to mallocr.o(i.internal_alloc) for internal_alloc
    mallocr.o(i.realloc) refers to mallocr.o(i.__malloc$realloc) for __malloc$realloc
    mallocr.o(i.realloc) refers to mvars.o(.data) for __microlib_freelist
    malloca.o(i.__aligned_malloc) refers to mvars.o(.data) for __microlib_freelist_initialised
    malloca.o(i.__aligned_malloc) refers to mvars.o(.data) for __microlib_freelist
    malloca.o(i.__aligned_malloc) refers to startup_rda5981.o(HEAP) for __heap_base
    malloca.o(i.__free$memalign) refers to mvars.o(.data) for __microlib_freelist
    malloca.o(i.__malloc$memalign) refers to malloca.o(i.__aligned_malloc) for __aligned_malloc
    mallocra.o(i.__aligned_malloc$realloc) refers to mallocra.o(i.internal_alloc) for internal_alloc
    mallocra.o(i.__aligned_malloc$realloc) refers to mvars.o(.data) for __microlib_freelist_initialised
    mallocra.o(i.__aligned_malloc$realloc) refers to startup_rda5981.o(HEAP) for __heap_base
    mallocra.o(i.__aligned_malloc$realloc) refers to mvars.o(.data) for __microlib_freelist
    mallocra.o(i.__free$realloc$memalign) refers to mvars.o(.data) for __microlib_freelist
    mallocra.o(i.__malloc$realloc$memalign) refers to mallocra.o(i.__aligned_malloc$realloc) for __aligned_malloc$realloc
    mallocra.o(i.__realloc$memalign) refers to mallocra.o(i.__free$realloc$memalign) for __free$realloc$memalign
    mallocra.o(i.__realloc$memalign) refers to mallocra.o(i.internal_alloc) for internal_alloc
    mallocra.o(i.__realloc$memalign) refers to mallocra.o(i.__malloc$realloc$memalign) for __malloc$realloc$memalign
    mallocra.o(i.__realloc$memalign) refers to mvars.o(.data) for __microlib_freelist
    mallocra.o(i.internal_alloc) refers to memcpya.o(.text) for __aeabi_memcpy
    mallocra.o(i.internal_alloc) refers to mvars.o(.data) for __microlib_freelist
    entry2.o(.ARM.Collect$$$$00000001) refers to entry2.o(.ARM.Collect$$$$00002712) for __lit__00000000
    entry2.o(.ARM.Collect$$$$00002712) refers to startup_rda5981.o(STACK) for __initial_sp
    entry2.o(__vectab_stack_and_reset_area) refers to startup_rda5981.o(STACK) for __initial_sp
    entry2.o(__vectab_stack_and_reset_area) refers to entry.o(.ARM.Collect$$$$00000000) for __main
    entry5.o(.ARM.Collect$$$$00000004) refers to init.o(.text) for __scatterload
    entry9a.o(.ARM.Collect$$$$0000000B) refers to main.o(i.main) for main
    entry9b.o(.ARM.Collect$$$$0000000C) refers to main.o(i.main) for main
    uldiv.o(.text) refers to llushr.o(.text) for __aeabi_llsr
    uldiv.o(.text) refers to llshl.o(.text) for __aeabi_llsl
    dadd.o(.text) refers to llshl.o(.text) for __aeabi_llsl
    dadd.o(.text) refers to llsshr.o(.text) for __aeabi_lasr
    dadd.o(.text) refers to depilogue.o(.text) for _double_epilogue
    dmul.o(.text) refers to depilogue.o(.text) for _double_epilogue
    ddiv.o(.text) refers to depilogue.o(.text) for _double_round
    dfixul.o(.text) refers to llushr.o(.text) for __aeabi_llsr
    dfixul.o(.text) refers to llshl.o(.text) for __aeabi_llsl
    init.o(.text) refers to entry5.o(.ARM.Collect$$$$00000004) for __main_after_scatterload
    depilogue.o(.text) refers to llshl.o(.text) for __aeabi_llsl
    depilogue.o(.text) refers to llushr.o(.text) for __aeabi_llsr


==============================================================================

Removing Unused input sections from the image.

    Removing flash_layout.o(.constdata), (136 bytes).
    Removing flash_layout.o(.constdata), (144 bytes).
    Removing bootloader_ping_pong.o(i.bootloader_ping_pong_go), (88 bytes).
    Removing bootloader_ping_pong.o(i.bootloader_ping_pong_prepare), (4 bytes).
    Removing bootloader_ping_pong.o(i.bootloader_ping_pong_select), (4 bytes).
    Removing bootloader_ping_pong.o(i.get_ping_pong_boot_addr), (144 bytes).
    Removing bootloader_ping_pong.o(i.ping_pong_image_verify), (64 bytes).
    Removing bootloader_triple_area.o(i.bootloader_get_firmware_info), (12 bytes).
    Removing bootloader_triple_area.o(i.bootloader_triple_area_go), (88 bytes).
    Removing bootloader_triple_area.o(i.bootloader_triple_area_prepare), (4 bytes).
    Removing bootloader_triple_area.o(i.bootloader_triple_area_select), (24 bytes).
    Removing bootloader_triple_area.o(i.bootloader_upgrade), (144 bytes).
    Removing bootloader_triple_area.o(i.firmware_is_valid), (44 bytes).
    Removing bootloader_triple_area.o(i.image_get_item), (32 bytes).
    Removing bootloader_triple_area.o(i.image_is_valid), (20 bytes).
    Removing bootloader_triple_area.o(i.image_unpack), (136 bytes).
    Removing retarget.o(i._sys_write), (36 bytes).
    Removing retarget.o(i.fgetc), (6 bytes).
    Removing retarget.o(.constdata), (6 bytes).
    Removing retarget.o(.constdata), (7 bytes).
    Removing retarget.o(.constdata), (7 bytes).
    Removing drv_uart.o(i.uart_getc), (6 bytes).
    Removing drv_uart.o(i.uart_putc), (12 bytes).
    Removing rda_api.o(i.erase_sector), (64 bytes).
    Removing rda_api.o(i.read_flash), (76 bytes).
    Removing 7zStream.o(i.LookInStream_LookRead), (46 bytes).
    Removing 7zStream.o(i.LookInStream_Read), (6 bytes).
    Removing 7zStream.o(i.LookInStream_Read2), (48 bytes).
    Removing 7zStream.o(i.LookInStream_SeekTo), (16 bytes).
    Removing 7zStream.o(i.LookToRead2_CreateVTable), (44 bytes).
    Removing 7zStream.o(i.LookToRead2_Look_Exact), (74 bytes).
    Removing 7zStream.o(i.LookToRead2_Look_Lookahead), (72 bytes).
    Removing 7zStream.o(i.LookToRead2_Read), (64 bytes).
    Removing 7zStream.o(i.LookToRead2_Seek), (12 bytes).
    Removing 7zStream.o(i.LookToRead2_Skip), (10 bytes).
    Removing 7zStream.o(i.SecToLook_CreateVTable), (12 bytes).
    Removing 7zStream.o(i.SecToLook_Read), (6 bytes).
    Removing 7zStream.o(i.SecToRead_CreateVTable), (12 bytes).
    Removing 7zStream.o(i.SecToRead_Read), (6 bytes).
    Removing 7zStream.o(i.SeqInStream_ReadByte), (30 bytes).
    Removing alloc.o(i.MyFree), (4 bytes).
    Removing alloc.o(i.SzBigAlloc), (6 bytes).
    Removing alloc.o(i.SzBigFree), (6 bytes).
    Removing alloc.o(.constdata), (8 bytes).
    Removing lzmaDec.o(i.LzmaDec_AllocateProbs), (44 bytes).
    Removing lzmaDec.o(i.LzmaDecode), (124 bytes).
    Removing dadd.o(.text), (334 bytes).
    Removing dmul.o(.text), (228 bytes).
    Removing ddiv.o(.text), (222 bytes).
    Removing dfixul.o(.text), (48 bytes).
    Removing cdrcmple.o(.text), (48 bytes).
    Removing depilogue.o(.text), (186 bytes).

52 unused section(s) (total 3024 bytes) removed from the image.

==============================================================================

Image Symbol Table

    Local Symbols

    Symbol Name                              Value     Ov Type        Size  Object(Section)

    ../clib/microlib/division.c              0x00000000   Number         0  uldiv.o ABSOLUTE
    ../clib/microlib/division.c              0x00000000   Number         0  uidiv.o ABSOLUTE
    ../clib/microlib/init/entry.s            0x00000000   Number         0  entry9b.o ABSOLUTE
    ../clib/microlib/init/entry.s            0x00000000   Number         0  entry.o ABSOLUTE
    ../clib/microlib/init/entry.s            0x00000000   Number         0  entry10a.o ABSOLUTE
    ../clib/microlib/init/entry.s            0x00000000   Number         0  entry11b.o ABSOLUTE
    ../clib/microlib/init/entry.s            0x00000000   Number         0  entry11a.o ABSOLUTE
    ../clib/microlib/init/entry.s            0x00000000   Number         0  entry2.o ABSOLUTE
    ../clib/microlib/init/entry.s            0x00000000   Number         0  entry5.o ABSOLUTE
    ../clib/microlib/init/entry.s            0x00000000   Number         0  entry10b.o ABSOLUTE
    ../clib/microlib/init/entry.s            0x00000000   Number         0  entry7a.o ABSOLUTE
    ../clib/microlib/init/entry.s            0x00000000   Number         0  entry7b.o ABSOLUTE
    ../clib/microlib/init/entry.s            0x00000000   Number         0  entry9a.o ABSOLUTE
    ../clib/microlib/init/entry.s            0x00000000   Number         0  entry8a.o ABSOLUTE
    ../clib/microlib/init/entry.s            0x00000000   Number         0  entry8b.o ABSOLUTE
    ../clib/microlib/longlong.c              0x00000000   Number         0  llshl.o ABSOLUTE
    ../clib/microlib/longlong.c              0x00000000   Number         0  llushr.o ABSOLUTE
    ../clib/microlib/longlong.c              0x00000000   Number         0  llsshr.o ABSOLUTE
    ../clib/microlib/malloc/malloc.c         0x00000000   Number         0  malloc.o ABSOLUTE
    ../clib/microlib/malloc/malloc.c         0x00000000   Number         0  mallocr.o ABSOLUTE
    ../clib/microlib/malloc/malloc.c         0x00000000   Number         0  malloca.o ABSOLUTE
    ../clib/microlib/malloc/malloc.c         0x00000000   Number         0  mallocra.o ABSOLUTE
    ../clib/microlib/malloc/mvars.c          0x00000000   Number         0  mvars.o ABSOLUTE
    ../clib/microlib/printf/printf.c         0x00000000   Number         0  printfa.o ABSOLUTE
    ../clib/microlib/printf/printf.c         0x00000000   Number         0  printf6.o ABSOLUTE
    ../clib/microlib/printf/printf.c         0x00000000   Number         0  printf8.o ABSOLUTE
    ../clib/microlib/printf/printf.c         0x00000000   Number         0  printfb.o ABSOLUTE
    ../clib/microlib/printf/printf.c         0x00000000   Number         0  printf0.o ABSOLUTE
    ../clib/microlib/printf/printf.c         0x00000000   Number         0  printf1.o ABSOLUTE
    ../clib/microlib/printf/printf.c         0x00000000   Number         0  printf2.o ABSOLUTE
    ../clib/microlib/printf/printf.c         0x00000000   Number         0  printf3.o ABSOLUTE
    ../clib/microlib/printf/printf.c         0x00000000   Number         0  printf4.o ABSOLUTE
    ../clib/microlib/printf/printf.c         0x00000000   Number         0  printf5.o ABSOLUTE
    ../clib/microlib/printf/printf.c         0x00000000   Number         0  printf7.o ABSOLUTE
    ../clib/microlib/printf/stubs.s          0x00000000   Number         0  stubs.o ABSOLUTE
    ../clib/microlib/stdio/streams.c         0x00000000   Number         0  stdout.o ABSOLUTE
    ../clib/microlib/string/memcpy.c         0x00000000   Number         0  memcpya.o ABSOLUTE
    ../clib/microlib/string/memcpy.c         0x00000000   Number         0  memcpyb.o ABSOLUTE
    ../clib/microlib/string/memset.c         0x00000000   Number         0  memseta.o ABSOLUTE
    ../clib/microlib/string/strcmp.c         0x00000000   Number         0  strcmp.o ABSOLUTE
    ../clib/microlib/stubs.s                 0x00000000   Number         0  iusefp.o ABSOLUTE
    ../clib/microlib/stubs.s                 0x00000000   Number         0  useno.o ABSOLUTE
    ../fplib/microlib/fpadd.c                0x00000000   Number         0  dadd.o ABSOLUTE
    ../fplib/microlib/fpdiv.c                0x00000000   Number         0  ddiv.o ABSOLUTE
    ../fplib/microlib/fpepilogue.c           0x00000000   Number         0  depilogue.o ABSOLUTE
    ../fplib/microlib/fpfix.c                0x00000000   Number         0  dfixul.o ABSOLUTE
    ../fplib/microlib/fpmul.c                0x00000000   Number         0  dmul.o ABSOLUTE
    bootloader\bootloader.c                  0x00000000   Number         0  bootloader.o ABSOLUTE
    bootloader\bootloader_copy.c             0x00000000   Number         0  bootloader_copy.o ABSOLUTE
    bootloader\bootloader_ping_pong.c        0x00000000   Number         0  bootloader_ping_pong.o ABSOLUTE
    bootloader\bootloader_triple_area.c      0x00000000   Number         0  bootloader_triple_area.o ABSOLUTE
    bootloader\crc32.c                       0x00000000   Number         0  crc32.o ABSOLUTE
    bootloader\firmware.c                    0x00000000   Number         0  firmware.o ABSOLUTE
    bootloader\hw\rda5981\flash.c            0x00000000   Number         0  flash.o ABSOLUTE
    bootloader\hw\rda5981\flash_layout.c     0x00000000   Number         0  flash_layout.o ABSOLUTE
    bootloader\image.c                       0x00000000   Number         0  image.o ABSOLUTE
    cdrcmple.s                               0x00000000   Number         0  cdrcmple.o ABSOLUTE
    dc.s                                     0x00000000   Number         0  dc.o ABSOLUTE
    hal\rda\board.c                          0x00000000   Number         0  board.o ABSOLUTE
    hal\rda\device\TOOLCHAIN_ARM_STD\startup_rda5981.s 0x00000000   Number         0  startup_rda5981.o ABSOLUTE
    hal\rda\device\rda5981\system_rda5981.c  0x00000000   Number         0  system_rda5981.o ABSOLUTE
    hal\rda\drv_uart.c                       0x00000000   Number         0  drv_uart.o ABSOLUTE
    hal\rda\rda_api.c                        0x00000000   Number         0  rda_api.o ABSOLUTE
    handlers.s                               0x00000000   Number         0  handlers.o ABSOLUTE
    init.s                                   0x00000000   Number         0  init.o ABSOLUTE
    lzma\7zFile.c                            0x00000000   Number         0  7zFile.o ABSOLUTE
    lzma\7zStream.c                          0x00000000   Number         0  7zStream.o ABSOLUTE
    lzma\Alloc.c                             0x00000000   Number         0  alloc.o ABSOLUTE
    lzma\Lzma.c                              0x00000000   Number         0  lzma.o ABSOLUTE
    lzma\LzmaDec.c                           0x00000000   Number         0  lzmaDec.o ABSOLUTE
    main\main.c                              0x00000000   Number         0  main.o ABSOLUTE
    main\retarget.c                          0x00000000   Number         0  retarget.o ABSOLUTE
    .data                                    0x00180000   Section        8  lzma.o(.data)
    .data                                    0x00180008   Section        4  stdout.o(.data)
    .data                                    0x0018000c   Section        4  mvars.o(.data)
    .data                                    0x00180010   Section        4  mvars.o(.data)
    .bss                                     0x00180014   Section     4096  flash.o(.bss)
    .bss                                     0x00181014   Section       16  7zFile.o(.bss)
    write_buf                                0x00181014   Data          16  7zFile.o(.bss)
    HEAP                                     0x00181028   Section    65536  startup_rda5981.o(HEAP)
    STACK                                    0x00191028   Section    32768  startup_rda5981.o(STACK)
    RESET                                    0x18001000   Section      124  startup_rda5981.o(RESET)
    .ARM.Collect$$$$00000000                 0x1800107c   Section        0  entry.o(.ARM.Collect$$$$00000000)
    .ARM.Collect$$$$00000001                 0x1800107c   Section        4  entry2.o(.ARM.Collect$$$$00000001)
    .ARM.Collect$$$$00000004                 0x18001080   Section        4  entry5.o(.ARM.Collect$$$$00000004)
    .ARM.Collect$$$$00000008                 0x18001084   Section        0  entry7b.o(.ARM.Collect$$$$00000008)
    .ARM.Collect$$$$0000000A                 0x18001084   Section        0  entry8b.o(.ARM.Collect$$$$0000000A)
    .ARM.Collect$$$$0000000B                 0x18001084   Section        8  entry9a.o(.ARM.Collect$$$$0000000B)
    .ARM.Collect$$$$0000000D                 0x1800108c   Section        0  entry10a.o(.ARM.Collect$$$$0000000D)
    .ARM.Collect$$$$0000000F                 0x1800108c   Section        0  entry11a.o(.ARM.Collect$$$$0000000F)
    .ARM.Collect$$$$00002712                 0x1800108c   Section        4  entry2.o(.ARM.Collect$$$$00002712)
    __lit__00000000                          0x1800108c   Data           4  entry2.o(.ARM.Collect$$$$00002712)
    .text                                    0x18001090   Section       44  startup_rda5981.o(.text)
    .text                                    0x180010bc   Section        0  llshl.o(.text)
    .text                                    0x180010da   Section        0  memcpya.o(.text)
    .text                                    0x180010fe   Section        0  memseta.o(.text)
    .text                                    0x18001122   Section        0  strcmp.o(.text)
    .text                                    0x1800113e   Section        0  uldiv.o(.text)
    .text                                    0x180011a0   Section       36  init.o(.text)
    .text                                    0x180011c4   Section        0  llushr.o(.text)
    i.Buf_Write                              0x180011e4   Section        0  7zFile.o(i.Buf_Write)
    Buf_Write                                0x180011e5   Thumb Code    98  7zFile.o(i.Buf_Write)
    i.Decode                                 0x1800126c   Section        0  lzma.o(i.Decode)
    Decode                                   0x1800126d   Thumb Code   112  lzma.o(i.Decode)
    i.Decode2                                0x180012e0   Section        0  lzma.o(i.Decode2)
    Decode2                                  0x180012e1   Thumb Code   298  lzma.o(i.Decode2)
    i.FileOutStream_CreateVTable             0x18001414   Section        0  7zFile.o(i.FileOutStream_CreateVTable)
    i.FileOutStream_Write                    0x18001420   Section        0  7zFile.o(i.FileOutStream_Write)
    FileOutStream_Write                      0x18001421   Thumb Code    62  7zFile.o(i.FileOutStream_Write)
    i.FileSeqInStream_CreateVTable           0x18001460   Section        0  7zFile.o(i.FileSeqInStream_CreateVTable)
    i.FileSeqInStream_Read                   0x1800146c   Section        0  7zFile.o(i.FileSeqInStream_Read)
    FileSeqInStream_Read                     0x1800146d   Thumb Code    16  7zFile.o(i.FileSeqInStream_Read)
    i.File_Open                              0x1800147c   Section        0  7zFile.o(i.File_Open)
    File_Open                                0x1800147d   Thumb Code    18  7zFile.o(i.File_Open)
    i.File_Read                              0x1800148e   Section        0  7zFile.o(i.File_Read)
    i.File_Write_Buf                         0x180014d6   Section        0  7zFile.o(i.File_Write_Buf)
    i.Flash_Write                            0x1800150c   Section        0  7zFile.o(i.Flash_Write)
    Flash_Write                              0x1800150d   Thumb Code    32  7zFile.o(i.Flash_Write)
    i.InFile_Close                           0x18001550   Section        0  7zFile.o(i.InFile_Close)
    i.InFile_Open                            0x1800155c   Section        0  7zFile.o(i.InFile_Open)
    i.LzmaDec_Allocate                       0x18001560   Section        0  lzmaDec.o(i.LzmaDec_Allocate)
    i.LzmaDec_AllocateProbs2                 0x180015e4   Section        0  lzmaDec.o(i.LzmaDec_AllocateProbs2)
    LzmaDec_AllocateProbs2                   0x180015e5   Thumb Code    62  lzmaDec.o(i.LzmaDec_AllocateProbs2)
    i.LzmaDec_DecodeReal                     0x18001622   Section        0  lzmaDec.o(i.LzmaDec_DecodeReal)
    LzmaDec_DecodeReal                       0x18001623   Thumb Code  4060  lzmaDec.o(i.LzmaDec_DecodeReal)
    i.LzmaDec_DecodeReal2                    0x180025fe   Section        0  lzmaDec.o(i.LzmaDec_DecodeReal2)
    LzmaDec_DecodeReal2                      0x180025ff   Thumb Code   102  lzmaDec.o(i.LzmaDec_DecodeReal2)
    i.LzmaDec_DecodeToBuf                    0x18002664   Section        0  lzmaDec.o(i.LzmaDec_DecodeToBuf)
    i.LzmaDec_DecodeToDic                    0x18002700   Section        0  lzmaDec.o(i.LzmaDec_DecodeToDic)
    i.LzmaDec_Free                           0x180028f8   Section        0  lzmaDec.o(i.LzmaDec_Free)
    i.LzmaDec_FreeDict                       0x1800290e   Section        0  lzmaDec.o(i.LzmaDec_FreeDict)
    LzmaDec_FreeDict                         0x1800290f   Thumb Code    20  lzmaDec.o(i.LzmaDec_FreeDict)
    i.LzmaDec_FreeProbs                      0x18002922   Section        0  lzmaDec.o(i.LzmaDec_FreeProbs)
    i.LzmaDec_Init                           0x18002936   Section        0  lzmaDec.o(i.LzmaDec_Init)
    i.LzmaDec_InitDicAndState                0x18002942   Section        0  lzmaDec.o(i.LzmaDec_InitDicAndState)
    i.LzmaDec_TryDummy                       0x18002960   Section        0  lzmaDec.o(i.LzmaDec_TryDummy)
    LzmaDec_TryDummy                         0x18002961   Thumb Code  1008  lzmaDec.o(i.LzmaDec_TryDummy)
    i.LzmaDec_WriteRem                       0x18002d50   Section        0  lzmaDec.o(i.LzmaDec_WriteRem)
    LzmaDec_WriteRem                         0x18002d51   Thumb Code    94  lzmaDec.o(i.LzmaDec_WriteRem)
    i.LzmaProps_Decode                       0x18002dae   Section        0  lzmaDec.o(i.LzmaProps_Decode)
    i.MyAlloc                                0x18002df4   Section        0  alloc.o(i.MyAlloc)
    i.OutFile_Close                          0x18002e00   Section        0  7zFile.o(i.OutFile_Close)
    i.OutFile_Open                           0x18002e34   Section        0  7zFile.o(i.OutFile_Open)
    i.PrintError                             0x18002e94   Section        0  lzma.o(i.PrintError)
    PrintError                               0x18002e95   Thumb Code    12  lzma.o(i.PrintError)
    i.SeqInStream_Read                       0x18002ea0   Section        0  7zStream.o(i.SeqInStream_Read)
    i.SeqInStream_Read2                      0x18002ea6   Section        0  7zStream.o(i.SeqInStream_Read2)
    i.SystemInit                             0x18002ed6   Section        0  system_rda5981.o(i.SystemInit)
    i.SzAlloc                                0x18002ed8   Section        0  alloc.o(i.SzAlloc)
    SzAlloc                                  0x18002ed9   Thumb Code     6  alloc.o(i.SzAlloc)
    i.SzFree                                 0x18002ede   Section        0  alloc.o(i.SzFree)
    SzFree                                   0x18002edf   Thumb Code     6  alloc.o(i.SzFree)
    i.__0printf$8                            0x18002ee4   Section        0  printf8.o(i.__0printf$8)
    i.__scatterload_copy                     0x18002f04   Section       14  handlers.o(i.__scatterload_copy)
    i.__scatterload_null                     0x18002f12   Section        2  handlers.o(i.__scatterload_null)
    i.__scatterload_zeroinit                 0x18002f14   Section       14  handlers.o(i.__scatterload_zeroinit)
    i._printf_core                           0x18002f24   Section        0  printf8.o(i._printf_core)
    _printf_core                             0x18002f25   Thumb Code   996  printf8.o(i._printf_core)
    i._printf_post_padding                   0x18003334   Section        0  printf8.o(i._printf_post_padding)
    _printf_post_padding                     0x18003335   Thumb Code    36  printf8.o(i._printf_post_padding)
    i._printf_pre_padding                    0x18003358   Section        0  printf8.o(i._printf_pre_padding)
    _printf_pre_padding                      0x18003359   Thumb Code    46  printf8.o(i._printf_pre_padding)
    i.board_init                             0x18003386   Section        0  board.o(i.board_init)
    i.bootloader_copy_go                     0x1800338c   Section        0  bootloader_copy.o(i.bootloader_copy_go)
    i.bootloader_copy_prepare                0x180033e4   Section        0  bootloader_copy.o(i.bootloader_copy_prepare)
    i.bootloader_copy_select                 0x180033f4   Section        0  bootloader_copy.o(i.bootloader_copy_select)
    i.bootloader_main                        0x18003400   Section        0  bootloader.o(i.bootloader_main)
    i.bootloader_prepare_boot_addr           0x180034e8   Section        0  bootloader_copy.o(i.bootloader_prepare_boot_addr)
    bootloader_prepare_boot_addr             0x180034e9   Thumb Code   120  bootloader_copy.o(i.bootloader_prepare_boot_addr)
    i.bootloader_upgrade                     0x180035f4   Section        0  bootloader_copy.o(i.bootloader_upgrade)
    bootloader_upgrade                       0x180035f5   Thumb Code   148  bootloader_copy.o(i.bootloader_upgrade)
    i.check_align                            0x180036cc   Section        0  rda_api.o(i.check_align)
    i.crc32_halfbyte                         0x180036d8   Section        0  crc32.o(i.crc32_halfbyte)
    i.erase_flash                            0x18003724   Section        0  rda_api.o(i.erase_flash)
    i.firmware_is_valid                      0x18003784   Section        0  bootloader_copy.o(i.firmware_is_valid)
    firmware_is_valid                        0x18003785   Thumb Code    66  bootloader_copy.o(i.firmware_is_valid)
    i.flash_erase                            0x180037f0   Section        0  flash.o(i.flash_erase)
    i.flash_lock                             0x180037f4   Section        0  flash.o(i.flash_lock)
    i.flash_unlock                           0x180037f8   Section        0  flash.o(i.flash_unlock)
    i.flash_write                            0x180037fc   Section        0  flash.o(i.flash_write)
    i.fputc                                  0x18003858   Section        0  retarget.o(i.fputc)
    i.free                                   0x1800386c   Section        0  malloc.o(i.free)
    i.free_in_out_buffer                     0x180038bc   Section        0  lzma.o(i.free_in_out_buffer)
    free_in_out_buffer                       0x180038bd   Thumb Code    30  lzma.o(i.free_in_out_buffer)
    i.lzma_update                            0x180038e4   Section        0  lzma.o(i.lzma_update)
    i.main                                   0x180039bc   Section        0  main.o(i.main)
    i.malloc                                 0x180039e8   Section        0  malloc.o(i.malloc)
    i.program_flash                          0x18003a54   Section        0  rda_api.o(i.program_flash)
    i.rda5981_spi_erase_partition            0x18003aa0   Section        0  rda_api.o(i.rda5981_spi_erase_partition)
    i.rda5981_spi_flash_erase_64KB_block     0x18003af8   Section        0  rda_api.o(i.rda5981_spi_flash_erase_64KB_block)
    i.uart_console_output                    0x18003b24   Section        0  drv_uart.o(i.uart_console_output)
    i.uart_init                              0x18003b4e   Section        0  drv_uart.o(i.uart_init)
    i.upgrade                                0x18003b54   Section        0  bootloader_copy.o(i.upgrade)
    upgrade                                  0x18003b55   Thumb Code   238  bootloader_copy.o(i.upgrade)
    i.upgrade_is_valid                       0x18003d1c   Section        0  bootloader_copy.o(i.upgrade_is_valid)
    upgrade_is_valid                         0x18003d1d   Thumb Code    72  bootloader_copy.o(i.upgrade_is_valid)
    .constdata                               0x18003d80   Section       12  bootloader.o(.constdata)
    .constdata                               0x18003d8c   Section       64  crc32.o(.constdata)
    lut                                      0x18003d8c   Data          64  crc32.o(.constdata)
    .constdata                               0x18003dcc   Section       80  flash_layout.o(.constdata)
    .constdata                               0x18003e1c   Section       16  lzma.o(.constdata)
    kCantReadMessage                         0x18003e1c   Data           4  lzma.o(.constdata)
    kCantWriteMessage                        0x18003e20   Data           4  lzma.o(.constdata)
    kCantAllocateMessage                     0x18003e24   Data           4  lzma.o(.constdata)
    kDataErrorMessage                        0x18003e28   Data           4  lzma.o(.constdata)
    .constdata                               0x18003e2c   Section        8  alloc.o(.constdata)
    .conststring                             0x18003e34   Section       74  lzma.o(.conststring)

    Global Symbols

    Symbol Name                              Value     Ov Type        Size  Object(Section)

    BuildAttributes$$THM_ISAv4$E$P$D$K$B$S$7EM$PE$A:L22UL41UL21$X:L11$S22US41US21$IEEE1$IW$USESV6$~STKCKD$USESV7$~SHL$OSPACE$ROPI$EBA8$MICROLIB$REQ8$PRES8$EABIv2 0x00000000   Number         0  anon$$obj.o ABSOLUTE
    __ARM_use_no_argv                        0x00000000   Number         0  main.o ABSOLUTE
    __use_no_errno                           0x00000000   Number         0  useno.o ABSOLUTE
    __use_no_exception_handling              0x00000000   Number         0  useno.o ABSOLUTE
    __use_no_fp                              0x00000000   Number         0  useno.o ABSOLUTE
    __use_no_heap                            0x00000000   Number         0  useno.o ABSOLUTE
    __use_no_heap_region                     0x00000000   Number         0  useno.o ABSOLUTE
    __use_no_semihosting                     0x00000000   Number         0  useno.o ABSOLUTE
    __use_no_semihosting_swi                 0x00000000   Number         0  useno.o ABSOLUTE
    __use_no_signal_handling                 0x00000000   Number         0  useno.o ABSOLUTE
    _printf_a                                0x00000000   Number         0  stubs.o ABSOLUTE
    _printf_c                                0x00000000   Number         0  stubs.o ABSOLUTE
    _printf_charcount                        0x00000000   Number         0  stubs.o ABSOLUTE
    _printf_d                                0x00000000   Number         0  stubs.o ABSOLUTE
    _printf_e                                0x00000000   Number         0  stubs.o ABSOLUTE
    _printf_f                                0x00000000   Number         0  stubs.o ABSOLUTE
    _printf_flags                            0x00000000   Number         0  stubs.o ABSOLUTE
    _printf_fp_dec                           0x00000000   Number         0  stubs.o ABSOLUTE
    _printf_fp_hex                           0x00000000   Number         0  stubs.o ABSOLUTE
    _printf_g                                0x00000000   Number         0  stubs.o ABSOLUTE
    _printf_i                                0x00000000   Number         0  stubs.o ABSOLUTE
    _printf_int_dec                          0x00000000   Number         0  stubs.o ABSOLUTE
    _printf_l                                0x00000000   Number         0  stubs.o ABSOLUTE
    _printf_lc                               0x00000000   Number         0  stubs.o ABSOLUTE
    _printf_ll                               0x00000000   Number         0  stubs.o ABSOLUTE
    _printf_lld                              0x00000000   Number         0  stubs.o ABSOLUTE
    _printf_lli                              0x00000000   Number         0  stubs.o ABSOLUTE
    _printf_llo                              0x00000000   Number         0  stubs.o ABSOLUTE
    _printf_llu                              0x00000000   Number         0  stubs.o ABSOLUTE
    _printf_llx                              0x00000000   Number         0  stubs.o ABSOLUTE
    _printf_longlong_dec                     0x00000000   Number         0  stubs.o ABSOLUTE
    _printf_longlong_hex                     0x00000000   Number         0  stubs.o ABSOLUTE
    _printf_longlong_oct                     0x00000000   Number         0  stubs.o ABSOLUTE
    _printf_ls                               0x00000000   Number         0  stubs.o ABSOLUTE
    _printf_mbtowc                           0x00000000   Number         0  stubs.o ABSOLUTE
    _printf_n                                0x00000000   Number         0  stubs.o ABSOLUTE
    _printf_o                                0x00000000   Number         0  stubs.o ABSOLUTE
    _printf_p                                0x00000000   Number         0  stubs.o ABSOLUTE
    _printf_percent                          0x00000000   Number         0  stubs.o ABSOLUTE
    _printf_pre_padding                      0x00000000   Number         0  stubs.o ABSOLUTE
    _printf_return_value                     0x00000000   Number         0  stubs.o ABSOLUTE
    _printf_s                                0x00000000   Number         0  stubs.o ABSOLUTE
    _printf_sizespec                         0x00000000   Number         0  stubs.o ABSOLUTE
    _printf_str                              0x00000000   Number         0  stubs.o ABSOLUTE
    _printf_truncate_signed                  0x00000000   Number         0  stubs.o ABSOLUTE
    _printf_truncate_unsigned                0x00000000   Number         0  stubs.o ABSOLUTE
    _printf_u                                0x00000000   Number         0  stubs.o ABSOLUTE
    _printf_wc                               0x00000000   Number         0  stubs.o ABSOLUTE
    _printf_wctomb                           0x00000000   Number         0  stubs.o ABSOLUTE
    _printf_widthprec                        0x00000000   Number         0  stubs.o ABSOLUTE
    _printf_x                                0x00000000   Number         0  stubs.o ABSOLUTE
    __cpp_initialize__aeabi_                  - Undefined Weak Reference
    __cxa_finalize                            - Undefined Weak Reference
    __decompress                              - Undefined Weak Reference
    _clock_init                               - Undefined Weak Reference
    _microlib_exit                            - Undefined Weak Reference
    __Vectors_Size                           0x0000007c   Number         0  startup_rda5981.o ABSOLUTE
    inBuf                                    0x00180000   Data           4  lzma.o(.data)
    outBuf                                   0x00180004   Data           4  lzma.o(.data)
    __stdout                                 0x00180008   Data           4  stdout.o(.data)
    __microlib_freelist                      0x0018000c   Data           4  mvars.o(.data)
    __microlib_freelist_initialised          0x00180010   Data           4  mvars.o(.data)
    ibuf                                     0x00180014   Data        4096  flash.o(.bss)
    __heap_base                              0x00181028   Data           0  startup_rda5981.o(HEAP)
    __heap_limit                             0x00191028   Data           0  startup_rda5981.o(HEAP)
    __initial_sp                             0x00199028   Data           0  startup_rda5981.o(STACK)
    __Vectors                                0x18001000   Data           4  startup_rda5981.o(RESET)
    __Vectors_End                            0x1800107c   Data           0  startup_rda5981.o(RESET)
    __main                                   0x1800107d   Thumb Code     0  entry.o(.ARM.Collect$$$$00000000)
    _main_stk                                0x1800107d   Thumb Code     0  entry2.o(.ARM.Collect$$$$00000001)
    _main_scatterload                        0x18001081   Thumb Code     0  entry5.o(.ARM.Collect$$$$00000004)
    __main_after_scatterload                 0x18001085   Thumb Code     0  entry5.o(.ARM.Collect$$$$00000004)
    _main_clock                              0x18001085   Thumb Code     0  entry7b.o(.ARM.Collect$$$$00000008)
    _main_cpp_init                           0x18001085   Thumb Code     0  entry8b.o(.ARM.Collect$$$$0000000A)
    _main_init                               0x18001085   Thumb Code     0  entry9a.o(.ARM.Collect$$$$0000000B)
    __rt_final_cpp                           0x1800108d   Thumb Code     0  entry10a.o(.ARM.Collect$$$$0000000D)
    __rt_final_exit                          0x1800108d   Thumb Code     0  entry11a.o(.ARM.Collect$$$$0000000F)
    Reset_Handler                            0x18001091   Thumb Code     8  startup_rda5981.o(.text)
    NMI_Handler                              0x180010a1   Thumb Code     2  startup_rda5981.o(.text)
    HardFault_Handler                        0x180010a3   Thumb Code     2  startup_rda5981.o(.text)
    MemManage_Handler                        0x180010a5   Thumb Code     2  startup_rda5981.o(.text)
    BusFault_Handler                         0x180010a7   Thumb Code     2  startup_rda5981.o(.text)
    UsageFault_Handler                       0x180010a9   Thumb Code     2  startup_rda5981.o(.text)
    SVC_Handler                              0x180010ab   Thumb Code     2  startup_rda5981.o(.text)
    DebugMon_Handler                         0x180010ad   Thumb Code     2  startup_rda5981.o(.text)
    PendSV_Handler                           0x180010af   Thumb Code     2  startup_rda5981.o(.text)
    SysTick_Handler                          0x180010b1   Thumb Code     2  startup_rda5981.o(.text)
    AHBDMA_IRQHandler                        0x180010b3   Thumb Code     0  startup_rda5981.o(.text)
    EXIF_IRQHandler                          0x180010b3   Thumb Code     0  startup_rda5981.o(.text)
    GPIO_IRQHandler                          0x180010b3   Thumb Code     0  startup_rda5981.o(.text)
    I2C_IRQHandler                           0x180010b3   Thumb Code     0  startup_rda5981.o(.text)
    MACHW_IRQHandler                         0x180010b3   Thumb Code     0  startup_rda5981.o(.text)
    PSRAM_IRQHandler                         0x180010b3   Thumb Code     0  startup_rda5981.o(.text)
    PTA_IRQHandler                           0x180010b3   Thumb Code     0  startup_rda5981.o(.text)
    SDIO_IRQHandler                          0x180010b3   Thumb Code     0  startup_rda5981.o(.text)
    SDMMC_IRQHandler                         0x180010b3   Thumb Code     0  startup_rda5981.o(.text)
    SPIFLASH_IRQHandler                      0x180010b3   Thumb Code     0  startup_rda5981.o(.text)
    TIMER0_IRQHandler                        0x180010b3   Thumb Code     0  startup_rda5981.o(.text)
    UART0_IRQHandler                         0x180010b3   Thumb Code     0  startup_rda5981.o(.text)
    UART1_IRQHandler                         0x180010b3   Thumb Code     0  startup_rda5981.o(.text)
    USBDMA_IRQHandler                        0x180010b3   Thumb Code     0  startup_rda5981.o(.text)
    USB_IRQHandler                           0x180010b3   Thumb Code     0  startup_rda5981.o(.text)
    __aeabi_llsl                             0x180010bd   Thumb Code    30  llshl.o(.text)
    _ll_shift_l                              0x180010bd   Thumb Code     0  llshl.o(.text)
    __aeabi_memcpy                           0x180010db   Thumb Code    36  memcpya.o(.text)
    __aeabi_memcpy4                          0x180010db   Thumb Code     0  memcpya.o(.text)
    __aeabi_memcpy8                          0x180010db   Thumb Code     0  memcpya.o(.text)
    __aeabi_memset                           0x180010ff   Thumb Code    14  memseta.o(.text)
    __aeabi_memset4                          0x180010ff   Thumb Code     0  memseta.o(.text)
    __aeabi_memset8                          0x180010ff   Thumb Code     0  memseta.o(.text)
    __aeabi_memclr                           0x1800110d   Thumb Code     4  memseta.o(.text)
    __aeabi_memclr4                          0x1800110d   Thumb Code     0  memseta.o(.text)
    __aeabi_memclr8                          0x1800110d   Thumb Code     0  memseta.o(.text)
    _memset$wrapper                          0x18001111   Thumb Code    18  memseta.o(.text)
    strcmp                                   0x18001123   Thumb Code    28  strcmp.o(.text)
    __aeabi_uldivmod                         0x1800113f   Thumb Code    98  uldiv.o(.text)
    __scatterload                            0x180011a1   Thumb Code    28  init.o(.text)
    __scatterload_rt2                        0x180011a1   Thumb Code     0  init.o(.text)
    __aeabi_llsr                             0x180011c5   Thumb Code    32  llushr.o(.text)
    _ll_ushift_r                             0x180011c5   Thumb Code     0  llushr.o(.text)
    FileOutStream_CreateVTable               0x18001415   Thumb Code     6  7zFile.o(i.FileOutStream_CreateVTable)
    FileSeqInStream_CreateVTable             0x18001461   Thumb Code     6  7zFile.o(i.FileSeqInStream_CreateVTable)
    File_Read                                0x1800148f   Thumb Code    72  7zFile.o(i.File_Read)
    File_Write_Buf                           0x180014d7   Thumb Code    54  7zFile.o(i.File_Write_Buf)
    InFile_Close                             0x18001551   Thumb Code    12  7zFile.o(i.InFile_Close)
    InFile_Open                              0x1800155d   Thumb Code     4  7zFile.o(i.InFile_Open)
    LzmaDec_Allocate                         0x18001561   Thumb Code   122  lzmaDec.o(i.LzmaDec_Allocate)
    LzmaDec_DecodeToBuf                      0x18002665   Thumb Code   154  lzmaDec.o(i.LzmaDec_DecodeToBuf)
    LzmaDec_DecodeToDic                      0x18002701   Thumb Code   504  lzmaDec.o(i.LzmaDec_DecodeToDic)
    LzmaDec_Free                             0x180028f9   Thumb Code    22  lzmaDec.o(i.LzmaDec_Free)
    LzmaDec_FreeProbs                        0x18002923   Thumb Code    20  lzmaDec.o(i.LzmaDec_FreeProbs)
    LzmaDec_Init                             0x18002937   Thumb Code    12  lzmaDec.o(i.LzmaDec_Init)
    LzmaDec_InitDicAndState                  0x18002943   Thumb Code    28  lzmaDec.o(i.LzmaDec_InitDicAndState)
    LzmaProps_Decode                         0x18002daf   Thumb Code    70  lzmaDec.o(i.LzmaProps_Decode)
    MyAlloc                                  0x18002df5   Thumb Code    10  alloc.o(i.MyAlloc)
    OutFile_Close                            0x18002e01   Thumb Code    44  7zFile.o(i.OutFile_Close)
    OutFile_Open                             0x18002e35   Thumb Code    64  7zFile.o(i.OutFile_Open)
    SeqInStream_Read                         0x18002ea1   Thumb Code     6  7zStream.o(i.SeqInStream_Read)
    SeqInStream_Read2                        0x18002ea7   Thumb Code    48  7zStream.o(i.SeqInStream_Read2)
    SystemInit                               0x18002ed7   Thumb Code     2  system_rda5981.o(i.SystemInit)
    __0printf$8                              0x18002ee5   Thumb Code    22  printf8.o(i.__0printf$8)
    __1printf$8                              0x18002ee5   Thumb Code     0  printf8.o(i.__0printf$8)
    __2printf                                0x18002ee5   Thumb Code     0  printf8.o(i.__0printf$8)
    __scatterload_copy                       0x18002f05   Thumb Code    14  handlers.o(i.__scatterload_copy)
    __scatterload_null                       0x18002f13   Thumb Code     2  handlers.o(i.__scatterload_null)
    __scatterload_zeroinit                   0x18002f15   Thumb Code    14  handlers.o(i.__scatterload_zeroinit)
    board_init                               0x18003387   Thumb Code     6  board.o(i.board_init)
    bootloader_copy_go                       0x1800338d   Thumb Code    40  bootloader_copy.o(i.bootloader_copy_go)
    bootloader_copy_prepare                  0x180033e5   Thumb Code    14  bootloader_copy.o(i.bootloader_copy_prepare)
    bootloader_copy_select                   0x180033f5   Thumb Code     6  bootloader_copy.o(i.bootloader_copy_select)
    bootloader_main                          0x18003401   Thumb Code    68  bootloader.o(i.bootloader_main)
    check_align                              0x180036cd   Thumb Code    10  rda_api.o(i.check_align)
    crc32_halfbyte                           0x180036d9   Thumb Code    60  crc32.o(i.crc32_halfbyte)
    erase_flash                              0x18003725   Thumb Code    64  rda_api.o(i.erase_flash)
    flash_erase                              0x180037f1   Thumb Code     4  flash.o(i.flash_erase)
    flash_lock                               0x180037f5   Thumb Code     4  flash.o(i.flash_lock)
    flash_unlock                             0x180037f9   Thumb Code     4  flash.o(i.flash_unlock)
    flash_write                              0x180037fd   Thumb Code    86  flash.o(i.flash_write)
    fputc                                    0x18003859   Thumb Code    18  retarget.o(i.fputc)
    free                                     0x1800386d   Thumb Code    76  malloc.o(i.free)
    lzma_update                              0x180038e5   Thumb Code   142  lzma.o(i.lzma_update)
    main                                     0x180039bd   Thumb Code    20  main.o(i.main)
    malloc                                   0x180039e9   Thumb Code    92  malloc.o(i.malloc)
    program_flash                            0x18003a55   Thumb Code    54  rda_api.o(i.program_flash)
    rda5981_spi_erase_partition              0x18003aa1   Thumb Code    88  rda_api.o(i.rda5981_spi_erase_partition)
    rda5981_spi_flash_erase_64KB_block       0x18003af9   Thumb Code    40  rda_api.o(i.rda5981_spi_flash_erase_64KB_block)
    uart_console_output                      0x18003b25   Thumb Code    42  drv_uart.o(i.uart_console_output)
    uart_init                                0x18003b4f   Thumb Code     4  drv_uart.o(i.uart_init)
    copy_layout_table                        0x18003dcc   Data          80  flash_layout.o(.constdata)
    g_Alloc                                  0x18003e2c   Data           8  alloc.o(.constdata)
    Region$$Table$$Base                      0x18003e80   Number         0  anon$$obj.o(Region$$Table)
    Region$$Table$$Limit                     0x18003ea0   Number         0  anon$$obj.o(Region$$Table)



==============================================================================

Memory Map of the image

  Image Entry point : 0x1800107d

  Load Region LR_ROM1 (Base: 0x18001000, Size: 0x00002eb4, Max: 0x00005000, ABSOLUTE)

    Execution Region RW_IRAM1 (Exec base: 0x00180000, Load base: 0x18003ea0, Size: 0x00019028, Max: 0x00020000, ABSOLUTE)

    Exec Addr    Load Addr    Size         Type   Attr      Idx    E Section Name        Object

    0x00180000   0x18003ea0   0x00000008   Data   RW          482    .data               lzma.lib(lzma.o)
    0x00180008   0x18003ea8   0x00000004   Data   RW         1242    .data               mc_w.l(stdout.o)
    0x0018000c   0x18003eac   0x00000004   Data   RW         1247    .data               mc_w.l(mvars.o)
    0x00180010   0x18003eb0   0x00000004   Data   RW         1248    .data               mc_w.l(mvars.o)
    0x00180014        -       0x00001000   Zero   RW          104    .bss                flash.o
    0x00181014        -       0x00000010   Zero   RW          557    .bss                lzma.lib(7zFile.o)
    0x00181024   0x18003eb4   0x00000004   PAD
    0x00181028        -       0x00010000   Zero   RW          468    HEAP                startup_rda5981.o
    0x00191028        -       0x00008000   Zero   RW          467    STACK               startup_rda5981.o


    Execution Region ER_ROM1 (Exec base: 0x18001000, Load base: 0x18001000, Size: 0x00002ea0, Max: 0x00005000, ABSOLUTE)

    Exec Addr    Load Addr    Size         Type   Attr      Idx    E Section Name        Object

    0x18001000   0x18001000   0x0000007c   Data   RO          469    RESET               startup_rda5981.o
    0x1800107c   0x1800107c   0x00000000   Code   RO          926  * .ARM.Collect$$$$00000000  mc_w.l(entry.o)
    0x1800107c   0x1800107c   0x00000004   Code   RO         1228    .ARM.Collect$$$$00000001  mc_w.l(entry2.o)
    0x18001080   0x18001080   0x00000004   Code   RO         1231    .ARM.Collect$$$$00000004  mc_w.l(entry5.o)
    0x18001084   0x18001084   0x00000000   Code   RO         1233    .ARM.Collect$$$$00000008  mc_w.l(entry7b.o)
    0x18001084   0x18001084   0x00000000   Code   RO         1235    .ARM.Collect$$$$0000000A  mc_w.l(entry8b.o)
    0x18001084   0x18001084   0x00000008   Code   RO         1236    .ARM.Collect$$$$0000000B  mc_w.l(entry9a.o)
    0x1800108c   0x1800108c   0x00000000   Code   RO         1238    .ARM.Collect$$$$0000000D  mc_w.l(entry10a.o)
    0x1800108c   0x1800108c   0x00000000   Code   RO         1240    .ARM.Collect$$$$0000000F  mc_w.l(entry11a.o)
    0x1800108c   0x1800108c   0x00000004   Code   RO         1229    .ARM.Collect$$$$00002712  mc_w.l(entry2.o)
    0x18001090   0x18001090   0x0000002c   Code   RO          470    .text               startup_rda5981.o
    0x180010bc   0x180010bc   0x0000001e   Code   RO          929    .text               mc_w.l(llshl.o)
    0x180010da   0x180010da   0x00000024   Code   RO          931    .text               mc_w.l(memcpya.o)
    0x180010fe   0x180010fe   0x00000024   Code   RO          933    .text               mc_w.l(memseta.o)
    0x18001122   0x18001122   0x0000001c   Code   RO          935    .text               mc_w.l(strcmp.o)
    0x1800113e   0x1800113e   0x00000062   Code   RO         1245    .text               mc_w.l(uldiv.o)
    0x180011a0   0x180011a0   0x00000024   Code   RO         1260    .text               mc_w.l(init.o)
    0x180011c4   0x180011c4   0x00000020   Code   RO         1262    .text               mc_w.l(llushr.o)
    0x180011e4   0x180011e4   0x00000088   Code   RO          544    i.Buf_Write         lzma.lib(7zFile.o)
    0x1800126c   0x1800126c   0x00000074   Code   RO          475    i.Decode            lzma.lib(lzma.o)
    0x180012e0   0x180012e0   0x00000134   Code   RO          476    i.Decode2           lzma.lib(lzma.o)
    0x18001414   0x18001414   0x0000000c   Code   RO          545    i.FileOutStream_CreateVTable  lzma.lib(7zFile.o)
    0x18001420   0x18001420   0x0000003e   Code   RO          546    i.FileOutStream_Write  lzma.lib(7zFile.o)
    0x1800145e   0x1800145e   0x00000002   PAD
    0x18001460   0x18001460   0x0000000c   Code   RO          547    i.FileSeqInStream_CreateVTable  lzma.lib(7zFile.o)
    0x1800146c   0x1800146c   0x00000010   Code   RO          548    i.FileSeqInStream_Read  lzma.lib(7zFile.o)
    0x1800147c   0x1800147c   0x00000012   Code   RO          549    i.File_Open         lzma.lib(7zFile.o)
    0x1800148e   0x1800148e   0x00000048   Code   RO          550    i.File_Read         lzma.lib(7zFile.o)
    0x180014d6   0x180014d6   0x00000036   Code   RO          551    i.File_Write_Buf    lzma.lib(7zFile.o)
    0x1800150c   0x1800150c   0x00000044   Code   RO          552    i.Flash_Write       lzma.lib(7zFile.o)
    0x18001550   0x18001550   0x0000000c   Code   RO          553    i.InFile_Close      lzma.lib(7zFile.o)
    0x1800155c   0x1800155c   0x00000004   Code   RO          554    i.InFile_Open       lzma.lib(7zFile.o)
    0x18001560   0x18001560   0x00000084   Code   RO          829    i.LzmaDec_Allocate  lzma.lib(lzmaDec.o)
    0x180015e4   0x180015e4   0x0000003e   Code   RO          831    i.LzmaDec_AllocateProbs2  lzma.lib(lzmaDec.o)
    0x18001622   0x18001622   0x00000fdc   Code   RO          832    i.LzmaDec_DecodeReal  lzma.lib(lzmaDec.o)
    0x180025fe   0x180025fe   0x00000066   Code   RO          833    i.LzmaDec_DecodeReal2  lzma.lib(lzmaDec.o)
    0x18002664   0x18002664   0x0000009a   Code   RO          834    i.LzmaDec_DecodeToBuf  lzma.lib(lzmaDec.o)
    0x180026fe   0x180026fe   0x00000002   PAD
    0x18002700   0x18002700   0x000001f8   Code   RO          835    i.LzmaDec_DecodeToDic  lzma.lib(lzmaDec.o)
    0x180028f8   0x180028f8   0x00000016   Code   RO          836    i.LzmaDec_Free      lzma.lib(lzmaDec.o)
    0x1800290e   0x1800290e   0x00000014   Code   RO          837    i.LzmaDec_FreeDict  lzma.lib(lzmaDec.o)
    0x18002922   0x18002922   0x00000014   Code   RO          838    i.LzmaDec_FreeProbs  lzma.lib(lzmaDec.o)
    0x18002936   0x18002936   0x0000000c   Code   RO          839    i.LzmaDec_Init      lzma.lib(lzmaDec.o)
    0x18002942   0x18002942   0x0000001c   Code   RO          840    i.LzmaDec_InitDicAndState  lzma.lib(lzmaDec.o)
    0x1800295e   0x1800295e   0x00000002   PAD
    0x18002960   0x18002960   0x000003f0   Code   RO          841    i.LzmaDec_TryDummy  lzma.lib(lzmaDec.o)
    0x18002d50   0x18002d50   0x0000005e   Code   RO          842    i.LzmaDec_WriteRem  lzma.lib(lzmaDec.o)
    0x18002dae   0x18002dae   0x00000046   Code   RO          844    i.LzmaProps_Decode  lzma.lib(lzmaDec.o)
    0x18002df4   0x18002df4   0x0000000a   Code   RO          785    i.MyAlloc           lzma.lib(alloc.o)
    0x18002dfe   0x18002dfe   0x00000002   PAD
    0x18002e00   0x18002e00   0x00000034   Code   RO          555    i.OutFile_Close     lzma.lib(7zFile.o)
    0x18002e34   0x18002e34   0x00000060   Code   RO          556    i.OutFile_Open      lzma.lib(7zFile.o)
    0x18002e94   0x18002e94   0x0000000c   Code   RO          477    i.PrintError        lzma.lib(lzma.o)
    0x18002ea0   0x18002ea0   0x00000006   Code   RO          698    i.SeqInStream_Read  lzma.lib(7zStream.o)
    0x18002ea6   0x18002ea6   0x00000030   Code   RO          699    i.SeqInStream_Read2  lzma.lib(7zStream.o)
    0x18002ed6   0x18002ed6   0x00000002   Code   RO          455    i.SystemInit        system_rda5981.o
    0x18002ed8   0x18002ed8   0x00000006   Code   RO          787    i.SzAlloc           lzma.lib(alloc.o)
    0x18002ede   0x18002ede   0x00000006   Code   RO          790    i.SzFree            lzma.lib(alloc.o)
    0x18002ee4   0x18002ee4   0x00000020   Code   RO         1146    i.__0printf$8       mc_w.l(printf8.o)
    0x18002f04   0x18002f04   0x0000000e   Code   RO         1270    i.__scatterload_copy  mc_w.l(handlers.o)
    0x18002f12   0x18002f12   0x00000002   Code   RO         1271    i.__scatterload_null  mc_w.l(handlers.o)
    0x18002f14   0x18002f14   0x0000000e   Code   RO         1272    i.__scatterload_zeroinit  mc_w.l(handlers.o)
    0x18002f22   0x18002f22   0x00000002   PAD
    0x18002f24   0x18002f24   0x00000410   Code   RO         1153    i._printf_core      mc_w.l(printf8.o)
    0x18003334   0x18003334   0x00000024   Code   RO         1154    i._printf_post_padding  mc_w.l(printf8.o)
    0x18003358   0x18003358   0x0000002e   Code   RO         1155    i._printf_pre_padding  mc_w.l(printf8.o)
    0x18003386   0x18003386   0x00000006   Code   RO          357    i.board_init        board.o
    0x1800338c   0x1800338c   0x00000058   Code   RO          243    i.bootloader_copy_go  bootloader_copy.o
    0x180033e4   0x180033e4   0x0000000e   Code   RO          244    i.bootloader_copy_prepare  bootloader_copy.o
    0x180033f2   0x180033f2   0x00000002   PAD
    0x180033f4   0x180033f4   0x0000000c   Code   RO          245    i.bootloader_copy_select  bootloader_copy.o
    0x18003400   0x18003400   0x000000e8   Code   RO            1    i.bootloader_main   bootloader.o
    0x180034e8   0x180034e8   0x0000010c   Code   RO          246    i.bootloader_prepare_boot_addr  bootloader_copy.o
    0x180035f4   0x180035f4   0x000000d8   Code   RO          247    i.bootloader_upgrade  bootloader_copy.o
    0x180036cc   0x180036cc   0x0000000a   Code   RO          405    i.check_align       rda_api.o
    0x180036d6   0x180036d6   0x00000002   PAD
    0x180036d8   0x180036d8   0x0000004c   Code   RO           65    i.crc32_halfbyte    crc32.o
    0x18003724   0x18003724   0x00000060   Code   RO          406    i.erase_flash       rda_api.o
    0x18003784   0x18003784   0x0000006c   Code   RO          248    i.firmware_is_valid  bootloader_copy.o
    0x180037f0   0x180037f0   0x00000004   Code   RO          100    i.flash_erase       flash.o
    0x180037f4   0x180037f4   0x00000004   Code   RO          101    i.flash_lock        flash.o
    0x180037f8   0x180037f8   0x00000004   Code   RO          102    i.flash_unlock      flash.o
    0x180037fc   0x180037fc   0x0000005c   Code   RO          103    i.flash_write       flash.o
    0x18003858   0x18003858   0x00000012   Code   RO          317    i.fputc             retarget.o
    0x1800386a   0x1800386a   0x00000002   PAD
    0x1800386c   0x1800386c   0x00000050   Code   RO         1200    i.free              mc_w.l(malloc.o)
    0x180038bc   0x180038bc   0x00000028   Code   RO          478    i.free_in_out_buffer  lzma.lib(lzma.o)
    0x180038e4   0x180038e4   0x000000d8   Code   RO          479    i.lzma_update       lzma.lib(lzma.o)
    0x180039bc   0x180039bc   0x0000002c   Code   RO          293    i.main              main.o
    0x180039e8   0x180039e8   0x0000006c   Code   RO         1201    i.malloc            mc_w.l(malloc.o)
    0x18003a54   0x18003a54   0x0000004c   Code   RO          408    i.program_flash     rda_api.o
    0x18003aa0   0x18003aa0   0x00000058   Code   RO          409    i.rda5981_spi_erase_partition  rda_api.o
    0x18003af8   0x18003af8   0x0000002c   Code   RO          410    i.rda5981_spi_flash_erase_64KB_block  rda_api.o
    0x18003b24   0x18003b24   0x0000002a   Code   RO          375    i.uart_console_output  drv_uart.o
    0x18003b4e   0x18003b4e   0x00000004   Code   RO          377    i.uart_init         drv_uart.o
    0x18003b52   0x18003b52   0x00000002   PAD
    0x18003b54   0x18003b54   0x000001c8   Code   RO          249    i.upgrade           bootloader_copy.o
    0x18003d1c   0x18003d1c   0x00000064   Code   RO          250    i.upgrade_is_valid  bootloader_copy.o
    0x18003d80   0x18003d80   0x0000000c   Data   RO            2    .constdata          bootloader.o
    0x18003d8c   0x18003d8c   0x00000040   Data   RO           66    .constdata          crc32.o
    0x18003dcc   0x18003dcc   0x00000050   Data   RO          143    .constdata          flash_layout.o
    0x18003e1c   0x18003e1c   0x00000010   Data   RO          480    .constdata          lzma.lib(lzma.o)
    0x18003e2c   0x18003e2c   0x00000008   Data   RO          791    .constdata          lzma.lib(alloc.o)
    0x18003e34   0x18003e34   0x0000004a   Data   RO          481    .conststring        lzma.lib(lzma.o)
    0x18003e7e   0x18003e7e   0x00000002   PAD
    0x18003e80   0x18003e80   0x00000020   Data   RO         1268    Region$$Table       anon$$obj.o


==============================================================================

Image component sizes


      Code (inc. data)   RO Data    RW Data    ZI Data      Debug   Object Name

         6          0          0          0          0        437   board.o
       232        164         12          0          0       7214   bootloader.o
      1262        558          0          0          0       6592   bootloader_copy.o
        76         16         64          0          0       1153   crc32.o
        46          0          0          0          0       1682   drv_uart.o
       104          6          0          0       4096       4607   flash.o
         0          0         80          0          0        790   flash_layout.o
        44         24          0          0          0        475   main.o
       314         58          0          0          0       4665   rda_api.o
        18          0          0          0          0       1780   retarget.o
        44          8        124          0      98304        932   startup_rda5981.o
         2          0          0          0          0        481   system_rda5981.o

    ----------------------------------------------------------------------
      2156        834        312          0     102400      30808   Object Totals
         0          0         32          0          0          0   (incl. Generated)
         8          0          0          0          0          0   (incl. Padding)

    ----------------------------------------------------------------------

      Code (inc. data)   RO Data    RW Data    ZI Data      Debug   Library Member Name

       614        126          0          0         16      13041   7zFile.o
        54          0          0          0          0       1363   7zStream.o
        22          0          8          0          0       1946   alloc.o
       692         98         90          8          0      11729   lzma.o
      6288         10          0          0          0      25850   lzmaDec.o
         0          0          0          0          0          0   entry.o
         0          0          0          0          0          0   entry10a.o
         0          0          0          0          0          0   entry11a.o
         8          4          0          0          0          0   entry2.o
         4          0          0          0          0          0   entry5.o
         0          0          0          0          0          0   entry7b.o
         0          0          0          0          0          0   entry8b.o
         8          4          0          0          0          0   entry9a.o
        30          0          0          0          0          0   handlers.o
        36          8          0          0          0         68   init.o
        30          0          0          0          0         68   llshl.o
        32          0          0          0          0         68   llushr.o
       188         20          0          0          0        160   malloc.o
        36          0          0          0          0         68   memcpya.o
        36          0          0          0          0        108   memseta.o
         0          0          0          8          0          0   mvars.o
      1154         54          0          0          0        352   printf8.o
         0          0          0          4          0          0   stdout.o
        28          0          0          0          0         76   strcmp.o
        98          0          0          0          0         92   uldiv.o

    ----------------------------------------------------------------------
      9368        324        100         20         20      54989   Library Totals
        10          0          2          0          4          0   (incl. Padding)

    ----------------------------------------------------------------------

      Code (inc. data)   RO Data    RW Data    ZI Data      Debug   Library Name

      7670        234         98          8         16      53929   lzma.lib
      1688         90          0         12          0       1060   mc_w.l

    ----------------------------------------------------------------------
      9368        324        100         20         20      54989   Library Totals

    ----------------------------------------------------------------------

==============================================================================


      Code (inc. data)   RO Data    RW Data    ZI Data      Debug   

     11524       1158        412         20     102420      82361   Grand Totals
     11524       1158        412         20     102420      82361   ELF Image Totals
     11524       1158        412         20          0          0   ROM Totals

==============================================================================

    Total RO  Size (Code + RO Data)                11936 (  11.66kB)
    Total RW  Size (RW Data + ZI Data)            102440 ( 100.04kB)
    Total ROM Size (Code + RO Data + RW Data)      11956 (  11.68kB)

==============================================================================

