Component: ARM Compiler 5.06 update 6 (build 750) Tool: armlink [4d35ed]

==============================================================================

Memory Map of the image

  Image Entry point : 0x1800107d

  Load Region LR_IROM0 (Base: 0x18001000, Size: 0x0005bb08, Max: 0x001f4000, ABSOLUTE, COMPRESSED[0x00057064])

    Execution Region ER_IRAMVEC (Base: 0x00100000, Size: 0x00000080, Max: 0x00000080, ABSOLUTE)

    Base Addr    Size         Type   Attr      Idx    E Section Name        Object

    0x00100000   0x00000080   Zero   RW            1    ER_IRAMVEC.bss      anon$$obj.o


    Execution Region RW_IRAM1 (Base: 0x00100080, Size: 0x000195f0, Max: 0x0001f780, ABSOLUTE, COMPRESSED[0x0000042c])

    Base Addr    Size         Type   Attr      Idx    E Section Name        Object

    0x00100080   0x00000002   Code   RO         2332    i.flash_wrtie_protect  wland_flash_wp.o
    0x00100082   0x00000002   Code   RO         2333    i.flash_wrtie_protect_all  wland_flash_wp.o
    0x00100084   0x0000001c   Data   RW           38    .data               airkiss_func.o
    0x001000a0   0x00000014   Data   RW          154    .data               cJSON.o
    0x001000b4   0x00000010   Data   RW          327    .data               main.o
    0x001000c4   0x00000044   Data   RW          373    .data               gpadckey.o
    0x00100108   0x0000000c   Data   RW         2253    .data               lwip_sys_arch.o
    0x00100114   0x00000004   Data   RW         2302    .data               rda5991h_wland.o
    0x00100118   0x00000004   Data   RW         2303    .data               rda5991h_wland.o
    0x0010011c   0x00000004   Data   RW         2304    .data               rda5991h_wland.o
    0x00100120   0x00000004   Data   RW         2305    .data               rda5991h_wland.o
    0x00100124   0x00000004   Data   RW         2306    .data               rda5991h_wland.o
    0x00100128   0x00000004   Data   RW         2307    .data               rda5991h_wland.o
    0x0010012c   0x00000012   Data   RW         2308    .data               rda5991h_wland.o
    0x0010013e   0x00000002   PAD
    0x00100140   0x00000008   Data   RW         2588    .data               lwip_tcpip.o
    0x00100148   0x00000014   Data   RW         2641    .data               lwip_dhcp.o
    0x0010015c   0x00000001   Data   RW         2689    .data               lwip_etharp.o
    0x0010015d   0x00000003   PAD
    0x00100160   0x0000000c   Data   RW         2734    .data               lwip_igmp.o
    0x0010016c   0x00000008   Data   RW         2762    .data               lwip_ip4.o
    0x00100174   0x00000008   Data   RW         2805    .data               lwip_ip4_frag.o
    0x0010017c   0x0000000c   Data   RW         2889    .data               lwip_dns.o
    0x00100188   0x0000000c   Data   RW         2949    .data               lwip_mem.o
    0x00100194   0x00000004   Data   RW         3031    .data               lwip_memp.o
    0x00100198   0x00000004   Data   RW         3032    .data               lwip_memp.o
    0x0010019c   0x00000004   Data   RW         3033    .data               lwip_memp.o
    0x001001a0   0x00000004   Data   RW         3034    .data               lwip_memp.o
    0x001001a4   0x00000004   Data   RW         3035    .data               lwip_memp.o
    0x001001a8   0x00000004   Data   RW         3036    .data               lwip_memp.o
    0x001001ac   0x00000004   Data   RW         3037    .data               lwip_memp.o
    0x001001b0   0x00000004   Data   RW         3038    .data               lwip_memp.o
    0x001001b4   0x00000004   Data   RW         3039    .data               lwip_memp.o
    0x001001b8   0x00000004   Data   RW         3040    .data               lwip_memp.o
    0x001001bc   0x00000004   Data   RW         3041    .data               lwip_memp.o
    0x001001c0   0x00000004   Data   RW         3042    .data               lwip_memp.o
    0x001001c4   0x00000004   Data   RW         3043    .data               lwip_memp.o
    0x001001c8   0x00000004   Data   RW         3044    .data               lwip_memp.o
    0x001001cc   0x00000004   Data   RW         3045    .data               lwip_memp.o
    0x001001d0   0x0000000c   Data   RW         3077    .data               lwip_netif.o
    0x001001dc   0x00000001   Data   RW         3125    .data               lwip_pbuf.o
    0x001001dd   0x00000003   PAD
    0x001001e0   0x00000020   Data   RW         3218    .data               lwip_tcp.o
    0x00100200   0x00000024   Data   RW         3271    .data               lwip_tcp_in.o
    0x00100224   0x0000000c   Data   RW         3325    .data               lwip_timeouts.o
    0x00100230   0x00000008   Data   RW         3354    .data               lwip_udp.o
    0x00100238   0x00000007   Data   RW         3441    .data               lwip_stack.o
    0x0010023f   0x00000001   PAD
    0x00100240   0x00000004   Data   RW         3442    .data               lwip_stack.o
[...]
    0x1802f98e   0x0000002c   Code   RO         8002    .text               c_w.l(_printf_char.o)
    0x1802f9ba   0x00000002   PAD
    0x1802f9bc   0x000000bc   Code   RO         8006    .text               c_w.l(_printf_wctomb.o)
    0x1802fa78   0x0000007c   Code   RO         8009    .text               c_w.l(_printf_longlong_dec.o)
    0x1802faf4   0x00000070   Code   RO         8015    .text               c_w.l(_printf_oct_int_ll.o)
    0x1802fb64   0x0000001c   Code   RO         8034    .text               c_w.l(_chval.o)
    0x1802fb80   0x00000156   Code   RO         8036    .text               c_w.l(_scanf_longlong.o)
    0x1802fcd6   0x000000e0   Code   RO         8038    .text               c_w.l(_scanf_str.o)
    0x1802fdb6   0x00000002   PAD
    0x1802fdb8   0x0000002c   Code   RO         8040    .text               c_w.l(scanf_char.o)
    0x1802fde4   0x00000040   Code   RO         8042    .text               c_w.l(_sgetc.o)
    0x1802fe24   0x000000a4   Code   RO         8046    .text               c_w.l(strtod.o)
    0x1802fec8   0x00000114   Code   RO         8050    .text               c_w.l(_scanf_mbtowc.o)
    0x1802ffdc   0x000000e8   Code   RO         8052    .text               c_w.l(_scanf_wctomb.o)
    0x180300c4   0x000000d0   Code   RO         8054    .text               c_w.l(_scanf_wstr.o)
    0x18030194   0x000001d6   Code   RO         8060    .text               c_w.l(flsbuf.o)
    0x1803036a   0x00000002   PAD
    0x1803036c   0x000000f8   Code   RO         8062    .text               c_w.l(fseek.o)
    0x18030464   0x000000f0   Code   RO         8066    .text               c_w.l(stdio.o)
    0x18030554   0x00000068   Code   RO         8073    .text               c_w.l(setvbuf_locked.o)
    0x180305bc   0x000001c8   Code   RO         8075    .text               c_w.l(initio_locked.o)
    0x18030784   0x00000042   Code   RO         8083    .text               c_w.l(cxa_finalize.o)
    0x180307c6   0x0000000e   Code   RO         8086    .text               c_w.l(defsig_pvfn_outer.o)
    0x180307d4   0x0000003e   Code   RO         8197    .text               c_w.l(h1_extend_mt.o)
    0x18030812   0x0000008a   Code   RO         8199    .text               c_w.l(lludiv10.o)
    0x1803089c   0x00000012   Code   RO         8201    .text               c_w.l(isspace.o)
    0x180308ae   0x0000041e   Code   RO         8203    .text               c_w.l(_printf_fp_dec.o)
    0x18030ccc   0x000002fc   Code   RO         8205    .text               c_w.l(_printf_fp_hex.o)
    0x18030fc8   0x00000040   Code   RO         8210    .text               c_w.l(_printf_char_file_locked.o)
    0x18031008   0x0000002c   Code   RO         8212    .text               c_w.l(_printf_wchar.o)
    0x18031034   0x00000374   Code   RO         8214    .text               c_w.l(_scanf.o)
    0x180313a8   0x000004f8   Code   RO         8216    .text               c_w.l(scanf_fp.o)
    0x180318a0   0x0000001e   Code   RO         8222    .text               c_w.l(_scanf_wcharmap.o)
    0x180318be   0x00000042   Code   RO         8226    .text               c_w.l(ftell.o)
    0x18031900   0x0000003c   Code   RO         8250    .text               c_w.l(_mbrtowc.o)
    0x1803193c   0x00000040   Code   RO         8252    .text               c_w.l(_wcrtomb.o)
    0x1803197c   0x0000000a   Code   RO         8257    .text               c_w.l(defsig_exit.o)
    0x18031986   0x0000000e   Code   RO         8259    .text               c_w.l(defsig_rtred_outer.o)
    0x18031994   0x0000000e   Code   RO         8263    .text               c_w.l(defsig_rtmem_outer.o)
    0x180319a2   0x00000002   PAD
    0x180319a4   0x00000030   Code   RO         8267    .text               c_w.l(defsig_pvfn_inner.o)
    0x180319d4   0x0000000c   Code   RO         8313    .text               c_w.l(sys_exit.o)
    0x180319e0   0x00000080   Code   RO         8324    .text               c_w.l(_printf_fp_infnan.o)
    0x18031a60   0x000000e4   Code   RO         8326    .text               c_w.l(bigflt0.o)
    0x18031b44   0x00000032   Code   RO         8357    .text               c_w.l(defsig_general.o)
    0x18031b76   0x00000002   PAD
    0x18031b78   0x00000034   Code   RO         8363    .text               c_w.l(defsig_rtred_inner.o)
    0x18031bac   0x00000050   Code   RO         8365    .text               c_w.l(defsig_rtmem_inner.o)
    0x18031bfc   0x0000000e   Code   RO         8403    .text               c_w.l(sys_wrch.o)
    0x18031c0a   0x00000002   Code   RO         8405    .text               c_w.l(use_no_semi.o)
    0x18031c0c   0x00000000   Code   RO         8407    .text               c_w.l(indicate_semi.o)
    0x18031c0c   0x00000016   Code   RO         8412    .text               c_w.l(_rserrno.o)
    0x18031c22   0x00000002   PAD
    0x18031c24   0x00000320   Code   RO         8414    .text               c_w.l(scanf_hexfp.o)
    0x18031f44   0x00000134   Code   RO         8416    .text               c_w.l(scanf_infnan.o)
    0x18032078   0x0000003e   Code   RO         8329    CL$$btod_d2e        c_w.l(btod.o)
    0x180320b6   0x00000046   Code   RO         8331    CL$$btod_d2e_denorm_low  c_w.l(btod.o)
    0x180320fc   0x00000060   Code   RO         8330    CL$$btod_d2e_norm_op1  c_w.l(btod.o)
    0x1803215c   0x00000338   Code   RO         8339    CL$$btod_div_common  c_w.l(btod.o)
    0x18032494   0x00000084   Code   RO         8337    CL$$btod_e2d        c_w.l(btod.o)
    0x18032518   0x000000dc   Code   RO         8336    CL$$btod_e2e        c_w.l(btod.o)
    0x180325f4   0x0000002a   Code   RO         8333    CL$$btod_ediv       c_w.l(btod.o)
    0x1803261e   0x0000002a   Code   RO         8335    CL$$btod_edivd      c_w.l(btod.o)
    0x18032648   0x0000002a   Code   RO         8332    CL$$btod_emul       c_w.l(btod.o)
    0x18032672   0x0000002a   Code   RO         8334    CL$$btod_emuld      c_w.l(btod.o)
    0x1803269c   0x00000244   Code   RO         8338    CL$$btod_mult_common  c_w.l(btod.o)
    0x180328e0   0x00000004   Code   RO         5927    SVC_TABLE           SVC_Table.o
    0x180328e4   0x0000000a   Ven    RO         8496    Veneer$$Code        anon$$obj.o
    0x180328ee   0x0000000a   Ven    RO         8497    Veneer$$Code        anon$$obj.o
    0x180328f8   0x00000012   Code   RO         5116    i.$Sub$$main        retarget.o
    0x1803290a   0x00000008   Code   RO         4658    i.<Func1>           SerialBase.o
    0x18032912   0x00000002   PAD
    0x18032914   0x00000034   Code   RO         5277    i.BusFault_Handler_C  cmsis_nvic.o
    0x18032948   0x00000050   Code   RO         5278    i.HardFault_Handler_C  cmsis_nvic.o
    0x18032998   0x00000094   Code   RO         7379    i.MD5Final          wifi_sta_ap.ar(wifi_md5.o)
    0x18032a2c   0x00000784   Code   RO         7381    i.MD5Transform      wifi_sta_ap.ar(wifi_md5.o)
    0x180331b0   0x00000038   Code   RO         5279    i.MemManage_Handler_C  cmsis_nvic.o
    0x180331e8   0x0000001c   Code   RO         5280    i.NMI_Handler       cmsis_nvic.o
    0x18033204   0x0000018c   Code   RO         7035    i.SHA1Final         wifi_sta_ap.ar(wifi_sha1.o)
    0x18033390   0x00000f40   Code   RO         7037    i.SHA1Transform     wifi_sta_ap.ar(wifi_sha1.o)
    0x180342d0   0x00000078   Code   RO         7038    i.SHA1Update        wifi_sta_ap.ar(wifi_sha1.o)
    0x18034348   0x00000058   Code   RO         5302    i.SystemCoreClockUpdate  system_RDA5991H.o
    0x180343a0   0x00000038   Code   RO         5303    i.SystemInit        system_RDA5991H.o
    0x180343d8   0x00000038   Code   RO         5281    i.UsageFault_Handler_C  cmsis_nvic.o
    0x18034410   0x000000b8   Code   RO          283    i._Z10cjson_testv   main.o
    0x180344c8   0x00000128   Code   RO          284    i._Z11test_serialv  main.o
    0x180345f0   0x0000010c   Code   RO           64    i._Z13base64_encodePci  b64.o
    0x180346fc   0x00000078   Code   RO           19    i._Z13time_callbackPKv  airkiss_func.o
    0x18034774   0x000000c4   Code   RO          287    i._Z14rx_irq_handlerv  main.o
    0x18034838   0x000001d0   Code   RO          293    i._Z17scanNconnect_wifiv  main.o
    0x18034a08   0x0000004c   Code   RO          294    i._Z18TraverseDbLinkListP4Node  main.o
    0x18034a54   0x00000088   Code   RO          299    i._Z19InsertEleDbLinkListP4Nodeih  main.o
    0x18034adc   0x00000082   Code   RO            4    i._Z8rc4_initPhS_m  RC4_Encrypt.o
    0x18034b5e   0x00000058   Code   RO            6    i._Z9rc4_cryptPhS_m  RC4_Encrypt.o
    0x18034bb6   0x00000016   Code   RO         2104    i._ZN18WiFiStackInterface11get_gatewayEv  WiFiStackInterface.o
    0x18034bcc   0x00000016   Code   RO         2105    i._ZN18WiFiStackInterface11get_netmaskEv  WiFiStackInterface.o
    0x18034be2   0x00000020   Code   RO         2106    i._ZN18WiFiStackInterface11scan_resultEP19rda5981_scan_resultj  WiFiStackInterface.o
    0x18034c02   0x00000016   Code   RO         2112    i._ZN18WiFiStackInterface14get_ip_addressEv  WiFiStackInterface.o
    0x18034c18   0x00000020   Code   RO         2123    i._ZN18WiFiStackInterface4scanEPKch  WiFiStackInterface.o
    0x18034c38   0x00000130   Code   RO         2125    i._ZN18WiFiStackInterface7connectEPKcS1_S1_14nsapi_securityh  WiFiStackInterface.o
    0x18034d68   0x00000054   Code   RO         2136    i._ZN18WiFiStackInterfaceC1Ev  WiFiStackInterface.o
    0x18034dbc   0x00000002   Code   RO           57    i._ZN18WiFiStackInterfaceD1Ev  airkiss_func.o
    0x18034dbe   0x00000006   Code   RO         4659    i._ZN4mbed10SerialBase10_base_getcEv  SerialBase.o
    0x18034dc4   0x0000000e   Code   RO         4660    i._ZN4mbed10SerialBase10_base_putcEi  SerialBase.o
    0x18034dd2   0x00000014   Code   RO         4662    i._ZN4mbed10SerialBase12_irq_handlerEj9SerialIrq  SerialBase.o
    0x18034de6   0x00000024   Code   RO         4663    i._ZN4mbed10SerialBase4baudEi  SerialBase.o
    0x18034e0a   0x00000002   Code   RO         4664    i._ZN4mbed10SerialBase4lockEv  SerialBase.o
    0x18034e0c   0x00000052   Code   RO         4665    i._ZN4mbed10SerialBase6attachENS_8CallbackIFvvEEENS0_7IrqTypeE  SerialBase.o
    0x18034e5e   0x0000002e   Code   RO         4666    i._ZN4mbed10SerialBase6formatEiNS0_6ParityEi  SerialBase.o
    0x18034e8c   0x00000002   Code   RO         4667    i._ZN4mbed10SerialBase6unlockEv  SerialBase.o
    0x18034e8e   0x00000020   Code   RO         4668    i._ZN4mbed10SerialBase8readableEv  SerialBase.o
    0x18034eae   0x00000002   PAD
    0x18034eb0   0x00000050   Code   RO         4670    i._ZN4mbed10SerialBaseC1E7PinNameS1_  SerialBase.o
    0x18034f00   0x00000028   Code   RO         4851    i._ZN4mbed5TimerC1Ev  Timer.o
    0x18034f28   0x00000004   Code   RO         4187    i._ZN4mbed8FileBase11getPathTypeEv  FileBase.o
    0x18034f2c   0x0000009c   Code   RO         4189    i._ZN4mbed8FileBase6lookupEPKcj  FileBase.o
    0x18034fc8   0x00000018   Code   RO         4255    i._ZN4mbed8FilePath10fileSystemEv  FilePath.o
    0x18034fe0   0x0000001c   Code   RO         4257    i._ZN4mbed8FilePath4fileEv  FilePath.o
    0x18034ffc   0x0000000a   Code   RO         4258    i._ZN4mbed8FilePath6existsEv  FilePath.o
    0x18035006   0x00000018   Code   RO         4259    i._ZN4mbed8FilePath6isFileEv  FilePath.o
    0x1803501e   0x00000004   Code   RO         4260    i._ZN4mbed8FilePath8fileNameEv  FilePath.o
    0x18035022   0x00000040   Code   RO         4261    i._ZN4mbed8FilePathC1EPKc  FilePath.o
    0x18035062   0x00000002   PAD
    0x18035064   0x00000128   Code   RO          360    i._ZN4mbed8GpadcKey12_irq_handlerEht11gpadc_event  gpadckey.o
    0x1803518c   0x00000110   Code   RO          363    i._ZN4mbed8GpadcKeyC1ENS_7KeyNameE  gpadckey.o
    0x1803529c   0x00000024   Code   RO          365    i._ZN4mbed8GpadcKeyD1Ev  gpadckey.o
    0x180352c0   0x00000020   Code   RO         4515    i._ZN4mbed9RawSerial4getcEv  RawSerial.o
    0x180352e0   0x00000002   Code   RO         4516    i._ZN4mbed9RawSerial4lockEv  RawSerial.o
    0x180352e2   0x00000002   PAD
    0x180352e4   0x000000d6   Code   RO         4519    i._ZN4mbed9RawSerial6printfEPKcz  RawSerial.o
    0x180353ba   0x00000002   Code   RO         4520    i._ZN4mbed9RawSerial6unlockEv  RawSerial.o
    0x180353bc   0x00000010   Code   RO         4521    i._ZN4mbed9RawSerialC1E7PinNameS1_  RawSerial.o
    0x180353cc   0x00000002   Code   RO          354    i._ZN4mbed9RawSerialD1Ev  main.o
    0x180353ce   0x00000006   Code   RO         5735    i._ZN4rtos5Mutex4lockEj  Mutex.o
    0x180353d4   0x00000006   Code   RO         5736    i._ZN4rtos5Mutex6unlockEv  Mutex.o
    0x180353da   0x00000002   PAD
    0x180353dc   0x00000054   Code   RO         5738    i._ZN4rtos5MutexC1Ev  Mutex.o
    0x18035430   0x0000000e   Code   RO         5739    i._ZN4rtos5MutexD1Ev  Mutex.o
    0x1803543e   0x00000020   Code   RO         5788    i._ZN4rtos6Thread11constructorE10osPriorityjPh  Thread.o
    0x1803545e   0x00000004   Code   RO         5795    i._ZN4rtos6Thread4waitEj  Thread.o
    0x18035462   0x00000002   PAD
    0x18035464   0x00000054   Code   RO         5804    i._ZN4rtos6ThreadD1Ev  Thread.o
    0x180354b8   0x0000003c   Code   RO         5753    i._ZN4rtos9RtosTimer11constructorEN4mbed8CallbackIFvvEEE13os_timer_type  RtosTimer.o
    0x180354f4   0x0000000e   Code   RO         5756    i._ZN4rtos9RtosTimerD1Ev  RtosTimer.o
    0x18035502   0x00000006   Code   RO         5768    i._ZN4rtos9Semaphore4waitEj  Semaphore.o
    0x18035508   0x00000006   Code   RO         5769    i._ZN4rtos9Semaphore7releaseEv  Semaphore.o
    0x1803550e   0x0000001c   Code   RO         5770    i._ZN4rtos9SemaphoreC1Ei  Semaphore.o
    0x1803552a   0x0000000e   Code   RO         5771    i._ZN4rtos9SemaphoreD1Ev  Semaphore.o
    0x18035538   0x00000048   Code   RO         3650    i._ZN6Socket5closeEv  Socket.o
    0x18035580   0x00000028   Code   RO         3652    i._ZN6SocketC2Ev    Socket.o
    0x180355a8   0x00000050   Code   RO         3843    i._ZN9UDPSocket5eventEv  UDPSocket.o
    0x180355f8   0x00000028   Code   RO         3848    i._ZN9UDPSocketC1Ev  UDPSocket.o
    0x18035620   0x00000034   Code   RO         3850    i._ZN9UDPSocketD1Ev  UDPSocket.o
    0x18035654   0x0000000a   Code   RO         5122    i._ZdaPv            retarget.o
    0x1803565e   0x00000002   PAD
    0x18035660   0x00000034   Code   RO         5124    i._Znaj             retarget.o
    0x18035694   0x0000000a   Code   RO         2670    i.__ARM_common_memclr4_10  lwip_dhcp.o
    0x1803569e   0x00000008   Code   RO         2222    i.__ARM_common_memclr4_6  WiFiStackInterface.o
    0x180356a6   0x00000008   Code   RO         2007    i.__ARM_common_memclr4_8  ssl_tls.o
    0x180356ae   0x0000000a   Code   RO         6646    i.__ARM_common_memcpy4_6  wifi_sta_ap.ar(wland_if_sta.o)
    0x180356b8   0x00000010   Code   RO         6538    i.__ARM_common_memset4_8  wifi_sta_ap.ar(wland_flash.o)
    0x180356c8   0x00000030   Code   RO         8393    i.__ARM_fpclassify  m_wm.l(fpclassify.o)
    0x180356f8   0x00000038   Code   RO         5283    i.__NVIC_SetVector  cmsis_nvic.o
    0x18035730   0x00000024   Code   RO         7898    i.__aeabi_vec_ctor_nocookie_nodtor  cpprt_w.l(aeabi_vec_ctor_nocookie_nodtor.o)
    0x18035754   0x00000006   Code   RO         7789    i.__cxa_pure_virtual  cpprt_w.l(pure_virt.o)
    0x1803575a   0x00000006   PAD
    0x18035760   0x000000f8   Code   RO         8395    i.__hardfp___mathlib_tofloat  m_wm.l(narrow.o)
    0x18035858   0x000000d0   Code   RO         8448    i.__hardfp_ldexp    m_wm.l(ldexp.o)
    0x18035928   0x00000020   Code   RO         8470    i.__mathlib_dbl_overflow  m_wm.l(dunder.o)
    0x18035948   0x00000020   Code   RO         8472    i.__mathlib_dbl_underflow  m_wm.l(dunder.o)
    0x18035968   0x00000012   Code   RO         8396    i.__mathlib_narrow  m_wm.l(narrow.o)
    0x1803597a   0x00000002   PAD
    0x1803597c   0x00000098   Code   RO           25    i.__sti___16_airkiss_func_cpp_5cc72f6d  airkiss_func.o
    0x18035a14   0x000000d8   Code   RO          301    i.__sti___8_main_cpp_wifi  main.o
    0x18035aec   0x00000014   Code   RO         8450    i.__support_ldexp   m_wm.l(ldexp.o)
    0x18035b00   0x0000002c   Code   RO         5876    i.__user_perthread_libspace  RTX_Conf_CM.o
    0x18035b2c   0x00000020   Code   RO         5270    i.__user_setup_stackheap  sys.o
    0x18035b4c   0x00000048   Code   RO         6167    i._init_box         rt_MemBox.o
    0x18035b94   0x0000000e   Code   RO         7655    i._is_digit         c_w.l(__printf_wp.o)
    0x18035ba2   0x00000002   PAD
    0x18035ba4   0x00000020   Code   RO         5877    i._mutex_acquire    RTX_Conf_CM.o
    0x18035bc4   0x0000004c   Code   RO         5878    i._mutex_initialize  RTX_Conf_CM.o
    0x18035c10   0x0000001c   Code   RO         5879    i._mutex_release    RTX_Conf_CM.o
    0x18035c2c   0x0000002c   Code   RO         5126    i._sys_close        retarget.o
    0x18035c58   0x00000028   Code   RO         5129    i._sys_flen         retarget.o
    0x18035c80   0x00000028   Code   RO         5130    i._sys_istty        retarget.o
    0x18035ca8   0x00000234   Code   RO         5131    i._sys_open         retarget.o
    0x18035edc   0x00000028   Code   RO         5133    i._sys_seek         retarget.o
    0x18035f04   0x00000090   Code   RO         5134    i._sys_write        retarget.o
    0x18035f94   0x00000086   Code   RO           70    i.add_item_to_object  cJSON.o
    0x1803601a   0x00000016   Code   RO         7367    i.aes_decrypt       wifi_sta_ap.ar(wifi_aes.o)
    0x18036030   0x0000000e   Code   RO         7368    i.aes_decrypt_deinit  wifi_sta_ap.ar(wifi_aes.o)
    0x1803603e   0x00000062   Code   RO         7369    i.aes_decrypt_init  wifi_sta_ap.ar(wifi_aes.o)
    0x180360a0   0x00000016   Code   RO         7370    i.aes_encrypt       wifi_sta_ap.ar(wifi_aes.o)
    0x180360b6   0x0000000e   Code   RO         7371    i.aes_encrypt_deinit  wifi_sta_ap.ar(wifi_aes.o)
    0x180360c4   0x00000062   Code   RO         7372    i.aes_encrypt_init  wifi_sta_ap.ar(wifi_aes.o)
    0x18036126   0x00000002   PAD
    0x18036128   0x000000d8   Code   RO         7019    i.aes_unwrap        wifi_sta_ap.ar(wifi_aes_wrap.o)
    0x18036200   0x000000a0   Code   RO         7020    i.aes_wrap          wifi_sta_ap.ar(wifi_aes_wrap.o)
    0x180362a0   0x00000040   Code   RO         5313    i.analogin_free     analogin_api.o
    0x180362e0   0x000000f8   Code   RO         5314    i.analogin_init     analogin_api.o
    0x180363d8   0x00000006   Code   RO         5316    i.analogin_read_u16  analogin_api.o
    0x180363de   0x00000002   PAD
    0x180363e0   0x00000038   Code   RO         2228    i.assert_printf     lwip_sys_arch.o
    0x18036418   0x00000032   Code   RO           71    i.buffer_skip_whitespace  cJSON.o
    0x1803644a   0x00000002   PAD
    0x1803644c   0x00000014   Code   RO           78    i.cJSON_AddItemToObject  cJSON.o
    0x18036460   0x00000024   Code   RO           96    i.cJSON_CreateObject  cJSON.o
    0x18036484   0x0000005c   Code   RO           99    i.cJSON_CreateString  cJSON.o
    0x180364e0   0x00000054   Code   RO          103    i.cJSON_Delete      cJSON.o
    0x18036534   0x00000008   Code   RO          132    i.cJSON_Parse       cJSON.o
    0x1803653c   0x000000f0   Code   RO          133    i.cJSON_ParseWithOpts  cJSON.o
    0x1803662c   0x0000000c   Code   RO          134    i.cJSON_Print       cJSON.o
    0x18036638   0x000000a8   Code   RO         4947    i.core_util_critical_section_enter  mbed_critical.o
    0x180366e0   0x00000074   Code   RO         4948    i.core_util_critical_section_exit  mbed_critical.o
    0x18036754   0x0000001c   Code   RO         3316    i.cyclic_timer      lwip_timeouts.o
    0x18036770   0x00000004   Code   RO         5859    i.default_idle_hook  rtos_idle.o
    0x18036774   0x00000138   Code   RO         2614    i.dhcp_arp_reply    lwip_dhcp.o
    0x180368ac   0x00000180   Code   RO         2615    i.dhcp_bind         lwip_dhcp.o
    0x18036a2c   0x00000220   Code   RO         2617    i.dhcp_coarse_tmr   lwip_dhcp.o
    0x18036c4c   0x00000290   Code   RO         2618    i.dhcp_create_msg   lwip_dhcp.o
    0x18036edc   0x000000c0   Code   RO         2619    i.dhcp_delete_msg   lwip_dhcp.o
    0x18036f9c   0x0000020c   Code   RO         2620    i.dhcp_discover     lwip_dhcp.o
    0x180371a8   0x000000c4   Code   RO         2621    i.dhcp_fine_tmr     lwip_dhcp.o
    0x1803726c   0x00000090   Code   RO         2622    i.dhcp_handle_ack   lwip_dhcp.o
    0x180372fc   0x00000030   Code   RO         2624    i.dhcp_network_changed  lwip_dhcp.o
    0x1803732c   0x00000044   Code   RO         2625    i.dhcp_option       lwip_dhcp.o
    0x18037370   0x000000e0   Code   RO         2626    i.dhcp_option_hostname  lwip_dhcp.o
    0x18037450   0x000000a0   Code   RO         2627    i.dhcp_option_long  lwip_dhcp.o
    0x180374f0   0x00000044   Code   RO         2628    i.dhcp_option_short  lwip_dhcp.o
    0x18037534   0x000000f8   Code   RO         2629    i.dhcp_option_trailer  lwip_dhcp.o
    0x1803762c   0x0000016c   Code   RO         2630    i.dhcp_reboot       lwip_dhcp.o
    0x18037798   0x000004fc   Code   RO         2631    i.dhcp_recv         lwip_dhcp.o
    0x18037c94   0x00000140   Code   RO         2632    i.dhcp_release      lwip_dhcp.o
    0x18037dd4   0x00000158   Code   RO         2633    i.dhcp_renew        lwip_dhcp.o
    0x18037f2c   0x000001c0   Code   RO         2634    i.dhcp_select       lwip_dhcp.o
    0x180380ec   0x00000410   Code   RO         2636    i.dhcp_start        lwip_dhcp.o
    0x180384fc   0x000000c8   Code   RO         2637    i.dhcp_stop         lwip_dhcp.o
    0x180385c4   0x000000cc   Code   RO         2877    i.dns_call_found    lwip_dns.o
    0x18038690   0x00000018   Code   RO         2881    i.dns_getserver     lwip_dns.o
    0x180386a8   0x00000002   Code   RO         2882    i.dns_init          lwip_dns.o
    0x180386aa   0x00000002   PAD
    0x180386ac   0x00000144   Code   RO         2884    i.dns_send          lwip_dns.o
    0x180387f0   0x00000028   Code   RO         2885    i.dns_setserver     lwip_dns.o
    0x18038818   0x00000150   Code   RO         2886    i.dns_tmr           lwip_dns.o
    0x18038968   0x00000108   Code   RO         2961    i.do_memp_free_pool  lwip_memp.o
    0x18038a70   0x0000010c   Code   RO         2962    i.do_memp_malloc_pool_fn  lwip_memp.o
    0x18038b7c   0x0000009c   Code   RO          146    i.ensure            cJSON.o
    0x18038c18   0x00000012   Code   RO         4971    i.error             mbed_error.o
    0x18038c2a   0x00000002   PAD
    0x18038c2c   0x0000023c   Code   RO         2675    i.etharp_arp_input  lwip_etharp.o
    0x18038e68   0x00000060   Code   RO         2676    i.etharp_cleanup_netif  lwip_etharp.o
    0x18038ec8   0x00000200   Code   RO         2678    i.etharp_find_entry  lwip_etharp.o
    0x180390c8   0x00000038   Code   RO         2679    i.etharp_free_entry  lwip_etharp.o
    0x18039100   0x00000284   Code   RO         2681    i.etharp_output     lwip_etharp.o
    0x18039384   0x000000ac   Code   RO         2682    i.etharp_output_to_arp_index  lwip_etharp.o
    0x18039430   0x000001d0   Code   RO         2683    i.etharp_query      lwip_etharp.o
    0x18039600   0x0000000c   Code   RO         2684    i.etharp_request    lwip_etharp.o
    0x1803960c   0x0000013c   Code   RO         2685    i.etharp_request_dst  lwip_etharp.o
    0x18039748   0x0000009c   Code   RO         2686    i.etharp_tmr        lwip_etharp.o
    0x180397e4   0x000000b8   Code   RO         3375    i.ethernet_input    lwip_ethernet.o
    0x1803989c   0x00000020   Code   RO         5136    i.exit              retarget.o
    0x180398bc   0x0000001a   Code   RO         7691    i.fputc             c_w.l(fputc.o)
    0x180398d6   0x00000002   PAD
    0x180398d8   0x0000008c   Code   RO         8432    i.frexp             m_wm.l(frexp.o)
    0x18039964   0x00000008   Code   RO         5091    i.get_us_ticker_data  mbed_us_ticker_api.o
    0x1803996c   0x0000008c   Code   RO         5510    i.gpadc_interrupt_handler  rda_gpadc_api.o
    0x180399f8   0x000000a8   Code   RO         5337    i.gpio_dir          gpio_api.o
    0x18039aa0   0x0000006c   Code   RO         5338    i.gpio_init         gpio_api.o
    0x18039b0c   0x00000028   Code   RO         4979    i.gpio_init_in      mbed_gpio.o
    0x18039b34   0x00000048   Code   RO         4982    i.gpio_init_out     mbed_gpio.o
    0x18039b7c   0x000000a4   Code   RO         4983    i.gpio_init_out_ex  mbed_gpio.o
    0x18039c20   0x00000010   Code   RO         5356    i.gpio_irq_free     gpio_irq_api.o
    0x18039c30   0x00000154   Code   RO         5357    i.gpio_irq_init     gpio_irq_api.o
    0x18039d84   0x00000008   Code   RO         5339    i.gpio_mode         gpio_api.o
    0x18039d8c   0x000000bc   Code   RO         5360    i.handle_interrupt_in  gpio_irq_api.o
    0x18039e48   0x00000018   Code   RO         7383    i.hmac_md5          wifi_sta_ap.ar(wifi_md5.o)
    0x18039e60   0x00000204   Code   RO         7384    i.hmac_md5_vector   wifi_sta_ap.ar(wifi_md5.o)
    0x1803a064   0x00000018   Code   RO         7039    i.hmac_sha1         wifi_sta_ap.ar(wifi_sha1.o)
    0x1803a07c   0x00000204   Code   RO         7040    i.hmac_sha1_vector  wifi_sta_ap.ar(wifi_sha1.o)
    0x1803a280   0x000000d0   Code   RO         2708    i.icmp_dest_unreach  lwip_icmp.o
    0x1803a350   0x00000244   Code   RO         2709    i.icmp_input        lwip_icmp.o
    0x1803a594   0x000000a8   Code   RO         2710    i.icmp_time_exceeded  lwip_icmp.o
    0x1803a63c   0x0000001c   Code   RO         2721    i.igmp_init         lwip_igmp.o
    0x1803a658   0x000001ec   Code   RO         2722    i.igmp_input        lwip_igmp.o
    0x1803a844   0x00000028   Code   RO         2727    i.igmp_lookfor_group  lwip_igmp.o
    0x1803a86c   0x0000006c   Code   RO         2728    i.igmp_report_groups  lwip_igmp.o
    0x1803a8d8   0x0000011c   Code   RO         2729    i.igmp_send         lwip_igmp.o
    0x1803a9f4   0x00000080   Code   RO         2730    i.igmp_start        lwip_igmp.o
    0x1803aa74   0x00000054   Code   RO         2732    i.igmp_tmr          lwip_igmp.o
    0x1803aac8   0x0000000c   Code   RO         2906    i.inet_chksum       lwip_inet_chksum.o
    0x1803aad4   0x000000b0   Code   RO         2907    i.inet_chksum_pbuf  lwip_inet_chksum.o
    0x1803ab84   0x000000f6   Code   RO         2908    i.inet_chksum_pseudo  lwip_inet_chksum.o
    0x1803ac7a   0x00000002   PAD
    0x1803ac7c   0x000000d4   Code   RO         6851    i.initWifiWpaSm     wifi_sta_ap.ar(wifi_wpa.o)
    0x1803ad50   0x0000003c   Code   RO         2777    i.ip4_addr_isbroadcast_u32  lwip_ip4_addr.o
    0x1803ad8c   0x000001e0   Code   RO         2799    i.ip4_frag          lwip_ip4_frag.o
    0x1803af6c   0x000002a8   Code   RO         2753    i.ip4_input         lwip_ip4.o
    0x1803b214   0x00000038   Code   RO         2755    i.ip4_output_if     lwip_ip4.o
    0x1803b24c   0x00000038   Code   RO         2756    i.ip4_output_if_opt  lwip_ip4.o
    0x1803b284   0x000001ec   Code   RO         2757    i.ip4_output_if_opt_src  lwip_ip4.o
    0x1803b470   0x00000022   Code   RO         2758    i.ip4_output_if_src  lwip_ip4.o
    0x1803b492   0x00000002   PAD
    0x1803b494   0x00000438   Code   RO         2800    i.ip4_reass         lwip_ip4_frag.o
    0x1803b8cc   0x000000a0   Code   RO         2759    i.ip4_route         lwip_ip4.o
    0x1803b96c   0x00000148   Code   RO         2779    i.ip4addr_aton      lwip_ip4_addr.o
    0x1803bab4   0x000000a4   Code   RO         2781    i.ip4addr_ntoa_r    lwip_ip4_addr.o
    0x1803bb58   0x00000010   Code   RO         2910    i.ip_chksum_pseudo  lwip_inet_chksum.o
    0x1803bb68   0x000001a8   Code   RO         2801    i.ip_reass_remove_oldest_datagram  lwip_ip4_frag.o
    0x1803bd10   0x0000019c   Code   RO         2802    i.ip_reass_tmr      lwip_ip4_frag.o
    0x1803beac   0x00000054   Code   RO         2803    i.ipfrag_free_pbuf_custom  lwip_ip4_frag.o
    0x1803bf00   0x00000052   Code   RO         6152    i.isr_mbx_receive   rt_Mailbox.o
    0x1803bf52   0x0000000e   Code   RO         6153    i.isr_mbx_send      rt_Mailbox.o
    0x1803bf60   0x00000010   Code   RO         6196    i.isr_sem_send      rt_Semaphore.o
    0x1803bf70   0x00000018   Code   RO         5401    i.lp_ticker_clear_interrupt  lp_ticker.o
    0x1803bf88   0x00000010   Code   RO         5402    i.lp_ticker_disable_interrupt  lp_ticker.o
    0x1803bf98   0x00000044   Code   RO         5403    i.lp_ticker_init    lp_ticker.o
    0x1803bfdc   0x0000000c   Code   RO         5004    i.lp_ticker_irq_handler  mbed_lp_ticker_api.o
    0x1803bfe8   0x00000044   Code   RO         5404    i.lp_ticker_read    lp_ticker.o
    0x1803c02c   0x000000d8   Code   RO         5405    i.lp_ticker_set_interrupt  lp_ticker.o
    0x1803c104   0x0000002e   Code   RO         2927    i.lwip_init         lwip_init.o
    0x1803c132   0x00000062   Code   RO         2912    i.lwip_standard_chksum  lwip_inet_chksum.o
    0x1803c194   0x00000044   Code   RO         6422    i.maclib_check_status  wifi_sta_ap.ar(maclib_task.o)
    0x1803c1d8   0x0000000c   Code   RO         6423    i.maclib_is_sleep_allowed  wifi_sta_ap.ar(maclib_task.o)
    0x1803c1e4   0x00000140   Code   RO         6424    i.maclib_task       wifi_sta_ap.ar(maclib_task.o)
    0x1803c324   0x00000174   Code   RO          302    i.main              main.o
    0x1803c498   0x00000054   Code   RO         4914    i.mbed_assert_internal  mbed_assert.o
    0x1803c4ec   0x00000012   Code   RO         4922    i.mbed_die          mbed_board.o
    0x1803c4fe   0x00000002   PAD
    0x1803c500   0x00000054   Code   RO         4923    i.mbed_error_printf  mbed_board.o
    0x1803c554   0x0000004c   Code   RO         4924    i.mbed_error_vfprintf  mbed_board.o
    0x1803c5a0   0x00000114   Code   RO         6425    i.mbed_event_handle_cb  wifi_sta_ap.ar(maclib_task.o)
    0x1803c6b4   0x0000000c   Code   RO         3398    i.mbed_link_fail    lwip_stack.o
    0x1803c6c0   0x00000044   Code   RO         3402    i.mbed_lwip_bringdownlink  lwip_stack.o
    0x1803c704   0x000001e4   Code   RO         3403    i.mbed_lwip_bringup  lwip_stack.o
    0x1803c8e8   0x0000001c   Code   RO         3405    i.mbed_lwip_get_gateway  lwip_stack.o
    0x1803c904   0x0000001e   Code   RO         3406    i.mbed_lwip_get_ip_addr  lwip_stack.o
    0x1803c922   0x00000002   PAD
    0x1803c924   0x00000024   Code   RO         3407    i.mbed_lwip_get_ip_address  lwip_stack.o
    0x1803c948   0x0000001c   Code   RO         3410    i.mbed_lwip_get_netmask  lwip_stack.o
    0x1803c964   0x000000bc   Code   RO         3412    i.mbed_lwip_init    lwip_stack.o
    0x1803ca20   0x00000018   Code   RO         3414    i.mbed_lwip_netif_link_irq  lwip_stack.o
    0x1803ca38   0x00000050   Code   RO         3415    i.mbed_lwip_netif_status_irq  lwip_stack.o
    0x1803ca88   0x00000098   Code   RO         3418    i.mbed_lwip_set_mac_address  lwip_stack.o
    0x1803cb20   0x00000018   Code   RO         3436    i.mbed_lwip_tcpip_init_irq  lwip_stack.o
    0x1803cb38   0x000000b4   Code   RO         2283    i.mbed_mac_address  rda5991h_wland.o
    0x1803cbec   0x00000002   Code   RO         5137    i.mbed_main         retarget.o
    0x1803cbee   0x00000002   PAD
    0x1803cbf0   0x00000018   Code   RO         6426    i.mbed_mltask_sleep_cb  wifi_sta_ap.ar(maclib_task.o)
    0x1803cc08   0x00000028   Code   RO         6427    i.mbed_mltask_wakeup_cb  wifi_sta_ap.ar(maclib_task.o)
    0x1803cc30   0x00000468   Code   RO         6832    i.mbed_recv_pkt     wifi_sta_ap.ar(wland_recv.o)
    0x1803d098   0x0000001c   Code   RO         5418    i.mbed_sdk_init     mbed_overrides.o
    0x1803d0b4   0x0000002a   Code   RO         5329    i.mbedtls_hardware_poll  entropy_hardware_poll.o
    0x1803d0de   0x00000002   PAD
    0x1803d0e0   0x000000e8   Code   RO         7385    i.md5_vector        wifi_sta_ap.ar(wifi_md5.o)
    0x1803d1c8   0x0000020c   Code   RO         2943    i.mem_free          lwip_mem.o
    0x1803d3d4   0x0000007c   Code   RO         2944    i.mem_init          lwip_mem.o
    0x1803d450   0x00000234   Code   RO         2945    i.mem_malloc        lwip_mem.o
    0x1803d684   0x00000170   Code   RO         2946    i.mem_trim          lwip_mem.o
    0x1803d7f4   0x00000040   Code   RO         2963    i.memp_free         lwip_memp.o
    0x1803d834   0x000000b0   Code   RO         2965    i.memp_init         lwip_memp.o
    0x1803d8e4   0x0000004c   Code   RO         2967    i.memp_malloc_fn    lwip_memp.o
    0x1803d930   0x000000a0   Code   RO         3060    i.netif_add         lwip_netif.o
    0x1803d9d0   0x00000002   Code   RO         3062    i.netif_init        lwip_netif.o
    0x1803d9d2   0x00000002   PAD
    0x1803d9d4   0x000000f0   Code   RO         3065    i.netif_set_addr    lwip_netif.o
    0x1803dac4   0x0000000c   Code   RO         3066    i.netif_set_default  lwip_netif.o
    0x1803dad0   0x00000034   Code   RO         3067    i.netif_set_down    lwip_netif.o
    0x1803db04   0x00000008   Code   RO         3070    i.netif_set_link_callback  lwip_netif.o
    0x1803db0c   0x0000001e   Code   RO         3071    i.netif_set_link_down  lwip_netif.o
    0x1803db2a   0x00000064   Code   RO         3072    i.netif_set_link_up  lwip_netif.o
    0x1803db8e   0x00000008   Code   RO         3074    i.netif_set_status_callback  lwip_netif.o
    0x1803db96   0x00000058   Code   RO         3075    i.netif_set_up      lwip_netif.o
    0x1803dbee   0x00000002   PAD
    0x1803dbf0   0x00000018   Code   RO         5935    i.osDelay           rt_CMSIS.o
    0x1803dc08   0x00000098   Code   RO         5936    i.osKernelInitialize  rt_CMSIS.o
    0x1803dca0   0x000000c0   Code   RO         5938    i.osKernelStart     rt_CMSIS.o
    0x1803dd60   0x00000054   Code   RO         5946    i.osMessageCreate   rt_CMSIS.o
    0x1803ddb4   0x00000058   Code   RO         5947    i.osMessageGet      rt_CMSIS.o
    0x1803de0c   0x00000044   Code   RO         5948    i.osMessagePut      rt_CMSIS.o
    0x1803de50   0x0000004c   Code   RO         5949    i.osMutexCreate     rt_CMSIS.o
    0x1803de9c   0x00000018   Code   RO         5950    i.osMutexDelete     rt_CMSIS.o
    0x1803deb4   0x00000018   Code   RO         5951    i.osMutexRelease    rt_CMSIS.o
    0x1803decc   0x00000018   Code   RO         5952    i.osMutexWait       rt_CMSIS.o
    0x1803dee4   0x00000054   Code   RO         5957    i.osSemaphoreCreate  rt_CMSIS.o
    0x1803df38   0x00000018   Code   RO         5958    i.osSemaphoreDelete  rt_CMSIS.o
    0x1803df50   0x00000044   Code   RO         5959    i.osSemaphoreRelease  rt_CMSIS.o
    0x1803df94   0x00000018   Code   RO         5960    i.osSemaphoreWait   rt_CMSIS.o
    0x1803dfac   0x00000034   Code   RO         5965    i.osThreadCreate    rt_CMSIS.o
    0x1803dfe0   0x00000018   Code   RO         5966    i.osThreadExit      rt_CMSIS.o
    0x1803dff8   0x00000018   Code   RO         5971    i.osThreadTerminate  rt_CMSIS.o
    0x1803e010   0x00000018   Code   RO         5972    i.osThreadYield     rt_CMSIS.o
    0x1803e028   0x0000007c   Code   RO         5974    i.osTimerCreate     rt_CMSIS.o
    0x1803e0a4   0x00000018   Code   RO         5975    i.osTimerDelete     rt_CMSIS.o
    0x1803e0bc   0x00000018   Code   RO         5976    i.osTimerStart      rt_CMSIS.o
    0x1803e0d4   0x00000018   Code   RO         5977    i.osTimerStop       rt_CMSIS.o
    0x1803e0ec   0x00000044   Code   RO         5978    i.osTimerThread     rt_CMSIS.o
    0x1803e130   0x00000044   Code   RO         5880    i.os_error          RTX_Conf_CM.o
    0x1803e174   0x00000044   Code   RO         7056    i.os_get_random     wifi_sta_ap.ar(wifi_wpa_common.o)
    0x1803e1b8   0x00000004   Code   RO         5881    i.os_idle_demon     RTX_Conf_CM.o
    0x1803e1bc   0x0000000c   Code   RO         5980    i.os_resume         rt_CMSIS.o
    0x1803e1c8   0x0000000c   Code   RO         5981    i.os_suspend        rt_CMSIS.o
    0x1803e1d4   0x00000028   Code   RO         6209    i.os_tick_init      rt_System.o
    0x1803e1fc   0x00000002   Code   RO         6210    i.os_tick_irqack    rt_System.o
    0x1803e1fe   0x00000002   PAD
    0x1803e200   0x0000028e   Code   RO          148    i.parse_string      cJSON.o
    0x1803e48e   0x00000002   PAD
    0x1803e490   0x000004b4   Code   RO          149    i.parse_value       cJSON.o
    0x1803e944   0x0000012e   Code   RO         7041    i.pbkdf2_sha1       wifi_sta_ap.ar(wifi_sha1.o)
    0x1803ea72   0x00000002   PAD
    0x1803ea74   0x00000308   Code   RO         3100    i.pbuf_alloc        lwip_pbuf.o
    0x1803ed7c   0x0000008c   Code   RO         3101    i.pbuf_alloced_custom  lwip_pbuf.o
    0x1803ee08   0x000000e0   Code   RO         3102    i.pbuf_cat          lwip_pbuf.o
    0x1803eee8   0x00000088   Code   RO         3103    i.pbuf_chain        lwip_pbuf.o
    0x1803ef70   0x00000012   Code   RO         3104    i.pbuf_clen         lwip_pbuf.o
    0x1803ef82   0x00000002   PAD
    0x1803ef84   0x000001a0   Code   RO         3106    i.pbuf_copy         lwip_pbuf.o
    0x1803f124   0x000000d4   Code   RO         3107    i.pbuf_copy_partial  lwip_pbuf.o
    0x1803f1f8   0x0000011c   Code   RO         3109    i.pbuf_free         lwip_pbuf.o
    0x1803f314   0x00000038   Code   RO         3110    i.pbuf_free_ooseq_callback  lwip_pbuf.o
    0x1803f34c   0x00000006   Code   RO         3112    i.pbuf_header       lwip_pbuf.o
    0x1803f352   0x00000006   Code   RO         3113    i.pbuf_header_force  lwip_pbuf.o
    0x1803f358   0x000000e0   Code   RO         3114    i.pbuf_header_impl  lwip_pbuf.o
    0x1803f438   0x00000038   Code   RO         3117    i.pbuf_put_at       lwip_pbuf.o
    0x1803f470   0x00000144   Code   RO         3118    i.pbuf_realloc      lwip_pbuf.o
    0x1803f5b4   0x0000001c   Code   RO         3119    i.pbuf_ref          lwip_pbuf.o
    0x1803f5d0   0x0000012c   Code   RO         3122    i.pbuf_take         lwip_pbuf.o
    0x1803f6fc   0x00000110   Code   RO         3123    i.pbuf_take_at      lwip_pbuf.o
    0x1803f80c   0x000000f0   Code   RO         5426    i.pin_function      pinmap.o
    0x1803f8fc   0x00000060   Code   RO         5427    i.pin_mode          pinmap.o
    0x1803f95c   0x00000028   Code   RO         5030    i.pinmap_find_peripheral  mbed_pinmap_common.o
    0x1803f984   0x00000060   Code   RO         5031    i.pinmap_function   mbed_pinmap_common.o
    0x1803f9e4   0x0000003c   Code   RO         5032    i.pinmap_merge      mbed_pinmap_common.o
    0x1803fa20   0x00000060   Code   RO         5033    i.pinmap_peripheral  mbed_pinmap_common.o
    0x1803fa80   0x0000005c   Code   RO         5034    i.pinmap_pinout     mbed_pinmap_common.o
    0x1803fadc   0x00000034   Code   RO         5882    i.pre_main          RTX_Conf_CM.o
    0x1803fb10   0x000000b0   Code   RO          150    i.print             cJSON.o
    0x1803fbc0   0x00000130   Code   RO          151    i.print_string_ptr  cJSON.o
    0x1803fcf0   0x000004f0   Code   RO          152    i.print_value       cJSON.o
    0x180401e0   0x000000ac   Code   RO         2284    i.r91h_wifiif_input  rda5991h_wland.o
    0x1804028c   0x000000c4   Code   RO         7033    i.rc4_skip          wifi_sta_ap.ar(wifi_rc4.o)
    0x18040350   0x00000058   Code   RO         6314    i.rd_rf_usb_reg     hal.ar(rda_ccfg_api.o)
    0x180403a8   0x000000b8   Code   RO         6700    i.rda5981_check_scan_result  wifi_sta_ap.ar(wland_scan.o)
    0x18040460   0x00000058   Code   RO         6703    i.rda5981_del_scan_all_result  wifi_sta_ap.ar(wland_scan.o)
    0x180404b8   0x00000094   Code   RO         6704    i.rda5981_del_scan_result  wifi_sta_ap.ar(wland_scan.o)
    0x1804054c   0x0000011c   Code   RO         6748    i.rda5981_enable_sniffer  wifi_sta_ap.ar(wland_sniffer.o)
    0x18040668   0x00000164   Code   RO         6446    i.rda5981_erase_flash  wifi_sta_ap.ar(wland_flash.o)
    0x180407cc   0x000000b4   Code   RO         6463    i.rda5981_flash_read_ip_addr  wifi_sta_ap.ar(wland_flash.o)
    0x18040880   0x000000c4   Code   RO         6464    i.rda5981_flash_read_mac_addr  wifi_sta_ap.ar(wland_flash.o)
    0x18040944   0x00000038   Code   RO         6465    i.rda5981_flash_read_pmk  wifi_sta_ap.ar(wland_flash.o)
    0x1804097c   0x00000050   Code   RO         6466    i.rda5981_flash_read_sta_data  wifi_sta_ap.ar(wland_flash.o)
    0x180409cc   0x0000005c   Code   RO         6473    i.rda5981_flash_write_ip_addr  wifi_sta_ap.ar(wland_flash.o)
    0x18040a28   0x00000068   Code   RO         6474    i.rda5981_flash_write_mac_addr  wifi_sta_ap.ar(wland_flash.o)
    0x18040a90   0x00000050   Code   RO         6600    i.rda5981_get_joined_AP  wifi_sta_ap.ar(wland_if_sta.o)
    0x18040ae0   0x000000c0   Code   RO         6706    i.rda5981_get_scan_result  wifi_sta_ap.ar(wland_scan.o)
    0x18040ba0   0x000000e4   Code   RO         6478    i.rda5981_read_flash  wifi_sta_ap.ar(wland_flash.o)
    0x18040c84   0x0000029c   Code   RO         6479    i.rda5981_read_user_data  wifi_sta_ap.ar(wland_flash.o)
    0x18040f20   0x0000016c   Code   RO         6710    i.rda5981_scan      wifi_sta_ap.ar(wland_scan.o)
    0x1804108c   0x000001bc   Code   RO         6751    i.rda5981_start_sniffer  wifi_sta_ap.ar(wland_sniffer.o)
    0x18041248   0x000000d0   Code   RO         6486    i.rda5981_write_flash  wifi_sta_ap.ar(wland_flash.o)
    0x18041318   0x00000278   Code   RO         6487    i.rda5981_write_user_data  wifi_sta_ap.ar(wland_flash.o)
    0x18041590   0x00000014   Code   RO         2285    i.rda91h_etharp_output  rda5991h_wland.o
    0x180415a4   0x00000094   Code   RO         2286    i.rda91h_low_level_output  rda5991h_wland.o
    0x18041638   0x0000020c   Code   RO         6319    i.rda_aes_crypt     hal.ar(rda_aes_api.o)
    0x18041844   0x00000006   Code   RO         6774    i.rda_alarm_create  wifi_sta_ap.ar(rda_sys_wrapper.o)
    0x1804184a   0x00000002   PAD
    0x1804184c   0x0000012c   Code   RO         6775    i.rda_alarm_create_v2  wifi_sta_ap.ar(rda_sys_wrapper.o)
    0x18041978   0x00000070   Code   RO         6776    i.rda_alarm_delete  wifi_sta_ap.ar(rda_sys_wrapper.o)
    0x180419e8   0x00000014   Code   RO         6777    i.rda_alarm_start   wifi_sta_ap.ar(rda_sys_wrapper.o)
    0x180419fc   0x0000001e   Code   RO         6778    i.rda_alarm_stop    wifi_sta_ap.ar(rda_sys_wrapper.o)
    0x18041a1a   0x0000003e   Code   RO         6272    i.rda_ccfg_adc_free  hal.ar(rda_ccfg_api.o)
    0x18041a58   0x00000068   Code   RO         6273    i.rda_ccfg_adc_gp   hal.ar(rda_ccfg_api.o)
    0x18041ac0   0x00000058   Code   RO         6274    i.rda_ccfg_adc_init  hal.ar(rda_ccfg_api.o)
    0x18041b18   0x00000074   Code   RO         6275    i.rda_ccfg_adc_oenb  hal.ar(rda_ccfg_api.o)
    0x18041b8c   0x000000e4   Code   RO         6276    i.rda_ccfg_adc_read  hal.ar(rda_ccfg_api.o)
    0x18041c70   0x0000002c   Code   RO         6277    i.rda_ccfg_aontmr   hal.ar(rda_ccfg_api.o)
    0x18041c9c   0x000000d2   Code   RO         6278    i.rda_ccfg_aontmr_cksrc  hal.ar(rda_ccfg_api.o)
    0x18041d6e   0x00000002   PAD
    0x18041d70   0x000000f8   Code   RO         6279    i.rda_ccfg_boot     hal.ar(rda_ccfg_api.o)
    0x18041e68   0x00000028   Code   RO         6280    i.rda_ccfg_ckrst    hal.ar(rda_ccfg_api.o)
    0x18041e90   0x0000006c   Code   RO         6281    i.rda_ccfg_gp       hal.ar(rda_ccfg_api.o)
    0x18041efc   0x00000020   Code   RO         6284    i.rda_ccfg_hwver    hal.ar(rda_ccfg_api.o)
    0x18041f1c   0x0000002c   Code   RO         2287    i.rda_create_interrupt  rda5991h_wland.o
    0x18041f48   0x00000020   Code   RO         2288    i.rda_critical_sec_end  rda5991h_wland.o
    0x18041f68   0x00000024   Code   RO         2289    i.rda_critical_sec_start  rda5991h_wland.o
    0x18041f8c   0x00000008   Code   RO         2290    i.rda_delete_interrupt  rda5991h_wland.o
    0x18041f94   0x0000001a   Code   RO         2291    i.rda_disable_interrupt  rda5991h_wland.o
    0x18041fae   0x0000001a   Code   RO         2292    i.rda_enable_interrupt  rda5991h_wland.o
    0x18041fc8   0x00000004   Code   RO         6779    i.rda_get_cur_time_ms  wifi_sta_ap.ar(rda_sys_wrapper.o)
    0x18041fcc   0x00000024   Code   RO         2293    i.rda_get_macaddr   rda5991h_wland.o
    0x18041ff0   0x00000028   Code   RO         5511    i.rda_gpadc_free    rda_gpadc_api.o
    0x18042018   0x00000098   Code   RO         5512    i.rda_gpadc_init    rda_gpadc_api.o
    0x180420b0   0x00000034   Code   RO         6780    i.rda_mail_create   wifi_sta_ap.ar(rda_sys_wrapper.o)
    0x180420e4   0x00000038   Code   RO         6781    i.rda_mail_get      wifi_sta_ap.ar(rda_sys_wrapper.o)
    0x1804211c   0x00000030   Code   RO         6782    i.rda_mail_put      wifi_sta_ap.ar(rda_sys_wrapper.o)
    0x1804214c   0x00000010   Code   RO         6785    i.rda_msg_put       wifi_sta_ap.ar(rda_sys_wrapper.o)
    0x1804215c   0x00000014   Code   RO         2294    i.rda_netif_down    rda5991h_wland.o
    0x18042170   0x00000024   Code   RO         2295    i.rda_netif_input   rda5991h_wland.o
    0x18042194   0x00000014   Code   RO         2296    i.rda_netif_link_down  rda5991h_wland.o
    0x180421a8   0x00000014   Code   RO         2297    i.rda_netif_link_up  rda5991h_wland.o
    0x180421bc   0x00000014   Code   RO         2298    i.rda_netif_up      rda5991h_wland.o
    0x180421d0   0x0000001c   Code   RO         6790    i.rda_sem_create    wifi_sta_ap.ar(rda_sys_wrapper.o)
    0x180421ec   0x0000001c   Code   RO         6791    i.rda_sem_delete    wifi_sta_ap.ar(rda_sys_wrapper.o)
    0x18042208   0x00000010   Code   RO         6792    i.rda_sem_release   wifi_sta_ap.ar(rda_sys_wrapper.o)
    0x18042218   0x00000012   Code   RO         6793    i.rda_sem_wait      wifi_sta_ap.ar(rda_sys_wrapper.o)
    0x1804222a   0x00000002   PAD
    0x1804222c   0x00000038   Code   RO         5584    i.rda_timer_irq_set  rda_timer_isr.o
    0x18042264   0x0000004c   Code   RO         5585    i.rda_timer_isr     rda_timer_isr.o
    0x180422b0   0x0000001a   Code   RO         6168    i.rt_alloc_box      rt_MemBox.o
    0x180422ca   0x00000002   PAD
    0x180422cc   0x00000050   Code   RO         6234    i.rt_block          rt_Task.o
    0x1804231c   0x00000048   Code   RO         6191    i.rt_chk_robin      rt_Robin.o
    0x18042364   0x000000c8   Code   RO         6131    i.rt_dec_dly        rt_List.o
    0x1804242c   0x00000080   Code   RO         6235    i.rt_dispatch       rt_Task.o
    0x180424ac   0x00000006   Code   RO         6256    i.rt_dly_wait       rt_Time.o
    0x180424b2   0x00000002   PAD
    0x180424b4   0x00000054   Code   RO         6122    i.rt_evt_psh        rt_Event.o
    0x18042508   0x0000002e   Code   RO         6169    i.rt_free_box       rt_MemBox.o
    0x18042536   0x0000002a   Code   RO         6132    i.rt_get_first      rt_List.o
    0x18042560   0x00000024   Code   RO         6133    i.rt_get_same_rdy_prio  rt_List.o
    0x18042584   0x00000018   Code   RO         6192    i.rt_init_robin     rt_Robin.o
    0x1804259c   0x000000ec   Code   RO         5869    i.rt_init_stack     HAL_CM.o
    0x18042688   0x00000008   Code   RO         6154    i.rt_mbx_check      rt_Mailbox.o
    0x18042690   0x0000001a   Code   RO         6155    i.rt_mbx_init       rt_Mailbox.o
    0x180426aa   0x00000002   PAD
    0x180426ac   0x00000114   Code   RO         6156    i.rt_mbx_psh        rt_Mailbox.o
    0x180427c0   0x000000a4   Code   RO         6157    i.rt_mbx_send       rt_Mailbox.o
    0x18042864   0x000000b8   Code   RO         6158    i.rt_mbx_wait       rt_Mailbox.o
    0x1804291c   0x00000048   Code   RO         5982    i.rt_ms2tick        rt_CMSIS.o
    0x18042964   0x000000b8   Code   RO         6180    i.rt_mut_delete     rt_Mutex.o
    0x18042a1c   0x00000010   Code   RO         6181    i.rt_mut_init       rt_Mutex.o
    0x18042a2c   0x000000e4   Code   RO         6182    i.rt_mut_release    rt_Mutex.o
    0x18042b10   0x0000006c   Code   RO         6183    i.rt_mut_wait       rt_Mutex.o
    0x18042b7c   0x00000080   Code   RO         6213    i.rt_pop_req        rt_System.o
    0x18042bfc   0x00000020   Code   RO         6214    i.rt_psh_req        rt_System.o
    0x18042c1c   0x0000005c   Code   RO         6134    i.rt_psq_enq        rt_List.o
    0x18042c78   0x00000068   Code   RO         6135    i.rt_put_dly        rt_List.o
    0x18042ce0   0x00000042   Code   RO         6136    i.rt_put_prio       rt_List.o
    0x18042d22   0x00000002   PAD
    0x18042d24   0x00000014   Code   RO         6137    i.rt_put_rdy_first  rt_List.o
    0x18042d38   0x0000008c   Code   RO         6138    i.rt_resort_prio    rt_List.o
    0x18042dc4   0x000000e4   Code   RO         6215    i.rt_resume         rt_System.o
    0x18042ea8   0x00000012   Code   RO         5870    i.rt_ret_val        HAL_CM.o
    0x18042eba   0x00000014   Code   RO         5871    i.rt_ret_val2       HAL_CM.o
    0x18042ece   0x0000002c   Code   RO         6139    i.rt_rmv_dly        rt_List.o
    0x18042efa   0x00000002   PAD
    0x18042efc   0x00000030   Code   RO         6140    i.rt_rmv_list       rt_List.o
    0x18042f2c   0x00000060   Code   RO         6197    i.rt_sem_delete     rt_Semaphore.o
    0x18042f8c   0x0000000c   Code   RO         6198    i.rt_sem_init       rt_Semaphore.o
    0x18042f98   0x00000034   Code   RO         6199    i.rt_sem_psh        rt_Semaphore.o
    0x18042fcc   0x0000002a   Code   RO         6200    i.rt_sem_send       rt_Semaphore.o
    0x18042ff6   0x00000002   PAD
    0x18042ff8   0x00000044   Code   RO         6201    i.rt_sem_wait       rt_Semaphore.o
    0x1804303c   0x00000024   Code   RO         6216    i.rt_stk_check      rt_System.o
    0x18043060   0x00000070   Code   RO         6217    i.rt_suspend        rt_System.o
    0x180430d0   0x00000024   Code   RO         6236    i.rt_switch_req     rt_Task.o
    0x180430f4   0x00000128   Code   RO         6237    i.rt_sys_init       rt_Task.o
    0x1804321c   0x00000080   Code   RO         6238    i.rt_sys_start      rt_Task.o
    0x1804329c   0x00000040   Code   RO         6218    i.rt_systick        rt_System.o
    0x180432dc   0x0000000c   Code   RO         6259    i.rt_time_get       rt_Time.o
    0x180432e8   0x000000e4   Code   RO         6239    i.rt_tsk_create     rt_Task.o
    0x180433cc   0x0000016c   Code   RO         6240    i.rt_tsk_delete     rt_Task.o
    0x18043538   0x00000044   Code   RO         6241    i.rt_tsk_pass       rt_Task.o
    0x1804357c   0x0000007c   Code   RO         6242    i.rt_tsk_prio       rt_Task.o
    0x180435f8   0x00000010   Code   RO         6243    i.rt_tsk_self       rt_Task.o
    0x18043608   0x0000002c   Code   RO         5613    i.rtc_base_update   rtc_api.o
    0x18043634   0x0000000c   Code   RO         5861    i.rtos_idle_loop    rtos_idle.o
    0x18043640   0x000000cc   Code   RO         5632    i.serial_baud       serial_api.o
    0x1804370c   0x000000f4   Code   RO         5636    i.serial_format     serial_api.o
    0x18043800   0x00000044   Code   RO         5638    i.serial_getc       serial_api.o
    0x18043844   0x0000016c   Code   RO         5639    i.serial_init       serial_api.o
    0x180439b0   0x00000020   Code   RO         5640    i.serial_irq_handler  serial_api.o
    0x180439d0   0x0000001c   Code   RO         5641    i.serial_irq_set    serial_api.o
    0x180439ec   0x000000bc   Code   RO         5642    i.serial_irq_set_internal  serial_api.o
    0x18043aa8   0x00000048   Code   RO         5644    i.serial_putc       serial_api.o
    0x18043af0   0x0000000a   Code   RO         5645    i.serial_readable   serial_api.o
    0x18043afa   0x00000002   PAD
    0x18043afc   0x00000160   Code   RO         5646    i.serial_set_flow_control  serial_api.o
    0x18043c5c   0x00000108   Code   RO         7057    i.setWifiSmPmk      wifi_sta_ap.ar(wifi_wpa_common.o)
    0x18043d64   0x00000034   Code   RO         5883    i.set_stack_heap    RTX_Conf_CM.o
    0x18043d98   0x00000094   Code   RO         7042    i.sha1_prf          wifi_sta_ap.ar(wifi_sha1.o)
    0x18043e2c   0x000000cc   Code   RO         7043    i.sha1_vector       wifi_sta_ap.ar(wifi_sha1.o)
    0x18043ef8   0x0000070c   Code   RO         5284    i.show_regs         cmsis_nvic.o
    0x18044604   0x00000004   Code   RO         5681    i.sleep             sleep.o
    0x18044608   0x00000080   Code   RO         6348    i.sleep_cal_lpo     hal.ar(rda_sleep_api.o)
    0x18044688   0x0000007c   Code   RO         6349    i.sleep_entry_register  hal.ar(rda_sleep_api.o)
    0x18044704   0x000001a0   Code   RO         6350    i.sleep_management  hal.ar(rda_sleep_api.o)
    0x180448a4   0x00000068   Code   RO         5285    i.stack_dump        cmsis_nvic.o
    0x1804490c   0x00000014   Code   RO         3162    i.stats_init        lwip_stats.o
    0x18044920   0x00000030   Code   RO         7937    i.strtod            m_wm.l(strtod.o)
    0x18044950   0x000000bc   Code   RO         6852    i.supp_alloc_eapol  wifi_sta_ap.ar(wifi_wpa.o)
    0x18044a0c   0x00000014   Code   RO         5984    i.svcDelay          rt_CMSIS.o
    0x18044a20   0x00000078   Code   RO         5985    i.svcKernelInitialize  rt_CMSIS.o
    0x18044a98   0x0000000c   Code   RO         5986    i.svcKernelRunning  rt_CMSIS.o
    0x18044aa4   0x0000004c   Code   RO         5987    i.svcKernelStart    rt_CMSIS.o
    0x18044af0   0x0000002c   Code   RO         5990    i.svcMessageCreate  rt_CMSIS.o
    0x18044b1c   0x00000044   Code   RO         5991    i.svcMessageGet     rt_CMSIS.o
    0x18044b60   0x0000003c   Code   RO         5992    i.svcMessagePut     rt_CMSIS.o
    0x18044b9c   0x0000001e   Code   RO         5993    i.svcMutexCreate    rt_CMSIS.o
    0x18044bba   0x0000001c   Code   RO         5994    i.svcMutexDelete    rt_CMSIS.o
    0x18044bd6   0x00000022   Code   RO         5995    i.svcMutexRelease   rt_CMSIS.o
    0x18044bf8   0x00000038   Code   RO         5996    i.svcMutexWait      rt_CMSIS.o
    0x18044c30   0x00000026   Code   RO         5998    i.svcSemaphoreCreate  rt_CMSIS.o
    0x18044c56   0x0000001c   Code   RO         5999    i.svcSemaphoreDelete  rt_CMSIS.o
    0x18044c72   0x0000002a   Code   RO         6000    i.svcSemaphoreRelease  rt_CMSIS.o
    0x18044c9c   0x00000032   Code   RO         6001    i.svcSemaphoreWait  rt_CMSIS.o
    0x18044cce   0x00000002   PAD
    0x18044cd0   0x0000007c   Code   RO         6005    i.svcThreadCreate   rt_CMSIS.o
    0x18044d4c   0x0000001c   Code   RO         6006    i.svcThreadGetId    rt_CMSIS.o
    0x18044d68   0x00000038   Code   RO         6009    i.svcThreadTerminate  rt_CMSIS.o
    0x18044da0   0x0000000a   Code   RO         6010    i.svcThreadYield    rt_CMSIS.o
    0x18044daa   0x0000001a   Code   RO         6011    i.svcTimerCall      rt_CMSIS.o
    0x18044dc4   0x00000054   Code   RO         6012    i.svcTimerCreate    rt_CMSIS.o
    0x18044e18   0x00000064   Code   RO         6013    i.svcTimerDelete    rt_CMSIS.o
    0x18044e7c   0x000000bc   Code   RO         6014    i.svcTimerStart     rt_CMSIS.o
    0x18044f38   0x00000054   Code   RO         6015    i.svcTimerStop      rt_CMSIS.o
    0x18044f8c   0x000000b0   Code   RO         6020    i.sysTimerTick      rt_CMSIS.o
    0x1804503c   0x000000c4   Code   RO         6021    i.sysUserTimerUpdate  rt_CMSIS.o
    0x18045100   0x00000014   Code   RO         6022    i.sysUserTimerWakeupTime  rt_CMSIS.o
    0x18045114   0x00000040   Code   RO         2229    i.sys_arch_mbox_fetch  lwip_sys_arch.o
    0x18045154   0x00000038   Code   RO         2231    i.sys_arch_protect  lwip_sys_arch.o
    0x1804518c   0x00000036   Code   RO         2232    i.sys_arch_sem_wait  lwip_sys_arch.o
    0x180451c2   0x00000002   PAD
    0x180451c4   0x0000003c   Code   RO         2233    i.sys_arch_unprotect  lwip_sys_arch.o
    0x18045200   0x00000038   Code   RO         2234    i.sys_init          lwip_sys_arch.o
    0x18045238   0x00000064   Code   RO         2237    i.sys_mbox_new      lwip_sys_arch.o
    0x1804529c   0x00000034   Code   RO         2238    i.sys_mbox_post     lwip_sys_arch.o
    0x180452d0   0x00000014   Code   RO         2239    i.sys_mbox_trypost  lwip_sys_arch.o
    0x180452e4   0x00000034   Code   RO         2242    i.sys_mutex_lock    lwip_sys_arch.o
    0x18045318   0x00000028   Code   RO         2243    i.sys_mutex_new     lwip_sys_arch.o
    0x18045340   0x00000030   Code   RO         2244    i.sys_mutex_unlock  lwip_sys_arch.o
    0x18045370   0x00000010   Code   RO         2245    i.sys_now           lwip_sys_arch.o
    0x18045380   0x00000044   Code   RO         2247    i.sys_sem_new       lwip_sys_arch.o
    0x180453c4   0x00000016   Code   RO         2248    i.sys_sem_signal    lwip_sys_arch.o
    0x180453da   0x00000002   PAD
    0x180453dc   0x000000d0   Code   RO         2249    i.sys_thread_new    lwip_sys_arch.o
    0x180454ac   0x000000e0   Code   RO         3317    i.sys_timeout       lwip_timeouts.o
    0x1804558c   0x00000034   Code   RO         3318    i.sys_timeouts_init  lwip_timeouts.o
    0x180455c0   0x00000094   Code   RO         3319    i.sys_timeouts_mbox_fetch  lwip_timeouts.o
    0x18045654   0x000001cc   Code   RO         3177    i.tcp_abandon       lwip_tcp.o
    0x18045820   0x00000006   Code   RO         3178    i.tcp_abort         lwip_tcp.o
    0x18045826   0x00000002   PAD
    0x18045828   0x000001e4   Code   RO         3181    i.tcp_alloc         lwip_tcp.o
    0x18045a0c   0x00000068   Code   RO         3183    i.tcp_backlog_accepted  lwip_tcp.o
    0x18045a74   0x0000023c   Code   RO         3187    i.tcp_close_shutdown  lwip_tcp.o
    0x18045cb0   0x000000c4   Code   RO         3283    i.tcp_create_segment  lwip_tcp_out.o
    0x18045d74   0x00000028   Code   RO         3190    i.tcp_eff_send_mss_impl  lwip_tcp.o
    0x18045d9c   0x000001e8   Code   RO         3284    i.tcp_enqueue_flags  lwip_tcp_out.o
    0x18045f84   0x000000c0   Code   RO         3192    i.tcp_fasttmr       lwip_tcp.o
    0x18046044   0x00000014   Code   RO         3193    i.tcp_init          lwip_tcp.o
    0x18046058   0x000007e0   Code   RO         3264    i.tcp_input         lwip_tcp_in.o
    0x18046838   0x0000007c   Code   RO         3285    i.tcp_keepalive     lwip_tcp_out.o
    0x180468b4   0x00000084   Code   RO         3195    i.tcp_netif_ipv4_addr_changed  lwip_tcp.o
    0x18046938   0x00000368   Code   RO         3286    i.tcp_output        lwip_tcp_out.o
    0x18046ca0   0x000000b0   Code   RO         3287    i.tcp_output_alloc_header  lwip_tcp_out.o
    0x18046d50   0x0000012c   Code   RO         3265    i.tcp_parseopt      lwip_tcp_in.o
    0x18046e7c   0x000000d4   Code   RO         3199    i.tcp_pcb_purge     lwip_tcp.o
    0x18046f50   0x000000d8   Code   RO         3200    i.tcp_pcb_remove    lwip_tcp.o
    0x18047028   0x000004d4   Code   RO         3266    i.tcp_process       lwip_tcp_in.o
    0x180474fc   0x00000092   Code   RO         3202    i.tcp_process_refused_data  lwip_tcp.o
    0x1804758e   0x00000002   PAD
    0x18047590   0x00000b84   Code   RO         3267    i.tcp_receive       lwip_tcp_in.o
    0x18048114   0x00000034   Code   RO         3204    i.tcp_recv_null     lwip_tcp.o
    0x18048148   0x00000100   Code   RO         3205    i.tcp_recved        lwip_tcp.o
    0x18048248   0x0000004a   Code   RO         3288    i.tcp_rexmit        lwip_tcp_out.o
    0x18048292   0x00000096   Code   RO         3289    i.tcp_rexmit_fast   lwip_tcp_out.o
    0x18048328   0x0000002e   Code   RO         3290    i.tcp_rexmit_rto    lwip_tcp_out.o
    0x18048356   0x00000002   PAD
    0x18048358   0x000000ec   Code   RO         3291    i.tcp_rst           lwip_tcp_out.o
    0x18048444   0x00000034   Code   RO         3206    i.tcp_seg_copy      lwip_tcp.o
    0x18048478   0x00000020   Code   RO         3207    i.tcp_seg_free      lwip_tcp.o
    0x18048498   0x00000026   Code   RO         3208    i.tcp_segs_free     lwip_tcp.o
    0x180484be   0x0000008a   Code   RO         3292    i.tcp_send_empty_ack  lwip_tcp_out.o
    0x18048548   0x00000046   Code   RO         3293    i.tcp_send_fin      lwip_tcp_out.o
    0x1804858e   0x00000002   PAD
    0x18048590   0x000004c0   Code   RO         3212    i.tcp_slowtmr       lwip_tcp.o
    0x18048a50   0x00000038   Code   RO         3321    i.tcp_timer_needed  lwip_timeouts.o
    0x18048a88   0x00000024   Code   RO         3213    i.tcp_tmr           lwip_tcp.o
    0x18048aac   0x00000010   Code   RO         3268    i.tcp_trigger_input_pcb_close  lwip_tcp_in.o
    0x18048abc   0x00000074   Code   RO         3215    i.tcp_update_rcv_ann_wnd  lwip_tcp.o
    0x18048b30   0x00000590   Code   RO         3294    i.tcp_write         lwip_tcp_out.o
    0x180490c0   0x000000e0   Code   RO         3295    i.tcp_zero_window_probe  lwip_tcp_out.o
    0x180491a0   0x0000006c   Code   RO         2577    i.tcpip_callback_with_block  lwip_tcpip.o
    0x1804920c   0x000000bc   Code   RO         2580    i.tcpip_init        lwip_tcpip.o
    0x180492c8   0x00000074   Code   RO         2581    i.tcpip_inpkt       lwip_tcpip.o
    0x1804933c   0x000000bc   Code   RO         2582    i.tcpip_input       lwip_tcpip.o
    0x180493f8   0x00000038   Code   RO         3322    i.tcpip_tcp_timer   lwip_timeouts.o
    0x18049430   0x000000a8   Code   RO         2584    i.tcpip_thread      lwip_tcpip.o
    0x180494d8   0x0000004e   Code   RO         5075    i.ticker_irq_handler  mbed_ticker_api.o
    0x18049526   0x00000006   Code   RO         5076    i.ticker_read       mbed_ticker_api.o
    0x1804952c   0x0000002c   Code   RO         5709    i.trng_free         trng_api.o
    0x18049558   0x00000068   Code   RO         5710    i.trng_get_bytes    trng_api.o
    0x180495c0   0x00000048   Code   RO         5711    i.trng_init         trng_api.o
    0x18049608   0x00000094   Code   RO         5649    i.uart0_irq         serial_api.o
    0x1804969c   0x0000009c   Code   RO         5650    i.uart1_irq         serial_api.o
    0x18049738   0x000000dc   Code   RO         3339    i.udp_bind          lwip_udp.o
    0x18049814   0x00000054   Code   RO         3340    i.udp_connect       lwip_udp.o
    0x18049868   0x00000014   Code   RO         3342    i.udp_init          lwip_udp.o
    0x1804987c   0x00000258   Code   RO         3343    i.udp_input         lwip_udp.o
    0x18049ad4   0x00000034   Code   RO         3344    i.udp_netif_ipv4_addr_changed  lwip_udp.o
    0x18049b08   0x00000038   Code   RO         3345    i.udp_new           lwip_udp.o
    0x18049b40   0x00000006   Code   RO         3347    i.udp_recv          lwip_udp.o
    0x18049b46   0x00000002   PAD
    0x18049b48   0x00000030   Code   RO         3348    i.udp_remove        lwip_udp.o
    0x18049b78   0x00000090   Code   RO         3350    i.udp_sendto        lwip_udp.o
    0x18049c08   0x00000042   Code   RO         3351    i.udp_sendto_if     lwip_udp.o
    0x18049c4a   0x00000002   PAD
    0x18049c4c   0x00000170   Code   RO         3352    i.udp_sendto_if_src  lwip_udp.o
    0x18049dbc   0x000000f4   Code   RO         6398    i.unmark_ip_in_table  wifi_sta_ap.ar(dhcps.o)
    0x18049eb0   0x00000010   Code   RO         5721    i.us_ticker_clear_interrupt  us_ticker.o
    0x18049ec0   0x00000010   Code   RO         5722    i.us_ticker_disable_interrupt  us_ticker.o
    0x18049ed0   0x000000dc   Code   RO         5723    i.us_ticker_init    us_ticker.o
    0x18049fac   0x0000000c   Code   RO         5092    i.us_ticker_irq_handler  mbed_us_ticker_api.o
    0x18049fb8   0x00000060   Code   RO         5724    i.us_ticker_read    us_ticker.o
    0x1804a018   0x000000bc   Code   RO         5725    i.us_ticker_set_interrupt  us_ticker.o
    0x1804a0d4   0x0000001c   Code   RO         5105    i.wait_ms           mbed_wait_api.o
    0x1804a0f0   0x0000013c   Code   RO         2299    i.wifi_arch_enetif_init  rda5991h_wland.o
    0x1804a22c   0x00000014   Code   RO         6853    i.wifi_inputEapolPkt  wifi_sta_ap.ar(wifi_wpa.o)
    0x1804a240   0x0000008c   Code   RO         6655    i.wland_add_ap_gtkey  wifi_sta_ap.ar(wland_if_ap.o)
    0x1804a2cc   0x00000140   Code   RO         6604    i.wland_add_gtkey   wifi_sta_ap.ar(wland_if_sta.o)
    0x1804a40c   0x00000110   Code   RO         6605    i.wland_add_ptkey   wifi_sta_ap.ar(wland_if_sta.o)
    0x1804a51c   0x00000118   Code   RO         6606    i.wland_add_wep_key  wifi_sta_ap.ar(wland_if_sta.o)
    0x1804a634   0x000000f4   Code   RO         6656    i.wland_clear_joined_sta  wifi_sta_ap.ar(wland_if_ap.o)
    0x1804a728   0x00000584   Code   RO         6607    i.wland_connect     wifi_sta_ap.ar(wland_if_sta.o)
    0x1804acac   0x0000007c   Code   RO         6608    i.wland_connect_auto_rate  wifi_sta_ap.ar(wland_if_sta.o)
    0x1804ad28   0x00000060   Code   RO         6657    i.wland_deauth_sta  wifi_sta_ap.ar(wland_if_ap.o)
    0x1804ad88   0x00000080   Code   RO         6658    i.wland_deauth_timer  wifi_sta_ap.ar(wland_if_ap.o)
    0x1804ae08   0x00000088   Code   RO         6753    i.wland_disable_sniffer  wifi_sta_ap.ar(wland_sniffer.o)
    0x1804ae90   0x00000080   Code   RO         6609    i.wland_disauth     wifi_sta_ap.ar(wland_if_sta.o)
    0x1804af10   0x000000f0   Code   RO         6610    i.wland_disconnect  wifi_sta_ap.ar(wland_if_sta.o)
    0x1804b000   0x0000015c   Code   RO         6557    i.wland_fil_get_cmd_data_v2  wifi_sta_ap.ar(wland_if.o)
    0x1804b15c   0x00000178   Code   RO         6558    i.wland_fil_set_cmd_data  wifi_sta_ap.ar(wland_if.o)
    0x1804b2d4   0x00000020   Code   RO         6559    i.wland_get_buf     wifi_sta_ap.ar(wland_if.o)
    0x1804b2f4   0x000000d0   Code   RO         6659    i.wland_get_cur_sta  wifi_sta_ap.ar(wland_if_ap.o)
    0x1804b3c4   0x00000038   Code   RO         6560    i.wland_get_databuf  wifi_sta_ap.ar(wland_if.o)
    0x1804b3fc   0x00000108   Code   RO         6660    i.wland_get_joined_sta_ip  wifi_sta_ap.ar(wland_if_ap.o)
    0x1804b504   0x0000048c   Code   RO         6835    i.wland_handle_async_info  wifi_sta_ap.ar(wland_recv.o)
    0x1804b990   0x000000b8   Code   RO         6754    i.wland_notify_sniffer_handler  wifi_sta_ap.ar(wland_sniffer.o)
    0x1804ba48   0x00000086   Code   RO         6561    i.wland_push_wid    wifi_sta_ap.ar(wland_if.o)
    0x1804bace   0x00000002   PAD
    0x1804bad0   0x000001cc   Code   RO         6611    i.wland_reconnect   wifi_sta_ap.ar(wland_if_sta.o)
    0x1804bc9c   0x000000c0   Code   RO         6562    i.wland_reg_func    wifi_sta_ap.ar(wland_if.o)
    0x1804bd5c   0x0000016c   Code   RO         6836    i.wland_rx_frames   wifi_sta_ap.ar(wland_recv.o)
    0x1804bec8   0x000001a0   Code   RO         6715    i.wland_scan        wifi_sta_ap.ar(wland_scan.o)
    0x1804c068   0x000002e4   Code   RO         6716    i.wland_scan_handler  wifi_sta_ap.ar(wland_scan.o)
    0x1804c34c   0x00000088   Code   RO         6717    i.wland_scan_order_result  wifi_sta_ap.ar(wland_scan.o)
    0x1804c3d4   0x00000004   Code   RO         6612    i.wland_set_11n_action  wifi_sta_ap.ar(wland_if_sta.o)
    0x1804c3d8   0x0000008c   Code   RO         6613    i.wland_set_ARPoffload  wifi_sta_ap.ar(wland_if_sta.o)
    0x1804c464   0x000001e0   Code   RO         6664    i.wland_set_joined_sta_mac  wifi_sta_ap.ar(wland_if_ap.o)
    0x1804c644   0x00000020   Code   RO         6614    i.wland_set_sta_sleep  wifi_sta_ap.ar(wland_if_sta.o)
    0x1804c664   0x000004a8   Code   RO         6616    i.wland_sta_init    wifi_sta_ap.ar(wland_if_sta.o)
    0x1804cb0c   0x00000038   Code   RO         6666    i.wland_sta_joined  wifi_sta_ap.ar(wland_if_ap.o)
    0x1804cb44   0x0000049c   Code   RO         6667    i.wland_start_ap    wifi_sta_ap.ar(wland_if_ap.o)
    0x1804cfe0   0x0000032c   Code   RO         6617    i.wland_start_join  wifi_sta_ap.ar(wland_if_sta.o)
    0x1804d30c   0x00000110   Code   RO         6668    i.wland_stop_ap     wifi_sta_ap.ar(wland_if_ap.o)
    0x1804d41c   0x0000030c   Code   RO         6563    i.wland_task        wifi_sta_ap.ar(wland_if.o)
    0x1804d728   0x0000009c   Code   RO         6564    i.wland_tx_data     wifi_sta_ap.ar(wland_if.o)
    0x1804d7c4   0x00000168   Code   RO         6565    i.wland_tx_msg      wifi_sta_ap.ar(wland_if.o)
    0x1804d92c   0x000000a0   Code   RO         6566    i.wland_txip_data   wifi_sta_ap.ar(wland_if.o)
    0x1804d9cc   0x00000300   Code   RO         6892    i.wpa_ap_init       wifi_sta_ap.ar(wifi_wpa_ap.o)
    0x1804dccc   0x00000040   Code   RO         6893    i.wpa_ap_sta_init   wifi_sta_ap.ar(wifi_wpa_ap.o)
    0x1804dd0c   0x0000004e   Code   RO         6926    i.wpa_bss_get_vendor_ie_trinity  wifi_sta_ap.ar(wifi_wpa_get_suites.o)
    0x1804dd5a   0x00000002   PAD
    0x1804dd5c   0x00000090   Code   RO         7058    i.wpa_eapol_key_mic  wifi_sta_ap.ar(wifi_wpa_common.o)
    0x1804ddec   0x00000100   Code   RO         6854    i.wpa_eapol_key_send  wifi_sta_ap.ar(wifi_wpa.o)
    0x1804deec   0x000000c8   Code   RO         7059    i.wpa_parse_generic  wifi_sta_ap.ar(wifi_wpa_common.o)
    0x1804dfb4   0x00000110   Code   RO         6896    i.wpa_parse_kde_ies  wifi_sta_ap.ar(wifi_wpa_ap.o)
    0x1804e0c4   0x0000040c   Code   RO         6927    i.wpa_parse_wpa_ie_rsn  wifi_sta_ap.ar(wifi_wpa_get_suites.o)
    0x1804e4d0   0x000003e4   Code   RO         6928    i.wpa_parse_wpa_ie_wpa  wifi_sta_ap.ar(wifi_wpa_get_suites.o)
    0x1804e8b4   0x000000b4   Code   RO         7060    i.wpa_pmk_to_ptk    wifi_sta_ap.ar(wifi_wpa_common.o)
    0x1804e968   0x000009b4   Code   RO         6897    i.wpa_receive       wifi_sta_ap.ar(wifi_wpa_ap.o)
    0x1804f31c   0x000000d0   Code   RO         6900    i.wpa_send_3_of_4   wifi_sta_ap.ar(wifi_wpa_ap.o)
    0x1804f3ec   0x0000022c   Code   RO         6901    i.wpa_send_eapol    wifi_sta_ap.ar(wifi_wpa_ap.o)
    0x1804f618   0x00000074   Code   RO         7061    i.wpa_sm_ether_send  wifi_sta_ap.ar(wifi_wpa_common.o)
    0x1804f68c   0x00000b88   Code   RO         6855    i.wpa_sm_rx_eapol   wifi_sta_ap.ar(wifi_wpa.o)
    0x18050214   0x00000104   Code   RO         6856    i.wpa_sm_set_gtk    wifi_sta_ap.ar(wifi_wpa.o)
    0x18050318   0x00000034   Code   RO         6902    i.wpa_start_eapol   wifi_sta_ap.ar(wifi_wpa_ap.o)
    0x1805034c   0x00000150   Code   RO         6857    i.wpa_supplicant_check_group_cipher  wifi_sta_ap.ar(wifi_wpa.o)
    0x1805049c   0x000000fc   Code   RO         6929    i.wpa_supplicant_get_encrypt  wifi_sta_ap.ar(wifi_wpa_get_suites.o)
    0x18050598   0x000001a8   Code   RO         6930    i.wpa_supplicant_get_wpaIe  wifi_sta_ap.ar(wifi_wpa_get_suites.o)
    0x18050740   0x000002d0   Code   RO         6858    i.wpa_supplicant_install_gtk  wifi_sta_ap.ar(wifi_wpa.o)
    0x18050a10   0x000000e0   Code   RO         6859    i.wpa_supplicant_pairwise_gtk  wifi_sta_ap.ar(wifi_wpa.o)
    0x18050af0   0x00000178   Code   RO         6860    i.wpa_supplicant_parse_ies  wifi_sta_ap.ar(wifi_wpa.o)
    0x18050c68   0x00000626   Code   RO         6861    i.wpa_supplicant_process_1_of_2  wifi_sta_ap.ar(wifi_wpa.o)
    0x1805128e   0x00000002   PAD
    0x18051290   0x000002e4   Code   RO         6862    i.wpa_supplicant_process_1_of_4  wifi_sta_ap.ar(wifi_wpa.o)
    0x18051574   0x00000140   Code   RO         6863    i.wpa_supplicant_send_2_of_4  wifi_sta_ap.ar(wifi_wpa.o)
    0x180516b4   0x000001f0   Code   RO         6864    i.wpa_supplicant_send_4_of_4  wifi_sta_ap.ar(wifi_wpa.o)
    0x180518a4   0x00000218   Code   RO         6931    i.wpa_supplicant_set_suites  wifi_sta_ap.ar(wifi_wpa_get_suites.o)
    0x18051abc   0x00000210   Code   RO         6865    i.wpa_supplicant_verify_eapol_key_mic  wifi_sta_ap.ar(wifi_wpa.o)
    0x18051ccc   0x00000044   Code   RO         6312    i.wr_rf_usb_reg     hal.ar(rda_ccfg_api.o)
    0x18051d10   0x0000002c   Code   RO         8078    locale$$code        c_w.l(lc_ctype_c.o)
    0x18051d3c   0x0000002c   Code   RO         8255    locale$$code        c_w.l(lc_numeric_c.o)
    0x18051d68   0x0000004c   Code   RO         3962    t._ZN12SingletonPtrIN4rtos5MutexEEptEv  FlashIAP.o
    0x18051db4   0x00000004   Code   RO           60    t._ZN4mbed8CallbackIFvvEE11_boundthunkIvEEvPvS4_  airkiss_func.o
    0x18051db8   0x00000004   Code   RO           54    t._ZN4mbed8CallbackIFvvEE12_staticthunkEPvS3_  airkiss_func.o
    0x18051dbc   0x0000000e   Code   RO         3687    t._ZN4mbed8CallbackIFvvEE5thunkEPv  Socket.o
    0x18051dca   0x00000002   PAD
    0x18051dcc   0x00000062   Code   RO         8428    x$fpl$d2f           fz_wm.l(d2f.o)
    0x18051e2e   0x00000002   PAD
    0x18051e30   0x00000010   Code   RO         8481    x$fpl$dcheck1       fz_wm.l(dcheck1.o)
    0x18051e40   0x00000018   Code   RO         8168    x$fpl$dcmpinf       fz_wm.l(dcmpi.o)
    0x18051e58   0x00000078   Code   RO         7913    x$fpl$deqf          fz_wm.l(deqf.o)
    0x18051ed0   0x0000005e   Code   RO         7915    x$fpl$dfix          fz_wm.l(dfix.o)
    0x18051f2e   0x00000002   PAD
    0x18051f30   0x00000078   Code   RO         7925    x$fpl$dleqf         fz_wm.l(dleqf.o)
    0x18051fa8   0x00000154   Code   RO         7927    x$fpl$dmul          fz_wm.l(dmul.o)
    0x180520fc   0x0000009c   Code   RO         8170    x$fpl$dnaninf       fz_wm.l(dnaninf.o)
    0x18052198   0x0000000c   Code   RO         8172    x$fpl$dretinf       fz_wm.l(dretinf.o)
    0x180521a4   0x0000006c   Code   RO         7929    x$fpl$drleqf        fz_wm.l(drleqf.o)
    0x18052210   0x0000000a   Code   RO         8311    x$fpl$fpinit        fz_wm.l(fpinit.o)
    0x1805221a   0x0000000a   Code   RO         8446    x$fpl$fretinf       fz_wm.l(fretinf.o)
    0x18052224   0x00000006   Code   RO         8385    x$fpl$ieeestatus    fz_wm.l(istatus.o)
    0x1805222a   0x00000004   Code   RO         8176    x$fpl$printf1       fz_wm.l(printf1.o)
    0x1805222e   0x00000004   Code   RO         8178    x$fpl$printf2       fz_wm.l(printf2.o)
    0x18052232   0x00000064   Code   RO         8483    x$fpl$retnan        fz_wm.l(retnan.o)
    0x18052296   0x0000005c   Code   RO         8464    x$fpl$scalbn        fz_wm.l(scalbn.o)
    0x180522f2   0x00000004   Code   RO         8184    x$fpl$scanf1        fz_wm.l(scanf1.o)
    0x180522f6   0x00000008   Code   RO         8387    x$fpl$scanf2        fz_wm.l(scanf2.o)
    0x180522fe   0x00000030   Code   RO         8485    x$fpl$trapveneer    fz_wm.l(trapv.o)
    0x1805232e   0x00000000   Code   RO         8186    x$fpl$usenofp       fz_wm.l(usenofp.o)
    0x1805232e   0x00000042   Data   RO           67    .constdata          b64.o
    0x18052370   0x00000100   Data   RO          325    .constdata          main.o
    0x18052470   0x00000004   Data   RO         2252    .constdata          lwip_sys_arch.o
    0x18052474   0x00000004   Data   RO         2784    .constdata          lwip_ip4_addr.o
    0x18052478   0x00000004   Data   RO         2785    .constdata          lwip_ip4_addr.o
    0x1805247c   0x00000014   Data   RO         2999    .constdata          lwip_memp.o
    0x18052490   0x00000014   Data   RO         3000    .constdata          lwip_memp.o
    0x180524a4   0x00000014   Data   RO         3001    .constdata          lwip_memp.o
    0x180524b8   0x00000014   Data   RO         3002    .constdata          lwip_memp.o
    0x180524cc   0x00000014   Data   RO         3003    .constdata          lwip_memp.o
    0x180524e0   0x00000014   Data   RO         3004    .constdata          lwip_memp.o
    0x180524f4   0x00000014   Data   RO         3005    .constdata          lwip_memp.o
    0x18052508   0x00000014   Data   RO         3006    .constdata          lwip_memp.o
    0x1805251c   0x00000014   Data   RO         3007    .constdata          lwip_memp.o
    0x18052530   0x00000014   Data   RO         3008    .constdata          lwip_memp.o
    0x18052544   0x00000014   Data   RO         3009    .constdata          lwip_memp.o
    0x18052558   0x00000014   Data   RO         3010    .constdata          lwip_memp.o
    0x1805256c   0x00000014   Data   RO         3011    .constdata          lwip_memp.o
    0x18052580   0x00000014   Data   RO         3012    .constdata          lwip_memp.o
    0x18052594   0x00000014   Data   RO         3013    .constdata          lwip_memp.o
    0x180525a8   0x0000013c   Data   RO         3014    .constdata          lwip_memp.o
    0x180526e4   0x00000054   Data   RO         3216    .constdata          lwip_tcp.o
    0x18052738   0x00000038   Data   RO         3323    .constdata          lwip_timeouts.o
    0x18052770   0x00000006   Data   RO         3376    .constdata          lwip_ethernet.o
    0x18052776   0x00000006   Data   RO         3377    .constdata          lwip_ethernet.o
    0x1805277c   0x00000004   Data   RO         3440    .constdata          lwip_stack.o
    0x18052780   0x00000014   Data   RO         5005    .constdata          mbed_lp_ticker_api.o
    0x18052794   0x00000008   Data   RO         5006    .constdata          mbed_lp_ticker_api.o
    0x1805279c   0x00000014   Data   RO         5093    .constdata          mbed_us_ticker_api.o
    0x180527b0   0x00000008   Data   RO         5094    .constdata          mbed_us_ticker_api.o
    0x180527b8   0x00000017   Data   RO         5183    .constdata          retarget.o
    0x180527cf   0x00000001   PAD
    0x180527d0   0x0000003c   Data   RO         5317    .constdata          analogin_api.o
    0x1805280c   0x000001b0   Data   RO         5342    .constdata          gpio_api.o
    0x180529bc   0x00000070   Data   RO         5361    .constdata          gpio_irq_api.o
    0x18052a2c   0x00000030   Data   RO         5514    .constdata          rda_gpadc_api.o
    0x18052a5c   0x00000090   Data   RO         5652    .constdata          serial_api.o
    0x18052aec   0x00000002   Data   RO         5894    .constdata          RTX_Conf_CM.o
    0x18052aee   0x00000002   PAD
    0x18052af0   0x00000004   Data   RO         5895    .constdata          RTX_Conf_CM.o
    0x18052af4   0x00000004   Data   RO         5896    .constdata          RTX_Conf_CM.o
    0x18052af8   0x00000004   Data   RO         5900    .constdata          RTX_Conf_CM.o
    0x18052afc   0x00000001   Data   RO         5901    .constdata          RTX_Conf_CM.o
    0x18052afd   0x00000003   PAD
    0x18052b00   0x00000014   Data   RO         5902    .constdata          RTX_Conf_CM.o
    0x18052b14   0x00000002   Data   RO         5903    .constdata          RTX_Conf_CM.o
    0x18052b16   0x00000002   PAD
    0x18052b18   0x00000004   Data   RO         5904    .constdata          RTX_Conf_CM.o
    0x18052b1c   0x00000001   Data   RO         5905    .constdata          RTX_Conf_CM.o
    0x18052b1d   0x00000003   PAD
    0x18052b20   0x00000014   Data   RO         5906    .constdata          RTX_Conf_CM.o
    0x18052b34   0x00000008   Data   RO         5907    .constdata          RTX_Conf_CM.o
    0x18052b3c   0x00000002   Data   RO         5908    .constdata          RTX_Conf_CM.o
    0x18052b3e   0x00000002   PAD
    0x18052b40   0x00000146   Data   RO         6266    .constdata          libairkiss.ar(airkiss.o)
    0x18052c86   0x00000002   PAD
    0x18052c88   0x0000001c   Data   RO         6289    .constdata          hal.ar(rda_ccfg_api.o)
    0x18052ca4   0x0000000c   Data   RO         6429    .constdata          wifi_sta_ap.ar(maclib_task.o)
    0x18052cb0   0x0000031a   Data   RO         6490    .constdata          wifi_sta_ap.ar(wland_flash.o)
    0x18052fca   0x00000002   PAD
    0x18052fcc   0x00000123   Data   RO         6569    .constdata          wifi_sta_ap.ar(wland_if.o)
    0x180530ef   0x00000129   Data   RO         6621    .constdata          wifi_sta_ap.ar(wland_if_sta.o)
    0x18053218   0x0000019b   Data   RO         6673    .constdata          wifi_sta_ap.ar(wland_if_ap.o)
    0x180533b3   0x00000122   Data   RO         6719    .constdata          wifi_sta_ap.ar(wland_scan.o)
    0x180534d5   0x00000110   Data   RO         6756    .constdata          wifi_sta_ap.ar(wland_sniffer.o)
    0x180535e5   0x00000010   Data   RO         6827    .constdata          wifi_sta_ap.ar(csl_mbed.o)
    0x180535f5   0x0000009d   Data   RO         6838    .constdata          wifi_sta_ap.ar(wland_recv.o)
    0x18053692   0x0000001c   Data   RO         6952    .constdata          wifi_sta_ap.ar(maccontroller.o)
    0x180536ae   0x00000082   Data   RO         6956    .constdata          wifi_sta_ap.ar(mac_init.o)
    0x18053730   0x0000001d   Data   RO         6988    .constdata          wifi_sta_ap.ar(pm_sta.o)
    0x1805374d   0x00000012   Data   RO         6992    .constdata          wifi_sta_ap.ar(virtual_host_if.o)
    0x1805375f   0x00000012   Data   RO         6996    .constdata          wifi_sta_ap.ar(host_if.o)
    0x18053771   0x0000000e   Data   RO         7004    .constdata          wifi_sta_ap.ar(imem.o)
    0x1805377f   0x00000001   PAD
    0x18053780   0x00000030   Data   RO         7009    .constdata          wifi_sta_ap.ar(imem_if.o)
    0x180537b0   0x00000ed4   Data   RO         7091    .constdata          wifi_sta_ap.ar(iconfig.o)
    0x18054684   0x000000bc   Data   RO         7109    .constdata          wifi_sta_ap.ar(sme_sta.o)
    0x18054740   0x00000011   Data   RO         7113    .constdata          wifi_sta_ap.ar(management_11e.o)
    0x18054751   0x00000003   PAD
    0x18054754   0x00000018   Data   RO         7132    .constdata          wifi_sta_ap.ar(blockack.o)
    0x1805476c   0x00000023   Data   RO         7139    .constdata          wifi_sta_ap.ar(management_11n.o)
    0x1805478f   0x0000001f   Data   RO         7202    .constdata          wifi_sta_ap.ar(fsm.o)
    0x180547ae   0x0000000a   Data   RO         7206    .constdata          wifi_sta_ap.ar(index_util.o)
    0x180547b8   0x00000048   Data   RO         7261    .constdata          wifi_sta_ap.ar(chan_mgmt_ap.o)
    0x18054800   0x0000005c   Data   RO         7267    .constdata          wifi_sta_ap.ar(management_ap.o)
    0x1805485c   0x00000014   Data   RO         7292    .constdata          wifi_sta_ap.ar(channel_sw.o)
    0x18054870   0x00000088   Data   RO         7310    .constdata          wifi_sta_ap.ar(ce_lut.o)
    0x180548f8   0x000000f6   Data   RO         7314    .constdata          wifi_sta_ap.ar(mh.o)
    0x180549ee   0x00000002   PAD
    0x180549f0   0x00000180   Data   RO         7323    .constdata          wifi_sta_ap.ar(phy_ittiam_40mhz.o)
    0x18054b70   0x00000024   Data   RO         7333    .constdata          wifi_sta_ap.ar(phy_802_11n.o)
    0x18054b94   0x00000010   Data   RO         7334    .constdata          wifi_sta_ap.ar(phy_802_11n.o)
    0x18054ba4   0x00000f38   Data   RO         7348    .constdata          wifi_sta_ap.ar(vco_rda_ittiam.o)
    0x18055adc   0x00000010   Data   RO         7361    .constdata          wifi_sta_ap.ar(qmu_rx.o)
    0x18055aec   0x00000010   Data   RO         7365    .constdata          wifi_sta_ap.ar(qmu_tx.o)
    0x18055afc   0x00000011   Data   RO         7412    .constdata          wifi_sta_ap.ar(frame_ap.o)
    0x18055b0d   0x0000001b   Data   RO         7415    .constdata          wifi_sta_ap.ar(host_rx_mlme_ap.o)
    0x18055b28   0x0000001c   Data   RO         7420    .constdata          wifi_sta_ap.ar(pm_ap.o)
    0x18055b44   0x00000048   Data   RO         7423    .constdata          wifi_sta_ap.ar(wlan_misc_ap.o)
    0x18055b8c   0x0000002d   Data   RO         7432    .constdata          wifi_sta_ap.ar(ieee_11i_sta.o)
    0x18055bb9   0x00000039   Data   RO         7441    .constdata          wifi_sta_ap.ar(host_rx_mlme_sta.o)
    0x18055bf2   0x00000026   Data   RO         7447    .constdata          wifi_sta_ap.ar(management_sta.o)
    0x18055c18   0x00000011   Data   RO         7451    .constdata          wifi_sta_ap.ar(wlan_misc_sta.o)
    0x18055c29   0x00000003   PAD
    0x18055c2c   0x000000f3   Data   RO         7454    .constdata          wifi_sta_ap.ar(wlan_rx_mgmt_sta.o)
    0x18055d1f   0x00000013   Data   RO         7482    .constdata          wifi_sta_ap.ar(tkip_sta.o)
    0x18055d32   0x00000002   PAD
    0x18055d34   0x00000070   Data   RO         7485    .constdata          wifi_sta_ap.ar(filter_action.o)
    0x18055da4   0x00000028   Data   RO         7643    .constdata          c_w.l(_printf_hex_int_ll_ptr.o)
    0x18055dcc   0x00000011   Data   RO         7663    .constdata          c_w.l(__printf_flags_ss_wp.o)
    0x18055ddd   0x00000003   PAD
    0x18055de0   0x00000008   Data   RO         8007    .constdata          c_w.l(_printf_wctomb.o)
    0x18055de8   0x00000026   Data   RO         8206    .constdata          c_w.l(_printf_fp_hex.o)
    0x18055e0e   0x00000002   PAD
    0x18055e10   0x00000094   Data   RO         8327    .constdata          c_w.l(bigflt0.o)
    0x18055ea4   0x000000a0   Data   RO         2215    .constdata__ZTV18WiFiStackInterface  WiFiStackInterface.o
    0x18055f44   0x00000018   Data   RO         3694    .constdata__ZTV6Socket  Socket.o
    0x18055f5c   0x00000018   Data   RO         3874    .constdata__ZTV9UDPSocket  UDPSocket.o
    0x18055f74   0x00000018   Data   RO         4707    .constdata__ZTVN4mbed10SerialBaseE  SerialBase.o
    0x18055f8c   0x00000010   Data   RO          384    .constdata__ZTVN4mbed8GpadcKeyE  gpadckey.o
    0x18055f9c   0x00000018   Data   RO         4544    .constdata__ZTVN4mbed9RawSerialE  RawSerial.o
    0x18055fb4   0x00000010   Data   RO         5853    .constdata__ZTVN4rtos6ThreadE  Thread.o
    0x18055fc4   0x00000014   Data   RO         3960    .constdata__ZZN12SingletonPtrIN4rtos5MutexEE3getEvEs  FlashIAP.o
    0x18055fd8   0x00000019   Data   RO         3961    .constdata__ZZN12SingletonPtrIN4rtos5MutexEE3getEvEs_0  FlashIAP.o
    0x18055ff1   0x00000003   PAD
    0x18055ff4   0x0000000c   Data   RO          385    .constdata___ARM__ZN4mbed8GpadcKey12_get_key_idxEt_anon0  gpadckey.o
    0x18056000   0x00000439   Data   RO          326    .conststring        main.o
    0x18056439   0x00000003   PAD
    0x1805643c   0x00000069   Data   RO         2301    .conststring        rda5991h_wland.o
    0x180564a5   0x00000003   PAD
    0x180564a8   0x00000045   Data   RO         2587    .conststring        lwip_tcpip.o
    0x180564ed   0x00000003   PAD
    0x180564f0   0x000000d6   Data   RO         2640    .conststring        lwip_dhcp.o
    0x180565c6   0x00000002   PAD
    0x180565c8   0x00000090   Data   RO         2688    .conststring        lwip_etharp.o
    0x18056658   0x0000004a   Data   RO         2711    .conststring        lwip_icmp.o
    0x180566a2   0x00000002   PAD
    0x180566a4   0x0000004a   Data   RO         2733    .conststring        lwip_igmp.o
    0x180566ee   0x00000002   PAD
    0x180566f0   0x00000049   Data   RO         2761    .conststring        lwip_ip4.o
    0x18056739   0x00000003   PAD
    0x1805673c   0x0000004e   Data   RO         2786    .conststring        lwip_ip4_addr.o
    0x1805678a   0x00000002   PAD
    0x1805678c   0x0000004e   Data   RO         2804    .conststring        lwip_ip4_frag.o
    0x180567da   0x00000002   PAD
    0x180567dc   0x00000044   Data   RO         2888    .conststring        lwip_dns.o
    0x18056820   0x00000044   Data   RO         2948    .conststring        lwip_mem.o
    0x18056864   0x00000008   Data   RO         3015    .conststring        lwip_memp.o
    0x1805686c   0x00000008   Data   RO         3016    .conststring        lwip_memp.o
    0x18056874   0x0000000f   Data   RO         3017    .conststring        lwip_memp.o
    0x18056883   0x00000001   PAD
    0x18056884   0x00000008   Data   RO         3018    .conststring        lwip_memp.o
    0x1805688c   0x0000000a   Data   RO         3019    .conststring        lwip_memp.o
    0x18056896   0x00000002   PAD
    0x18056898   0x0000000a   Data   RO         3020    .conststring        lwip_memp.o
    0x180568a2   0x00000002   PAD
    0x180568a4   0x00000007   Data   RO         3021    .conststring        lwip_memp.o
    0x180568ab   0x00000001   PAD
    0x180568ac   0x00000008   Data   RO         3022    .conststring        lwip_memp.o
    0x180568b4   0x0000000e   Data   RO         3023    .conststring        lwip_memp.o
    0x180568c2   0x00000002   PAD
    0x180568c4   0x00000010   Data   RO         3024    .conststring        lwip_memp.o
    0x180568d4   0x0000000b   Data   RO         3025    .conststring        lwip_memp.o
    0x180568df   0x00000001   PAD
    0x180568e0   0x0000000c   Data   RO         3026    .conststring        lwip_memp.o
    0x180568ec   0x00000006   Data   RO         3027    .conststring        lwip_memp.o
    0x180568f2   0x00000002   PAD
    0x180568f4   0x0000000d   Data   RO         3028    .conststring        lwip_memp.o
    0x18056901   0x00000003   PAD
    0x18056904   0x0000000a   Data   RO         3029    .conststring        lwip_memp.o
    0x1805690e   0x00000002   PAD
    0x18056910   0x00000045   Data   RO         3030    .conststring        lwip_memp.o
    0x18056955   0x00000003   PAD
    0x18056958   0x00000046   Data   RO         3076    .conststring        lwip_netif.o
    0x1805699e   0x00000002   PAD
    0x180569a0   0x00000045   Data   RO         3124    .conststring        lwip_pbuf.o
    0x180569e5   0x00000003   PAD
    0x180569e8   0x000000b4   Data   RO         3217    .conststring        lwip_tcp.o
    0x18056a9c   0x00000047   Data   RO         3270    .conststring        lwip_tcp_in.o
    0x18056ae3   0x00000001   PAD
    0x18056ae4   0x000000a0   Data   RO         3296    .conststring        lwip_tcp_out.o
    0x18056b84   0x00000049   Data   RO         3324    .conststring        lwip_timeouts.o
    0x18056bcd   0x00000003   PAD
    0x18056bd0   0x00000044   Data   RO         3353    .conststring        lwip_udp.o
    0x18056c14   0x00000084   Data   RO         5653    .conststring        serial_api.o
    0x18056c98   0x000000c5   Data   RO         6622    .conststring        wifi_sta_ap.ar(wland_if_sta.o)
    0x18056d5d   0x00000003   PAD
    0x18056d60   0x00000046   Data   RO         6720    .conststring        wifi_sta_ap.ar(wland_scan.o)
    0x18056da6   0x00000002   PAD
    0x18056da8   0x00000427   Data   RO         6867    .conststring        wifi_sta_ap.ar(wifi_wpa.o)
    0x180571cf   0x00000001   PAD
    0x180571d0   0x0000006b   Data   RO         6905    .conststring        wifi_sta_ap.ar(wifi_wpa_ap.o)
    0x1805723b   0x00000001   PAD
    0x1805723c   0x00000042   Data   RO         6932    .conststring        wifi_sta_ap.ar(wifi_wpa_get_suites.o)
    0x1805727e   0x00000002   PAD
    0x18057280   0x000004d1   Data   RO         7096    .conststring        wifi_sta_ap.ar(iconfig.o)
    0x18057751   0x00000003   PAD
    0x18057754   0x0000004c   Data   RO         7133    .conststring        wifi_sta_ap.ar(blockack.o)
    0x180577a0   0x00000056   Data   RO         7268    .conststring        wifi_sta_ap.ar(management_ap.o)
    0x180577f6   0x00000002   PAD
    0x180577f8   0x00000051   Data   RO         7293    .conststring        wifi_sta_ap.ar(channel_sw.o)
    0x18057849   0x00000003   PAD
    0x1805784c   0x000000d5   Data   RO         7353    .conststring        wifi_sta_ap.ar(filter.o)
    0x18057921   0x00000003   PAD
    0x18057924   0x00000046   Data   RO         7428    .conststring        wifi_sta_ap.ar(wlan_rx_mgmt_ap.o)
    0x1805796a   0x00000002   PAD
    0x1805796c   0x00000019   Data   RO         7459    .conststring        wifi_sta_ap.ar(reg_domain_rda_ittiam.o)
    0x18057985   0x00000003   PAD
    0x18057988   0x00000008   Data   RO         7464    .conststring        wifi_sta_ap.ar(filter_frame.o)
    0x18057990   0x00000086   Data   RO         7486    .conststring        wifi_sta_ap.ar(filter_action.o)
    0x18057a16   0x00000002   PAD
    0x18057a18   0x00000050   Data   RO         8487    Region$$Table       anon$$obj.o
    0x18057a68   0x00000008   Data   RO         8381    c$$dinf             fz_wm.l(fpconst.o)
    0x18057a70   0x00000008   Data   RO         8384    c$$dmax             fz_wm.l(fpconst.o)
    0x18057a78   0x00000110   Data   RO         8077    locale$$data        c_w.l(lc_ctype_c.o)
    0x18057b88   0x0000001c   Data   RO         8254    locale$$data        c_w.l(lc_numeric_c.o)
    0x18057ba4   0x00000004   Data   RO           39    .init_array         airkiss_func.o
    0x18057ba8   0x00000004   Data   RO          328    .init_array         main.o
    0x18057bac   0x00000000   Data   RO         7784    .init_array         c_w.l(init_aeabi.o)


    Execution Region RW_IRAM2 (Base: 0x40100000, Size: 0x00000000, Max: 0x00018c00, ABSOLUTE)

    **** No section assigned to this execution region ****


    Execution Region RW_IRAM3 (Base: 0x40118c00, Size: 0x00000004, Max: 0x00000c00, ABSOLUTE)

    Base Addr    Size         Type   Attr      Idx    E Section Name        Object

    0x40118c00   0x00000001   Data   RW         6321    AHB1SMEM0           hal.ar(rda_aes_api.o)


    Execution Region RW_IRAM4 (Base: 0x40119800, Size: 0x00004000, Max: 0x00006800, ABSOLUTE, COMPRESSED[0x00000084])

    Base Addr    Size         Type   Attr      Idx    E Section Name        Object

    0x40119800   0x00003fff   Data   RW         2254    AHB1SMEM1           lwip_sys_arch.o


==============================================================================

Image component sizes


      Code (inc. data)   RO Data    RW Data    ZI Data      Debug   

     76388      14072       5850      17080     244892      67940   Object Totals
        20          0         80          0     190992          0   (incl. Generated)
        78          0         66         13         21          0   (incl. Padding)
    256082      42368      16928       3232      46092     103380   Library Totals
        62          0         47         42         19          0   (incl. Padding)

==============================================================================


      Code (inc. data)   RO Data    RW Data    ZI Data      Debug   

    332470      56440      22778      20312     290984      77136   Grand Totals
    332470      56440      22778       1204     290984      77136   ELF Image Totals (compressed)
    332470      56440      22778       1204          0          0   ROM Totals

==============================================================================

    Total RO  Size (Code + RO Data)               355248 ( 346.92kB)
    Total RW  Size (RW Data + ZI Data)            311296 ( 304.00kB)
    Total ROM Size (Code + RO Data + RW Data)     356452 ( 348.10kB)

==============================================================================

