Component: ARM Compiler 5.06 update 6 (build 750) Tool: armlink [4d35ed]

==============================================================================

Memory Map of the image

  Image Entry point : 0x1800107d

  Load Region LR_IROM0 (Base: 0x18001000, Size: 0x000617ec, Max: 0x001f4000, ABSOLUTE, COMPRESSED[0x0005cccc])

    Execution Region ER_IRAMVEC (Base: 0x00100000, Size: 0x00000080, Max: 0x00000080, ABSOLUTE)

    Base Addr    Size         Type   Attr      Idx    E Section Name        Object

    0x00100000   0x00000080   Zero   RW            1    ER_IRAMVEC.bss      anon$$obj.o


    Execution Region RW_IRAM1 (Base: 0x00100080, Size: 0x00019b54, Max: 0x0001f780, ABSOLUTE, COMPRESSED[0x00000470])

    Base Addr    Size         Type   Attr      Idx    E Section Name        Object

    0x00100080   0x00000002   Code   RO         2263    i.flash_wrtie_protect  wland_flash_wp.o
    0x00100082   0x00000002   Code   RO         2264    i.flash_wrtie_protect_all  wland_flash_wp.o
    0x00100084   0x0000001c   Data   RW           28    .data               airkiss_func.o
    0x001000a0   0x00000014   Data   RW          137    .data               cJSON.o
    0x001000b4   0x00000024   Data   RW          233    .data               http.o
    0x001000d8   0x0000000c   Data   RW          264    .data               main.o
    0x001000e4   0x00000044   Data   RW          304    .data               gpadckey.o
    0x00100128   0x0000000c   Data   RW         2184    .data               lwip_sys_arch.o
    0x00100134   0x00000004   Data   RW         2233    .data               rda5991h_wland.o
    0x00100138   0x00000004   Data   RW         2234    .data               rda5991h_wland.o
    0x0010013c   0x00000004   Data   RW         2235    .data               rda5991h_wland.o
    0x00100140   0x00000004   Data   RW         2236    .data               rda5991h_wland.o
    0x00100144   0x00000004   Data   RW         2237    .data               rda5991h_wland.o
    0x00100148   0x00000004   Data   RW         2238    .data               rda5991h_wland.o
    0x0010014c   0x00000012   Data   RW         2239    .data               rda5991h_wland.o
    0x0010015e   0x00000001   Data   RW         2348    .data               lwip_api_msg.o
    0x0010015f   0x00000001   PAD
    0x00100160   0x00000008   Data   RW         2519    .data               lwip_tcpip.o
    0x00100168   0x00000014   Data   RW         2572    .data               lwip_dhcp.o
    0x0010017c   0x00000001   Data   RW         2620    .data               lwip_etharp.o
    0x0010017d   0x00000003   PAD
    0x00100180   0x0000000c   Data   RW         2665    .data               lwip_igmp.o
    0x0010018c   0x00000008   Data   RW         2693    .data               lwip_ip4.o
    0x00100194   0x00000008   Data   RW         2736    .data               lwip_ip4_frag.o
    0x0010019c   0x0000000c   Data   RW         2820    .data               lwip_dns.o
    0x001001a8   0x0000000c   Data   RW         2880    .data               lwip_mem.o
    0x001001b4   0x00000004   Data   RW         2962    .data               lwip_memp.o
    0x001001b8   0x00000004   Data   RW         2963    .data               lwip_memp.o
    0x001001bc   0x00000004   Data   RW         2964    .data               lwip_memp.o
    0x001001c0   0x00000004   Data   RW         2965    .data               lwip_memp.o
    0x001001c4   0x00000004   Data   RW         2966    .data               lwip_memp.o
    0x001001c8   0x00000004   Data   RW         2967    .data               lwip_memp.o
    0x001001cc   0x00000004   Data   RW         2968    .data               lwip_memp.o
    0x001001d0   0x00000004   Data   RW         2969    .data               lwip_memp.o
    0x001001d4   0x00000004   Data   RW         2970    .data               lwip_memp.o
    0x001001d8   0x00000004   Data   RW         2971    .data               lwip_memp.o
    0x001001dc   0x00000004   Data   RW         2972    .data               lwip_memp.o
    0x001001e0   0x00000004   Data   RW         2973    .data               lwip_memp.o
    0x001001e4   0x00000004   Data   RW         2974    .data               lwip_memp.o
    0x001001e8   0x00000004   Data   RW         2975    .data               lwip_memp.o
    0x001001ec   0x00000004   Data   RW         2976    .data               lwip_memp.o
    0x001001f0   0x0000000c   Data   RW         3008    .data               lwip_netif.o
    0x001001fc   0x00000001   Data   RW         3056    .data               lwip_pbuf.o
    0x001001fd   0x00000003   PAD
    0x00100200   0x00000020   Data   RW         3149    .data               lwip_tcp.o
    0x00100220   0x00000024   Data   RW         3202    .data               lwip_tcp_in.o
    0x00100244   0x0000000c   Data   RW         3256    .data               lwip_timeouts.o
    0x00100250   0x00000008   Data   RW         3285    .data               lwip_udp.o
[...]
    0x18036706   0x00000004   Code   RO         5726    i._ZN4rtos6Thread4waitEj  Thread.o
    0x1803670a   0x00000002   PAD
    0x1803670c   0x000000c0   Code   RO         5727    i._ZN4rtos6Thread5startEN4mbed8CallbackIFvvEEE  Thread.o
    0x180367cc   0x0000002c   Code   RO         5729    i._ZN4rtos6Thread6_thunkEPKv  Thread.o
    0x180367f8   0x00000054   Code   RO         5735    i._ZN4rtos6ThreadD1Ev  Thread.o
    0x1803684c   0x0000003c   Code   RO         5684    i._ZN4rtos9RtosTimer11constructorEN4mbed8CallbackIFvvEEE13os_timer_type  RtosTimer.o
    0x18036888   0x0000000e   Code   RO         5687    i._ZN4rtos9RtosTimerD1Ev  RtosTimer.o
    0x18036896   0x00000006   Code   RO         5699    i._ZN4rtos9Semaphore4waitEj  Semaphore.o
    0x1803689c   0x00000006   Code   RO         5700    i._ZN4rtos9Semaphore7releaseEv  Semaphore.o
    0x180368a2   0x0000001c   Code   RO         5701    i._ZN4rtos9SemaphoreC1Ei  Semaphore.o
    0x180368be   0x0000000e   Code   RO         5702    i._ZN4rtos9SemaphoreD1Ev  Semaphore.o
    0x180368cc   0x00000028   Code   RO         3572    i._ZN6Socket11set_timeoutEi  Socket.o
    0x180368f4   0x00000044   Code   RO         3574    i._ZN6Socket4bindEPKct  Socket.o
    0x18036938   0x00000090   Code   RO         3577    i._ZN6Socket4openEP12NetworkStack  Socket.o
    0x180369c8   0x00000048   Code   RO         3578    i._ZN6Socket5closeEv  Socket.o
    0x18036a10   0x00000028   Code   RO         3580    i._ZN6SocketC2Ev    Socket.o
    0x18036a38   0x0000003a   Code   RO         3692    i._ZN9TCPServer5eventEv  TCPServer.o
    0x18036a72   0x00000002   PAD
    0x18036a74   0x000000d0   Code   RO         3693    i._ZN9TCPServer6acceptEP9TCPSocketP13SocketAddress  TCPServer.o
    0x18036b44   0x00000038   Code   RO         3694    i._ZN9TCPServer6listenEi  TCPServer.o
    0x18036b7c   0x00000004   Code   RO         3695    i._ZN9TCPServer9get_protoEv  TCPServer.o
    0x18036b80   0x00000020   Code   RO         3696    i._ZN9TCPServerC1Ev  TCPServer.o
    0x18036ba0   0x00000034   Code   RO         3697    i._ZN9TCPServerD0Ev  TCPServer.o
    0x18036bd4   0x000000cc   Code   RO         3730    i._ZN9TCPSocket4recvEPvj  TCPSocket.o
    0x18036ca0   0x000000cc   Code   RO         3731    i._ZN9TCPSocket4sendEPKvj  TCPSocket.o
    0x18036d6c   0x00000050   Code   RO         3732    i._ZN9TCPSocket5eventEv  TCPSocket.o
    0x18036dbc   0x00000104   Code   RO         3733    i._ZN9TCPSocket7connectEPKct  TCPSocket.o
    0x18036ec0   0x000000e8   Code   RO         3734    i._ZN9TCPSocket7connectERK13SocketAddress  TCPSocket.o
    0x18036fa8   0x00000004   Code   RO         3735    i._ZN9TCPSocket9get_protoEv  TCPSocket.o
    0x18036fac   0x00000030   Code   RO         3736    i._ZN9TCPSocketC1Ev  TCPSocket.o
    0x18036fdc   0x00000034   Code   RO         3738    i._ZN9TCPSocketD1Ev  TCPSocket.o
    0x18037010   0x00000050   Code   RO         3771    i._ZN9UDPSocket5eventEv  UDPSocket.o
    0x18037060   0x0000007c   Code   RO         3773    i._ZN9UDPSocket6sendtoERK13SocketAddressPKvj  UDPSocket.o
    0x180370dc   0x0000007c   Code   RO         3774    i._ZN9UDPSocket8recvfromEP13SocketAddressPvj  UDPSocket.o
    0x18037158   0x00000004   Code   RO         3775    i._ZN9UDPSocket9get_protoEv  UDPSocket.o
    0x1803715c   0x00000028   Code   RO         3776    i._ZN9UDPSocketC1Ev  UDPSocket.o
    0x18037184   0x00000034   Code   RO         3778    i._ZN9UDPSocketD1Ev  UDPSocket.o
    0x180371b8   0x00000094   Code   RO         3644    i._ZNK13SocketAddress14get_ip_addressEv  SocketAddress.o
    0x1803724c   0x00000006   Code   RO         3645    i._ZNK13SocketAddress14get_ip_versionEv  SocketAddress.o
    0x18037252   0x00000018   Code   RO         3646    i._ZNK13SocketAddress8get_addrEv  SocketAddress.o
    0x1803726a   0x00000004   Code   RO         3647    i._ZNK13SocketAddress8get_portEv  SocketAddress.o
    0x1803726e   0x0000000a   Code   RO         5053    i._ZdaPv            retarget.o
    0x18037278   0x0000000a   Code   RO         5054    i._ZdlPv            retarget.o
    0x18037282   0x00000002   PAD
    0x18037284   0x00000034   Code   RO         5055    i._Znaj             retarget.o
    0x180372b8   0x00000034   Code   RO         5056    i._Znwj             retarget.o
    0x180372ec   0x0000000a   Code   RO         2601    i.__ARM_common_memclr4_10  lwip_dhcp.o
    0x180372f6   0x00000008   Code   RO         2153    i.__ARM_common_memclr4_6  WiFiStackInterface.o
    0x180372fe   0x00000008   Code   RO         1938    i.__ARM_common_memclr4_8  ssl_tls.o
    0x18037306   0x0000000a   Code   RO          285    i.__ARM_common_memcpy4_5  main.o
    0x18037310   0x0000000a   Code   RO         6577    i.__ARM_common_memcpy4_6  wifi_sta_ap.ar(wland_if_sta.o)
    0x1803731a   0x00000012   Code   RO         3564    i.__ARM_common_memcpy4_9  NetworkStack.o
    0x1803732c   0x00000010   Code   RO         6471    i.__ARM_common_memset4_6  wifi_sta_ap.ar(wland_flash.o)
    0x1803733c   0x00000010   Code   RO         6469    i.__ARM_common_memset4_8  wifi_sta_ap.ar(wland_flash.o)
    0x1803734c   0x00000030   Code   RO         8295    i.__ARM_fpclassify  m_wm.l(fpclassify.o)
    0x1803737c   0x00000038   Code   RO         5214    i.__NVIC_SetVector  cmsis_nvic.o
    0x180373b4   0x00000024   Code   RO         7815    i.__aeabi_vec_ctor_nocookie_nodtor  cpprt_w.l(aeabi_vec_ctor_nocookie_nodtor.o)
    0x180373d8   0x00000006   Code   RO         7703    i.__cxa_pure_virtual  cpprt_w.l(pure_virt.o)
    0x180373de   0x00000002   PAD
    0x180373e0   0x000000f8   Code   RO         8297    i.__hardfp___mathlib_tofloat  m_wm.l(narrow.o)
    0x180374d8   0x000000d0   Code   RO         8350    i.__hardfp_ldexp    m_wm.l(ldexp.o)
    0x180375a8   0x00000020   Code   RO         8372    i.__mathlib_dbl_overflow  m_wm.l(dunder.o)
    0x180375c8   0x00000020   Code   RO         8374    i.__mathlib_dbl_underflow  m_wm.l(dunder.o)
    0x180375e8   0x00000012   Code   RO         8298    i.__mathlib_narrow  m_wm.l(narrow.o)
    0x180375fa   0x00000002   PAD
    0x180375fc   0x00000098   Code   RO           15    i.__sti___16_airkiss_func_cpp_5cc72f6d  airkiss_func.o
    0x18037694   0x000001b0   Code   RO          250    i.__sti___8_main_cpp_mpool  main.o
    0x18037844   0x00000014   Code   RO         8352    i.__support_ldexp   m_wm.l(ldexp.o)
    0x18037858   0x0000002c   Code   RO         5807    i.__user_perthread_libspace  RTX_Conf_CM.o
    0x18037884   0x00000020   Code   RO         5201    i.__user_setup_stackheap  sys.o
    0x180378a4   0x00000048   Code   RO         6098    i._init_box         rt_MemBox.o
    0x180378ec   0x0000000e   Code   RO         7580    i._is_digit         c_w.l(__printf_wp.o)
    0x180378fa   0x00000002   PAD
    0x180378fc   0x00000020   Code   RO         5808    i._mutex_acquire    RTX_Conf_CM.o
    0x1803791c   0x0000004c   Code   RO         5809    i._mutex_initialize  RTX_Conf_CM.o
    0x18037968   0x0000001c   Code   RO         5810    i._mutex_release    RTX_Conf_CM.o
    0x18037984   0x0000002c   Code   RO         5057    i._sys_close        retarget.o
    0x180379b0   0x00000028   Code   RO         5060    i._sys_flen         retarget.o
    0x180379d8   0x00000028   Code   RO         5061    i._sys_istty        retarget.o
    0x18037a00   0x00000234   Code   RO         5062    i._sys_open         retarget.o
    0x18037c34   0x00000028   Code   RO         5064    i._sys_seek         retarget.o
    0x18037c5c   0x00000090   Code   RO         5065    i._sys_write        retarget.o
    0x18037cec   0x000001e0   Code   RO         2320    i.accept_function   lwip_api_msg.o
    0x18037ecc   0x00000086   Code   RO           53    i.add_item_to_object  cJSON.o
    0x18037f52   0x00000016   Code   RO         7298    i.aes_decrypt       wifi_sta_ap.ar(wifi_aes.o)
    0x18037f68   0x0000000e   Code   RO         7299    i.aes_decrypt_deinit  wifi_sta_ap.ar(wifi_aes.o)
    0x18037f76   0x00000062   Code   RO         7300    i.aes_decrypt_init  wifi_sta_ap.ar(wifi_aes.o)
    0x18037fd8   0x00000016   Code   RO         7301    i.aes_encrypt       wifi_sta_ap.ar(wifi_aes.o)
    0x18037fee   0x0000000e   Code   RO         7302    i.aes_encrypt_deinit  wifi_sta_ap.ar(wifi_aes.o)
    0x18037ffc   0x00000062   Code   RO         7303    i.aes_encrypt_init  wifi_sta_ap.ar(wifi_aes.o)
    0x1803805e   0x00000002   PAD
    0x18038060   0x000000d8   Code   RO         6950    i.aes_unwrap        wifi_sta_ap.ar(wifi_aes_wrap.o)
    0x18038138   0x000000a0   Code   RO         6951    i.aes_wrap          wifi_sta_ap.ar(wifi_aes_wrap.o)
    0x180381d8   0x00000040   Code   RO         5244    i.analogin_free     analogin_api.o
    0x18038218   0x000000f8   Code   RO         5245    i.analogin_init     analogin_api.o
    0x18038310   0x00000006   Code   RO         5247    i.analogin_read_u16  analogin_api.o
    0x18038316   0x00000002   PAD
    0x18038318   0x00000038   Code   RO         2159    i.assert_printf     lwip_sys_arch.o
    0x18038350   0x00000032   Code   RO           54    i.buffer_skip_whitespace  cJSON.o
    0x18038382   0x00000002   PAD
    0x18038384   0x00000014   Code   RO           61    i.cJSON_AddItemToObject  cJSON.o
    0x18038398   0x00000024   Code   RO           79    i.cJSON_CreateObject  cJSON.o
    0x180383bc   0x0000005c   Code   RO           82    i.cJSON_CreateString  cJSON.o
    0x18038418   0x00000054   Code   RO           86    i.cJSON_Delete      cJSON.o
    0x1803846c   0x00000008   Code   RO          115    i.cJSON_Parse       cJSON.o
    0x18038474   0x000000f0   Code   RO          116    i.cJSON_ParseWithOpts  cJSON.o
    0x18038564   0x0000000c   Code   RO          117    i.cJSON_Print       cJSON.o
    0x18038570   0x000000a8   Code   RO         4878    i.core_util_critical_section_enter  mbed_critical.o
    0x18038618   0x00000074   Code   RO         4879    i.core_util_critical_section_exit  mbed_critical.o
    0x1803868c   0x0000001c   Code   RO         3247    i.cyclic_timer      lwip_timeouts.o
    0x180386a8   0x00000004   Code   RO         5790    i.default_idle_hook  rtos_idle.o
    0x180386ac   0x00000138   Code   RO         2545    i.dhcp_arp_reply    lwip_dhcp.o
    0x180387e4   0x00000180   Code   RO         2546    i.dhcp_bind         lwip_dhcp.o
    0x18038964   0x00000220   Code   RO         2548    i.dhcp_coarse_tmr   lwip_dhcp.o
    0x18038b84   0x00000290   Code   RO         2549    i.dhcp_create_msg   lwip_dhcp.o
    0x18038e14   0x000000c0   Code   RO         2550    i.dhcp_delete_msg   lwip_dhcp.o
    0x18038ed4   0x0000020c   Code   RO         2551    i.dhcp_discover     lwip_dhcp.o
    0x180390e0   0x000000c4   Code   RO         2552    i.dhcp_fine_tmr     lwip_dhcp.o
    0x180391a4   0x00000090   Code   RO         2553    i.dhcp_handle_ack   lwip_dhcp.o
    0x18039234   0x00000030   Code   RO         2555    i.dhcp_network_changed  lwip_dhcp.o
    0x18039264   0x00000044   Code   RO         2556    i.dhcp_option       lwip_dhcp.o
    0x180392a8   0x000000e0   Code   RO         2557    i.dhcp_option_hostname  lwip_dhcp.o
    0x18039388   0x000000a0   Code   RO         2558    i.dhcp_option_long  lwip_dhcp.o
    0x18039428   0x00000044   Code   RO         2559    i.dhcp_option_short  lwip_dhcp.o
    0x1803946c   0x000000f8   Code   RO         2560    i.dhcp_option_trailer  lwip_dhcp.o
    0x18039564   0x0000016c   Code   RO         2561    i.dhcp_reboot       lwip_dhcp.o
    0x180396d0   0x000004fc   Code   RO         2562    i.dhcp_recv         lwip_dhcp.o
    0x18039bcc   0x00000140   Code   RO         2563    i.dhcp_release      lwip_dhcp.o
    0x18039d0c   0x00000158   Code   RO         2564    i.dhcp_renew        lwip_dhcp.o
    0x18039e64   0x000001c0   Code   RO         2565    i.dhcp_select       lwip_dhcp.o
    0x1803a024   0x00000410   Code   RO         2567    i.dhcp_start        lwip_dhcp.o
    0x1803a434   0x000000c8   Code   RO         2568    i.dhcp_stop         lwip_dhcp.o
    0x1803a4fc   0x000000cc   Code   RO         2808    i.dns_call_found    lwip_dns.o
    0x1803a5c8   0x00000124   Code   RO         2809    i.dns_check_entry   lwip_dns.o
    0x1803a6ec   0x000002fc   Code   RO         2811    i.dns_gethostbyname_addrtype  lwip_dns.o
    0x1803a9e8   0x00000018   Code   RO         2812    i.dns_getserver     lwip_dns.o
    0x1803aa00   0x00000002   Code   RO         2813    i.dns_init          lwip_dns.o
    0x1803aa02   0x00000002   PAD
    0x1803aa04   0x0000021c   Code   RO         2814    i.dns_recv          lwip_dns.o
    0x1803ac20   0x00000144   Code   RO         2815    i.dns_send          lwip_dns.o
    0x1803ad64   0x00000028   Code   RO         2816    i.dns_setserver     lwip_dns.o
    0x1803ad8c   0x00000150   Code   RO         2817    i.dns_tmr           lwip_dns.o
    0x1803aedc   0x00000108   Code   RO         2892    i.do_memp_free_pool  lwip_memp.o
    0x1803afe4   0x0000010c   Code   RO         2893    i.do_memp_malloc_pool_fn  lwip_memp.o
    0x1803b0f0   0x0000009c   Code   RO          129    i.ensure            cJSON.o
    0x1803b18c   0x00000188   Code   RO         2321    i.err_tcp           lwip_api_msg.o
    0x1803b314   0x00000012   Code   RO         4902    i.error             mbed_error.o
    0x1803b326   0x00000002   PAD
    0x1803b328   0x0000023c   Code   RO         2606    i.etharp_arp_input  lwip_etharp.o
    0x1803b564   0x00000060   Code   RO         2607    i.etharp_cleanup_netif  lwip_etharp.o
    0x1803b5c4   0x00000200   Code   RO         2609    i.etharp_find_entry  lwip_etharp.o
    0x1803b7c4   0x00000038   Code   RO         2610    i.etharp_free_entry  lwip_etharp.o
    0x1803b7fc   0x00000284   Code   RO         2612    i.etharp_output     lwip_etharp.o
    0x1803ba80   0x000000ac   Code   RO         2613    i.etharp_output_to_arp_index  lwip_etharp.o
    0x1803bb2c   0x000001d0   Code   RO         2614    i.etharp_query      lwip_etharp.o
    0x1803bcfc   0x0000000c   Code   RO         2615    i.etharp_request    lwip_etharp.o
    0x1803bd08   0x0000013c   Code   RO         2616    i.etharp_request_dst  lwip_etharp.o
    0x1803be44   0x0000009c   Code   RO         2617    i.etharp_tmr        lwip_etharp.o
    0x1803bee0   0x000000b8   Code   RO         3306    i.ethernet_input    lwip_ethernet.o
    0x1803bf98   0x00000020   Code   RO         5067    i.exit              retarget.o
    0x1803bfb8   0x0000001a   Code   RO         7616    i.fputc             c_w.l(fputc.o)
    0x1803bfd2   0x00000006   PAD
    0x1803bfd8   0x0000008c   Code   RO         8334    i.frexp             m_wm.l(frexp.o)
    0x1803c064   0x00000008   Code   RO         5022    i.get_us_ticker_data  mbed_us_ticker_api.o
    0x1803c06c   0x0000008c   Code   RO         5441    i.gpadc_interrupt_handler  rda_gpadc_api.o
    0x1803c0f8   0x000000a8   Code   RO         5268    i.gpio_dir          gpio_api.o
    0x1803c1a0   0x0000006c   Code   RO         5269    i.gpio_init         gpio_api.o
    0x1803c20c   0x00000028   Code   RO         4910    i.gpio_init_in      mbed_gpio.o
    0x1803c234   0x00000048   Code   RO         4913    i.gpio_init_out     mbed_gpio.o
    0x1803c27c   0x000000a4   Code   RO         4914    i.gpio_init_out_ex  mbed_gpio.o
    0x1803c320   0x00000010   Code   RO         5287    i.gpio_irq_free     gpio_irq_api.o
    0x1803c330   0x00000154   Code   RO         5288    i.gpio_irq_init     gpio_irq_api.o
    0x1803c484   0x00000008   Code   RO         5270    i.gpio_mode         gpio_api.o
    0x1803c48c   0x000000bc   Code   RO         5291    i.handle_interrupt_in  gpio_irq_api.o
    0x1803c548   0x00000018   Code   RO         7314    i.hmac_md5          wifi_sta_ap.ar(wifi_md5.o)
    0x1803c560   0x00000204   Code   RO         7315    i.hmac_md5_vector   wifi_sta_ap.ar(wifi_md5.o)
    0x1803c764   0x00000018   Code   RO         6970    i.hmac_sha1         wifi_sta_ap.ar(wifi_sha1.o)
    0x1803c77c   0x00000204   Code   RO         6971    i.hmac_sha1_vector  wifi_sta_ap.ar(wifi_sha1.o)
    0x1803c980   0x000000d0   Code   RO         2639    i.icmp_dest_unreach  lwip_icmp.o
    0x1803ca50   0x00000244   Code   RO         2640    i.icmp_input        lwip_icmp.o
    0x1803cc94   0x000000a8   Code   RO         2641    i.icmp_time_exceeded  lwip_icmp.o
    0x1803cd3c   0x0000001c   Code   RO         2652    i.igmp_init         lwip_igmp.o
    0x1803cd58   0x000001ec   Code   RO         2653    i.igmp_input        lwip_igmp.o
    0x1803cf44   0x00000028   Code   RO         2658    i.igmp_lookfor_group  lwip_igmp.o
    0x1803cf6c   0x0000006c   Code   RO         2659    i.igmp_report_groups  lwip_igmp.o
    0x1803cfd8   0x0000011c   Code   RO         2660    i.igmp_send         lwip_igmp.o
    0x1803d0f4   0x00000080   Code   RO         2661    i.igmp_start        lwip_igmp.o
    0x1803d174   0x00000054   Code   RO         2663    i.igmp_tmr          lwip_igmp.o
    0x1803d1c8   0x0000000c   Code   RO         2837    i.inet_chksum       lwip_inet_chksum.o
    0x1803d1d4   0x000000b0   Code   RO         2838    i.inet_chksum_pbuf  lwip_inet_chksum.o
    0x1803d284   0x000000f6   Code   RO         2839    i.inet_chksum_pseudo  lwip_inet_chksum.o
    0x1803d37a   0x00000002   PAD
    0x1803d37c   0x000000d4   Code   RO         6782    i.initWifiWpaSm     wifi_sta_ap.ar(wifi_wpa.o)
    0x1803d450   0x0000003c   Code   RO         2708    i.ip4_addr_isbroadcast_u32  lwip_ip4_addr.o
    0x1803d48c   0x000001e0   Code   RO         2730    i.ip4_frag          lwip_ip4_frag.o
    0x1803d66c   0x000002a8   Code   RO         2684    i.ip4_input         lwip_ip4.o
    0x1803d914   0x00000038   Code   RO         2686    i.ip4_output_if     lwip_ip4.o
    0x1803d94c   0x00000038   Code   RO         2687    i.ip4_output_if_opt  lwip_ip4.o
    0x1803d984   0x000001ec   Code   RO         2688    i.ip4_output_if_opt_src  lwip_ip4.o
    0x1803db70   0x00000022   Code   RO         2689    i.ip4_output_if_src  lwip_ip4.o
    0x1803db92   0x00000002   PAD
    0x1803db94   0x00000438   Code   RO         2731    i.ip4_reass         lwip_ip4_frag.o
    0x1803dfcc   0x000000a0   Code   RO         2690    i.ip4_route         lwip_ip4.o
    0x1803e06c   0x00000148   Code   RO         2710    i.ip4addr_aton      lwip_ip4_addr.o
    0x1803e1b4   0x000000a4   Code   RO         2711    i.ip4addr_ntoa      lwip_ip4_addr.o
    0x1803e258   0x000000a4   Code   RO         2712    i.ip4addr_ntoa_r    lwip_ip4_addr.o
    0x1803e2fc   0x00000010   Code   RO         2841    i.ip_chksum_pseudo  lwip_inet_chksum.o
    0x1803e30c   0x000001a8   Code   RO         2732    i.ip_reass_remove_oldest_datagram  lwip_ip4_frag.o
    0x1803e4b4   0x0000019c   Code   RO         2733    i.ip_reass_tmr      lwip_ip4_frag.o
    0x1803e650   0x00000054   Code   RO         2734    i.ipfrag_free_pbuf_custom  lwip_ip4_frag.o
    0x1803e6a4   0x00000052   Code   RO         6083    i.isr_mbx_receive   rt_Mailbox.o
    0x1803e6f6   0x0000000e   Code   RO         6084    i.isr_mbx_send      rt_Mailbox.o
    0x1803e704   0x00000010   Code   RO         6127    i.isr_sem_send      rt_Semaphore.o
    0x1803e714   0x00000018   Code   RO         5332    i.lp_ticker_clear_interrupt  lp_ticker.o
    0x1803e72c   0x00000010   Code   RO         5333    i.lp_ticker_disable_interrupt  lp_ticker.o
    0x1803e73c   0x00000044   Code   RO         5334    i.lp_ticker_init    lp_ticker.o
    0x1803e780   0x0000000c   Code   RO         4935    i.lp_ticker_irq_handler  mbed_lp_ticker_api.o
    0x1803e78c   0x00000044   Code   RO         5335    i.lp_ticker_read    lp_ticker.o
    0x1803e7d0   0x000000d8   Code   RO         5336    i.lp_ticker_set_interrupt  lp_ticker.o
    0x1803e8a8   0x0000002e   Code   RO         2858    i.lwip_init         lwip_init.o
    0x1803e8d6   0x00000040   Code   RO         2322    i.lwip_netconn_do_accepted  lwip_api_msg.o
    0x1803e916   0x0000005e   Code   RO         2323    i.lwip_netconn_do_bind  lwip_api_msg.o
    0x1803e974   0x00000110   Code   RO         2324    i.lwip_netconn_do_close  lwip_api_msg.o
    0x1803ea84   0x00000298   Code   RO         2325    i.lwip_netconn_do_close_internal  lwip_api_msg.o
    0x1803ed1c   0x00000168   Code   RO         2326    i.lwip_netconn_do_connect  lwip_api_msg.o
    0x1803ee84   0x00000188   Code   RO         2327    i.lwip_netconn_do_connected  lwip_api_msg.o
    0x1803f00c   0x0000016c   Code   RO         2328    i.lwip_netconn_do_delconn  lwip_api_msg.o
    0x1803f178   0x0000001e   Code   RO         2330    i.lwip_netconn_do_dns_found  lwip_api_msg.o
    0x1803f196   0x00000002   PAD
    0x1803f198   0x000000c4   Code   RO         2331    i.lwip_netconn_do_getaddr  lwip_api_msg.o
    0x1803f25c   0x00000030   Code   RO         2332    i.lwip_netconn_do_gethostbyname  lwip_api_msg.o
    0x1803f28c   0x0000012c   Code   RO         2334    i.lwip_netconn_do_listen  lwip_api_msg.o
    0x1803f3b8   0x000000c0   Code   RO         2335    i.lwip_netconn_do_newconn  lwip_api_msg.o
    0x1803f478   0x0000005a   Code   RO         2336    i.lwip_netconn_do_recv  lwip_api_msg.o
    0x1803f4d2   0x00000064   Code   RO         2337    i.lwip_netconn_do_send  lwip_api_msg.o
    0x1803f536   0x00000002   PAD
    0x1803f538   0x00000138   Code   RO         2338    i.lwip_netconn_do_write  lwip_api_msg.o
    0x1803f670   0x000002bc   Code   RO         2339    i.lwip_netconn_do_writemore  lwip_api_msg.o
    0x1803f92c   0x00000062   Code   RO         2843    i.lwip_standard_chksum  lwip_inet_chksum.o
    0x1803f98e   0x00000002   PAD
    0x1803f990   0x00000044   Code   RO         6353    i.maclib_check_status  wifi_sta_ap.ar(maclib_task.o)
    0x1803f9d4   0x0000000c   Code   RO         6354    i.maclib_is_sleep_allowed  wifi_sta_ap.ar(maclib_task.o)
    0x1803f9e0   0x00000140   Code   RO         6355    i.maclib_task       wifi_sta_ap.ar(maclib_task.o)
    0x1803fb20   0x0000041c   Code   RO          251    i.main              main.o
    0x1803ff3c   0x00000054   Code   RO         4845    i.mbed_assert_internal  mbed_assert.o
    0x1803ff90   0x00000012   Code   RO         4853    i.mbed_die          mbed_board.o
    0x1803ffa2   0x00000002   PAD
    0x1803ffa4   0x00000054   Code   RO         4854    i.mbed_error_printf  mbed_board.o
    0x1803fff8   0x0000004c   Code   RO         4855    i.mbed_error_vfprintf  mbed_board.o
    0x18040044   0x00000114   Code   RO         6356    i.mbed_event_handle_cb  wifi_sta_ap.ar(maclib_task.o)
    0x18040158   0x0000000c   Code   RO         3329    i.mbed_link_fail    lwip_stack.o
    0x18040164   0x00000064   Code   RO         3330    i.mbed_lwip_add_dns_server  lwip_stack.o
    0x180401c8   0x00000094   Code   RO         3332    i.mbed_lwip_bringdown  lwip_stack.o
    0x1804025c   0x00000044   Code   RO         3333    i.mbed_lwip_bringdownlink  lwip_stack.o
    0x180402a0   0x000001e4   Code   RO         3334    i.mbed_lwip_bringup  lwip_stack.o
    0x18040484   0x00000048   Code   RO         3335    i.mbed_lwip_err_remap  lwip_stack.o
    0x180404cc   0x0000001c   Code   RO         3336    i.mbed_lwip_get_gateway  lwip_stack.o
    0x180404e8   0x0000001e   Code   RO         3337    i.mbed_lwip_get_ip_addr  lwip_stack.o
    0x18040506   0x00000002   PAD
    0x18040508   0x00000024   Code   RO         3338    i.mbed_lwip_get_ip_address  lwip_stack.o
    0x1804052c   0x0000001c   Code   RO         3341    i.mbed_lwip_get_netmask  lwip_stack.o
    0x18040548   0x0000002a   Code   RO         3342    i.mbed_lwip_gethostbyname  lwip_stack.o
    0x18040572   0x00000002   PAD
    0x18040574   0x000000bc   Code   RO         3343    i.mbed_lwip_init    lwip_stack.o
    0x18040630   0x00000018   Code   RO         3345    i.mbed_lwip_netif_link_irq  lwip_stack.o
    0x18040648   0x00000050   Code   RO         3346    i.mbed_lwip_netif_status_irq  lwip_stack.o
    0x18040698   0x00000098   Code   RO         3349    i.mbed_lwip_set_mac_address  lwip_stack.o
    0x18040730   0x000000d4   Code   RO         3350    i.mbed_lwip_setsockopt  lwip_stack.o
    0x18040804   0x000000a0   Code   RO         3351    i.mbed_lwip_socket_accept  lwip_stack.o
    0x180408a4   0x00000006   Code   RO         3352    i.mbed_lwip_socket_attach  lwip_stack.o
    0x180408aa   0x00000002   PAD
    0x180408ac   0x000000a0   Code   RO         3353    i.mbed_lwip_socket_bind  lwip_stack.o
    0x1804094c   0x00000044   Code   RO         3354    i.mbed_lwip_socket_callback  lwip_stack.o
    0x18040990   0x0000001e   Code   RO         3355    i.mbed_lwip_socket_close  lwip_stack.o
    0x180409ae   0x00000002   PAD
    0x180409b0   0x00000078   Code   RO         3356    i.mbed_lwip_socket_connect  lwip_stack.o
    0x18040a28   0x00000014   Code   RO         3357    i.mbed_lwip_socket_listen  lwip_stack.o
    0x18040a3c   0x000000a4   Code   RO         3358    i.mbed_lwip_socket_open  lwip_stack.o
    0x18040ae0   0x00000056   Code   RO         3359    i.mbed_lwip_socket_recv  lwip_stack.o
    0x18040b36   0x00000046   Code   RO         3360    i.mbed_lwip_socket_recvfrom  lwip_stack.o
    0x18040b7c   0x0000002a   Code   RO         3361    i.mbed_lwip_socket_send  lwip_stack.o
    0x18040ba6   0x00000002   PAD
    0x18040ba8   0x0000009c   Code   RO         3362    i.mbed_lwip_socket_sendto  lwip_stack.o
    0x18040c44   0x00000018   Code   RO         3367    i.mbed_lwip_tcpip_init_irq  lwip_stack.o
    0x18040c5c   0x000000b4   Code   RO         2214    i.mbed_mac_address  rda5991h_wland.o
    0x18040d10   0x00000002   Code   RO         5068    i.mbed_main         retarget.o
    0x18040d12   0x00000002   PAD
    0x18040d14   0x00000018   Code   RO         6357    i.mbed_mltask_sleep_cb  wifi_sta_ap.ar(maclib_task.o)
    0x18040d2c   0x00000028   Code   RO         6358    i.mbed_mltask_wakeup_cb  wifi_sta_ap.ar(maclib_task.o)
    0x18040d54   0x00000468   Code   RO         6763    i.mbed_recv_pkt     wifi_sta_ap.ar(wland_recv.o)
    0x180411bc   0x0000001c   Code   RO         5349    i.mbed_sdk_init     mbed_overrides.o
    0x180411d8   0x0000002a   Code   RO         5260    i.mbedtls_hardware_poll  entropy_hardware_poll.o
    0x18041202   0x00000002   PAD
    0x18041204   0x000000e8   Code   RO         7316    i.md5_vector        wifi_sta_ap.ar(wifi_md5.o)
    0x180412ec   0x0000020c   Code   RO         2874    i.mem_free          lwip_mem.o
    0x180414f8   0x0000007c   Code   RO         2875    i.mem_init          lwip_mem.o
    0x18041574   0x00000234   Code   RO         2876    i.mem_malloc        lwip_mem.o
    0x180417a8   0x00000170   Code   RO         2877    i.mem_trim          lwip_mem.o
    0x18041918   0x00000040   Code   RO         2894    i.memp_free         lwip_memp.o
    0x18041958   0x000000b0   Code   RO         2896    i.memp_init         lwip_memp.o
    0x18041a08   0x0000004c   Code   RO         2898    i.memp_malloc_fn    lwip_memp.o
    0x18041a54   0x00000024   Code   RO         2395    i.netbuf_delete     lwip_netbuf.o
    0x18041a78   0x00000048   Code   RO         2397    i.netbuf_free       lwip_netbuf.o
    0x18041ac0   0x00000024   Code   RO         2398    i.netbuf_new        lwip_netbuf.o
    0x18041ae4   0x00000068   Code   RO         2400    i.netbuf_ref        lwip_netbuf.o
    0x18041b4c   0x0000011c   Code   RO         2277    i.netconn_accept    lwip_api_lib.o
    0x18041c68   0x000000b8   Code   RO         2340    i.netconn_alloc     lwip_api_msg.o
    0x18041d20   0x00000070   Code   RO         2278    i.netconn_bind      lwip_api_lib.o
    0x18041d90   0x00000074   Code   RO         2280    i.netconn_connect   lwip_api_lib.o
    0x18041e04   0x00000048   Code   RO         2281    i.netconn_delete    lwip_api_lib.o
    0x18041e4c   0x000000e4   Code   RO         2341    i.netconn_drain     lwip_api_msg.o
    0x18041f30   0x000000f8   Code   RO         2342    i.netconn_free      lwip_api_msg.o
    0x18042028   0x000000d4   Code   RO         2283    i.netconn_getaddr   lwip_api_lib.o
    0x180420fc   0x000000cc   Code   RO         2284    i.netconn_gethostbyname  lwip_api_lib.o
    0x180421c8   0x00000068   Code   RO         2286    i.netconn_listen_with_backlog  lwip_api_lib.o
    0x18042230   0x00000114   Code   RO         2287    i.netconn_new_with_proto_and_callback  lwip_api_lib.o
    0x18042344   0x000000e4   Code   RO         2288    i.netconn_recv      lwip_api_lib.o
    0x18042428   0x000001b0   Code   RO         2289    i.netconn_recv_data  lwip_api_lib.o
    0x180425d8   0x00000060   Code   RO         2291    i.netconn_send      lwip_api_lib.o
    0x18042638   0x00000060   Code   RO         2292    i.netconn_sendto    lwip_api_lib.o
    0x18042698   0x000000f4   Code   RO         2294    i.netconn_write_partly  lwip_api_lib.o
    0x1804278c   0x000000a0   Code   RO         2991    i.netif_add         lwip_netif.o
    0x1804282c   0x00000002   Code   RO         2993    i.netif_init        lwip_netif.o
    0x1804282e   0x00000002   PAD
    0x18042830   0x000000f0   Code   RO         2996    i.netif_set_addr    lwip_netif.o
    0x18042920   0x0000000c   Code   RO         2997    i.netif_set_default  lwip_netif.o
    0x1804292c   0x00000034   Code   RO         2998    i.netif_set_down    lwip_netif.o
    0x18042960   0x00000068   Code   RO         3000    i.netif_set_ipaddr  lwip_netif.o
    0x180429c8   0x00000008   Code   RO         3001    i.netif_set_link_callback  lwip_netif.o
    0x180429d0   0x0000001e   Code   RO         3002    i.netif_set_link_down  lwip_netif.o
    0x180429ee   0x00000064   Code   RO         3003    i.netif_set_link_up  lwip_netif.o
    0x18042a52   0x00000008   Code   RO         3005    i.netif_set_status_callback  lwip_netif.o
    0x18042a5a   0x00000058   Code   RO         3006    i.netif_set_up      lwip_netif.o
    0x18042ab2   0x00000002   PAD
    0x18042ab4   0x00000018   Code   RO         5866    i.osDelay           rt_CMSIS.o
    0x18042acc   0x00000098   Code   RO         5867    i.osKernelInitialize  rt_CMSIS.o
    0x18042b64   0x000000c0   Code   RO         5869    i.osKernelStart     rt_CMSIS.o
    0x18042c24   0x00000054   Code   RO         5877    i.osMessageCreate   rt_CMSIS.o
    0x18042c78   0x00000058   Code   RO         5878    i.osMessageGet      rt_CMSIS.o
    0x18042cd0   0x00000044   Code   RO         5879    i.osMessagePut      rt_CMSIS.o
    0x18042d14   0x0000004c   Code   RO         5880    i.osMutexCreate     rt_CMSIS.o
    0x18042d60   0x00000018   Code   RO         5881    i.osMutexDelete     rt_CMSIS.o
    0x18042d78   0x00000018   Code   RO         5882    i.osMutexRelease    rt_CMSIS.o
    0x18042d90   0x00000018   Code   RO         5883    i.osMutexWait       rt_CMSIS.o
    0x18042da8   0x0000005c   Code   RO         5886    i.osPoolCreate      rt_CMSIS.o
    0x18042e04   0x00000054   Code   RO         5888    i.osSemaphoreCreate  rt_CMSIS.o
    0x18042e58   0x00000018   Code   RO         5889    i.osSemaphoreDelete  rt_CMSIS.o
    0x18042e70   0x00000044   Code   RO         5890    i.osSemaphoreRelease  rt_CMSIS.o
    0x18042eb4   0x00000018   Code   RO         5891    i.osSemaphoreWait   rt_CMSIS.o
    0x18042ecc   0x00000034   Code   RO         5896    i.osThreadCreate    rt_CMSIS.o
    0x18042f00   0x00000018   Code   RO         5897    i.osThreadExit      rt_CMSIS.o
    0x18042f18   0x00000018   Code   RO         5902    i.osThreadTerminate  rt_CMSIS.o
    0x18042f30   0x00000018   Code   RO         5903    i.osThreadYield     rt_CMSIS.o
    0x18042f48   0x0000007c   Code   RO         5905    i.osTimerCreate     rt_CMSIS.o
    0x18042fc4   0x00000018   Code   RO         5906    i.osTimerDelete     rt_CMSIS.o
    0x18042fdc   0x00000018   Code   RO         5907    i.osTimerStart      rt_CMSIS.o
    0x18042ff4   0x00000018   Code   RO         5908    i.osTimerStop       rt_CMSIS.o
    0x1804300c   0x00000044   Code   RO         5909    i.osTimerThread     rt_CMSIS.o
    0x18043050   0x00000044   Code   RO         5811    i.os_error          RTX_Conf_CM.o
    0x18043094   0x00000044   Code   RO         6987    i.os_get_random     wifi_sta_ap.ar(wifi_wpa_common.o)
    0x180430d8   0x00000004   Code   RO         5812    i.os_idle_demon     RTX_Conf_CM.o
    0x180430dc   0x0000000c   Code   RO         5911    i.os_resume         rt_CMSIS.o
    0x180430e8   0x0000000c   Code   RO         5912    i.os_suspend        rt_CMSIS.o
    0x180430f4   0x00000028   Code   RO         6140    i.os_tick_init      rt_System.o
    0x1804311c   0x00000002   Code   RO         6141    i.os_tick_irqack    rt_System.o
    0x1804311e   0x00000002   PAD
    0x18043120   0x0000028e   Code   RO          131    i.parse_string      cJSON.o
    0x180433ae   0x00000002   PAD
    0x180433b0   0x000004b4   Code   RO          132    i.parse_value       cJSON.o
    0x18043864   0x0000012e   Code   RO         6972    i.pbkdf2_sha1       wifi_sta_ap.ar(wifi_sha1.o)
    0x18043992   0x00000002   PAD
    0x18043994   0x00000308   Code   RO         3031    i.pbuf_alloc        lwip_pbuf.o
    0x18043c9c   0x0000008c   Code   RO         3032    i.pbuf_alloced_custom  lwip_pbuf.o
    0x18043d28   0x000000e0   Code   RO         3033    i.pbuf_cat          lwip_pbuf.o
    0x18043e08   0x00000088   Code   RO         3034    i.pbuf_chain        lwip_pbuf.o
    0x18043e90   0x00000012   Code   RO         3035    i.pbuf_clen         lwip_pbuf.o
    0x18043ea2   0x00000002   PAD
    0x18043ea4   0x000001a0   Code   RO         3037    i.pbuf_copy         lwip_pbuf.o
    0x18044044   0x000000d4   Code   RO         3038    i.pbuf_copy_partial  lwip_pbuf.o
    0x18044118   0x0000011c   Code   RO         3040    i.pbuf_free         lwip_pbuf.o
    0x18044234   0x00000038   Code   RO         3041    i.pbuf_free_ooseq_callback  lwip_pbuf.o
    0x1804426c   0x00000034   Code   RO         3042    i.pbuf_get_at       lwip_pbuf.o
    0x180442a0   0x00000006   Code   RO         3043    i.pbuf_header       lwip_pbuf.o
    0x180442a6   0x00000006   Code   RO         3044    i.pbuf_header_force  lwip_pbuf.o
    0x180442ac   0x000000e0   Code   RO         3045    i.pbuf_header_impl  lwip_pbuf.o
    0x1804438c   0x00000038   Code   RO         3048    i.pbuf_put_at       lwip_pbuf.o
    0x180443c4   0x00000144   Code   RO         3049    i.pbuf_realloc      lwip_pbuf.o
    0x18044508   0x0000001c   Code   RO         3050    i.pbuf_ref          lwip_pbuf.o
    0x18044524   0x0000012c   Code   RO         3053    i.pbuf_take         lwip_pbuf.o
    0x18044650   0x00000110   Code   RO         3054    i.pbuf_take_at      lwip_pbuf.o
    0x18044760   0x000000f0   Code   RO         5357    i.pin_function      pinmap.o
    0x18044850   0x00000060   Code   RO         5358    i.pin_mode          pinmap.o
    0x180448b0   0x00000028   Code   RO         4961    i.pinmap_find_peripheral  mbed_pinmap_common.o
    0x180448d8   0x00000060   Code   RO         4962    i.pinmap_function   mbed_pinmap_common.o
    0x18044938   0x0000003c   Code   RO         4963    i.pinmap_merge      mbed_pinmap_common.o
    0x18044974   0x00000060   Code   RO         4964    i.pinmap_peripheral  mbed_pinmap_common.o
    0x180449d4   0x0000005c   Code   RO         4965    i.pinmap_pinout     mbed_pinmap_common.o
    0x18044a30   0x00000098   Code   RO         2343    i.poll_tcp          lwip_api_msg.o
    0x18044ac8   0x00000034   Code   RO         5813    i.pre_main          RTX_Conf_CM.o
    0x18044afc   0x000000b0   Code   RO          133    i.print             cJSON.o
    0x18044bac   0x00000130   Code   RO          134    i.print_string_ptr  cJSON.o
    0x18044cdc   0x000004f0   Code   RO          135    i.print_value       cJSON.o
    0x180451cc   0x000000ac   Code   RO         2215    i.r91h_wifiif_input  rda5991h_wland.o
    0x18045278   0x000000c4   Code   RO         6964    i.rc4_skip          wifi_sta_ap.ar(wifi_rc4.o)
    0x1804533c   0x00000058   Code   RO         6245    i.rd_rf_usb_reg     hal.ar(rda_ccfg_api.o)
    0x18045394   0x000000b8   Code   RO         6631    i.rda5981_check_scan_result  wifi_sta_ap.ar(wland_scan.o)
    0x1804544c   0x00000058   Code   RO         6634    i.rda5981_del_scan_all_result  wifi_sta_ap.ar(wland_scan.o)
    0x180454a4   0x00000094   Code   RO         6635    i.rda5981_del_scan_result  wifi_sta_ap.ar(wland_scan.o)
    0x18045538   0x0000011c   Code   RO         6679    i.rda5981_enable_sniffer  wifi_sta_ap.ar(wland_sniffer.o)
    0x18045654   0x00000164   Code   RO         6377    i.rda5981_erase_flash  wifi_sta_ap.ar(wland_flash.o)
    0x180457b8   0x000001bc   Code   RO         6378    i.rda5981_erase_user_data  wifi_sta_ap.ar(wland_flash.o)
    0x18045974   0x000000b4   Code   RO         6394    i.rda5981_flash_read_ip_addr  wifi_sta_ap.ar(wland_flash.o)
    0x18045a28   0x000000c4   Code   RO         6395    i.rda5981_flash_read_mac_addr  wifi_sta_ap.ar(wland_flash.o)
    0x18045aec   0x00000038   Code   RO         6396    i.rda5981_flash_read_pmk  wifi_sta_ap.ar(wland_flash.o)
    0x18045b24   0x00000050   Code   RO         6397    i.rda5981_flash_read_sta_data  wifi_sta_ap.ar(wland_flash.o)
    0x18045b74   0x0000005c   Code   RO         6404    i.rda5981_flash_write_ip_addr  wifi_sta_ap.ar(wland_flash.o)
    0x18045bd0   0x00000068   Code   RO         6405    i.rda5981_flash_write_mac_addr  wifi_sta_ap.ar(wland_flash.o)
    0x18045c38   0x00000050   Code   RO         6531    i.rda5981_get_joined_AP  wifi_sta_ap.ar(wland_if_sta.o)
    0x18045c88   0x000000c0   Code   RO         6637    i.rda5981_get_scan_result  wifi_sta_ap.ar(wland_scan.o)
    0x18045d48   0x000000e4   Code   RO         6409    i.rda5981_read_flash  wifi_sta_ap.ar(wland_flash.o)
    0x18045e2c   0x0000029c   Code   RO         6410    i.rda5981_read_user_data  wifi_sta_ap.ar(wland_flash.o)
    0x180460c8   0x0000016c   Code   RO         6641    i.rda5981_scan      wifi_sta_ap.ar(wland_scan.o)
    0x18046234   0x000001bc   Code   RO         6682    i.rda5981_start_sniffer  wifi_sta_ap.ar(wland_sniffer.o)
    0x180463f0   0x000000d0   Code   RO         6417    i.rda5981_write_flash  wifi_sta_ap.ar(wland_flash.o)
    0x180464c0   0x00000278   Code   RO         6418    i.rda5981_write_user_data  wifi_sta_ap.ar(wland_flash.o)
    0x18046738   0x00000014   Code   RO         2216    i.rda91h_etharp_output  rda5991h_wland.o
    0x1804674c   0x00000094   Code   RO         2217    i.rda91h_low_level_output  rda5991h_wland.o
    0x180467e0   0x0000020c   Code   RO         6250    i.rda_aes_crypt     hal.ar(rda_aes_api.o)
    0x180469ec   0x00000006   Code   RO         6705    i.rda_alarm_create  wifi_sta_ap.ar(rda_sys_wrapper.o)
    0x180469f2   0x00000002   PAD
    0x180469f4   0x0000012c   Code   RO         6706    i.rda_alarm_create_v2  wifi_sta_ap.ar(rda_sys_wrapper.o)
    0x18046b20   0x00000070   Code   RO         6707    i.rda_alarm_delete  wifi_sta_ap.ar(rda_sys_wrapper.o)
    0x18046b90   0x00000014   Code   RO         6708    i.rda_alarm_start   wifi_sta_ap.ar(rda_sys_wrapper.o)
    0x18046ba4   0x0000001e   Code   RO         6709    i.rda_alarm_stop    wifi_sta_ap.ar(rda_sys_wrapper.o)
    0x18046bc2   0x0000003e   Code   RO         6203    i.rda_ccfg_adc_free  hal.ar(rda_ccfg_api.o)
    0x18046c00   0x00000068   Code   RO         6204    i.rda_ccfg_adc_gp   hal.ar(rda_ccfg_api.o)
    0x18046c68   0x00000058   Code   RO         6205    i.rda_ccfg_adc_init  hal.ar(rda_ccfg_api.o)
    0x18046cc0   0x00000074   Code   RO         6206    i.rda_ccfg_adc_oenb  hal.ar(rda_ccfg_api.o)
    0x18046d34   0x000000e4   Code   RO         6207    i.rda_ccfg_adc_read  hal.ar(rda_ccfg_api.o)
    0x18046e18   0x0000002c   Code   RO         6208    i.rda_ccfg_aontmr   hal.ar(rda_ccfg_api.o)
    0x18046e44   0x000000d2   Code   RO         6209    i.rda_ccfg_aontmr_cksrc  hal.ar(rda_ccfg_api.o)
    0x18046f16   0x00000002   PAD
    0x18046f18   0x000000f8   Code   RO         6210    i.rda_ccfg_boot     hal.ar(rda_ccfg_api.o)
    0x18047010   0x00000028   Code   RO         6211    i.rda_ccfg_ckrst    hal.ar(rda_ccfg_api.o)
    0x18047038   0x0000006c   Code   RO         6212    i.rda_ccfg_gp       hal.ar(rda_ccfg_api.o)
    0x180470a4   0x00000020   Code   RO         6215    i.rda_ccfg_hwver    hal.ar(rda_ccfg_api.o)
    0x180470c4   0x0000002c   Code   RO         2218    i.rda_create_interrupt  rda5991h_wland.o
    0x180470f0   0x00000020   Code   RO         2219    i.rda_critical_sec_end  rda5991h_wland.o
    0x18047110   0x00000024   Code   RO         2220    i.rda_critical_sec_start  rda5991h_wland.o
    0x18047134   0x00000008   Code   RO         2221    i.rda_delete_interrupt  rda5991h_wland.o
    0x1804713c   0x0000001a   Code   RO         2222    i.rda_disable_interrupt  rda5991h_wland.o
    0x18047156   0x0000001a   Code   RO         2223    i.rda_enable_interrupt  rda5991h_wland.o
    0x18047170   0x00000004   Code   RO         6710    i.rda_get_cur_time_ms  wifi_sta_ap.ar(rda_sys_wrapper.o)
    0x18047174   0x00000024   Code   RO         2224    i.rda_get_macaddr   rda5991h_wland.o
    0x18047198   0x00000028   Code   RO         5442    i.rda_gpadc_free    rda_gpadc_api.o
    0x180471c0   0x00000098   Code   RO         5443    i.rda_gpadc_init    rda_gpadc_api.o
    0x18047258   0x00000034   Code   RO         6711    i.rda_mail_create   wifi_sta_ap.ar(rda_sys_wrapper.o)
    0x1804728c   0x00000038   Code   RO         6712    i.rda_mail_get      wifi_sta_ap.ar(rda_sys_wrapper.o)
    0x180472c4   0x00000030   Code   RO         6713    i.rda_mail_put      wifi_sta_ap.ar(rda_sys_wrapper.o)
    0x180472f4   0x00000010   Code   RO         6716    i.rda_msg_put       wifi_sta_ap.ar(rda_sys_wrapper.o)
    0x18047304   0x00000014   Code   RO         2225    i.rda_netif_down    rda5991h_wland.o
    0x18047318   0x00000024   Code   RO         2226    i.rda_netif_input   rda5991h_wland.o
    0x1804733c   0x00000014   Code   RO         2227    i.rda_netif_link_down  rda5991h_wland.o
    0x18047350   0x00000014   Code   RO         2228    i.rda_netif_link_up  rda5991h_wland.o
    0x18047364   0x00000014   Code   RO         2229    i.rda_netif_up      rda5991h_wland.o
    0x18047378   0x0000001c   Code   RO         6721    i.rda_sem_create    wifi_sta_ap.ar(rda_sys_wrapper.o)
    0x18047394   0x0000001c   Code   RO         6722    i.rda_sem_delete    wifi_sta_ap.ar(rda_sys_wrapper.o)
    0x180473b0   0x00000010   Code   RO         6723    i.rda_sem_release   wifi_sta_ap.ar(rda_sys_wrapper.o)
    0x180473c0   0x00000012   Code   RO         6724    i.rda_sem_wait      wifi_sta_ap.ar(rda_sys_wrapper.o)
    0x180473d2   0x0000003e   Code   RO         6727    i.rda_thread_new    wifi_sta_ap.ar(rda_sys_wrapper.o)
    0x18047410   0x00000038   Code   RO         5515    i.rda_timer_irq_set  rda_timer_isr.o
    0x18047448   0x0000004c   Code   RO         5516    i.rda_timer_isr     rda_timer_isr.o
    0x18047494   0x00000108   Code   RO         2344    i.recv_tcp          lwip_api_msg.o
    0x1804759c   0x00000108   Code   RO         2345    i.recv_udp          lwip_api_msg.o
    0x180476a4   0x0000001a   Code   RO         6099    i.rt_alloc_box      rt_MemBox.o
    0x180476be   0x00000002   PAD
    0x180476c0   0x00000050   Code   RO         6165    i.rt_block          rt_Task.o
    0x18047710   0x00000048   Code   RO         6122    i.rt_chk_robin      rt_Robin.o
    0x18047758   0x000000c8   Code   RO         6062    i.rt_dec_dly        rt_List.o
    0x18047820   0x00000080   Code   RO         6166    i.rt_dispatch       rt_Task.o
    0x180478a0   0x00000006   Code   RO         6187    i.rt_dly_wait       rt_Time.o
    0x180478a6   0x00000002   PAD
    0x180478a8   0x00000054   Code   RO         6053    i.rt_evt_psh        rt_Event.o
    0x180478fc   0x0000002e   Code   RO         6100    i.rt_free_box       rt_MemBox.o
    0x1804792a   0x0000002a   Code   RO         6063    i.rt_get_first      rt_List.o
    0x18047954   0x00000024   Code   RO         6064    i.rt_get_same_rdy_prio  rt_List.o
    0x18047978   0x00000018   Code   RO         6123    i.rt_init_robin     rt_Robin.o
    0x18047990   0x000000ec   Code   RO         5800    i.rt_init_stack     HAL_CM.o
    0x18047a7c   0x00000008   Code   RO         6085    i.rt_mbx_check      rt_Mailbox.o
    0x18047a84   0x0000001a   Code   RO         6086    i.rt_mbx_init       rt_Mailbox.o
    0x18047a9e   0x00000002   PAD
    0x18047aa0   0x00000114   Code   RO         6087    i.rt_mbx_psh        rt_Mailbox.o
    0x18047bb4   0x000000a4   Code   RO         6088    i.rt_mbx_send       rt_Mailbox.o
    0x18047c58   0x000000b8   Code   RO         6089    i.rt_mbx_wait       rt_Mailbox.o
    0x18047d10   0x00000048   Code   RO         5913    i.rt_ms2tick        rt_CMSIS.o
    0x18047d58   0x000000b8   Code   RO         6111    i.rt_mut_delete     rt_Mutex.o
    0x18047e10   0x00000010   Code   RO         6112    i.rt_mut_init       rt_Mutex.o
    0x18047e20   0x000000e4   Code   RO         6113    i.rt_mut_release    rt_Mutex.o
    0x18047f04   0x0000006c   Code   RO         6114    i.rt_mut_wait       rt_Mutex.o
    0x18047f70   0x00000080   Code   RO         6144    i.rt_pop_req        rt_System.o
    0x18047ff0   0x00000020   Code   RO         6145    i.rt_psh_req        rt_System.o
    0x18048010   0x0000005c   Code   RO         6065    i.rt_psq_enq        rt_List.o
    0x1804806c   0x00000068   Code   RO         6066    i.rt_put_dly        rt_List.o
    0x180480d4   0x00000042   Code   RO         6067    i.rt_put_prio       rt_List.o
    0x18048116   0x00000002   PAD
    0x18048118   0x00000014   Code   RO         6068    i.rt_put_rdy_first  rt_List.o
    0x1804812c   0x0000008c   Code   RO         6069    i.rt_resort_prio    rt_List.o
    0x180481b8   0x000000e4   Code   RO         6146    i.rt_resume         rt_System.o
    0x1804829c   0x00000012   Code   RO         5801    i.rt_ret_val        HAL_CM.o
    0x180482ae   0x00000014   Code   RO         5802    i.rt_ret_val2       HAL_CM.o
    0x180482c2   0x0000002c   Code   RO         6070    i.rt_rmv_dly        rt_List.o
    0x180482ee   0x00000002   PAD
    0x180482f0   0x00000030   Code   RO         6071    i.rt_rmv_list       rt_List.o
    0x18048320   0x00000060   Code   RO         6128    i.rt_sem_delete     rt_Semaphore.o
    0x18048380   0x0000000c   Code   RO         6129    i.rt_sem_init       rt_Semaphore.o
    0x1804838c   0x00000034   Code   RO         6130    i.rt_sem_psh        rt_Semaphore.o
    0x180483c0   0x0000002a   Code   RO         6131    i.rt_sem_send       rt_Semaphore.o
    0x180483ea   0x00000002   PAD
    0x180483ec   0x00000044   Code   RO         6132    i.rt_sem_wait       rt_Semaphore.o
    0x18048430   0x00000024   Code   RO         6147    i.rt_stk_check      rt_System.o
    0x18048454   0x00000070   Code   RO         6148    i.rt_suspend        rt_System.o
    0x180484c4   0x00000024   Code   RO         6167    i.rt_switch_req     rt_Task.o
    0x180484e8   0x00000128   Code   RO         6168    i.rt_sys_init       rt_Task.o
    0x18048610   0x00000080   Code   RO         6169    i.rt_sys_start      rt_Task.o
    0x18048690   0x00000040   Code   RO         6149    i.rt_systick        rt_System.o
    0x180486d0   0x00000014   Code   RO         5914    i.rt_tid2ptcb       rt_CMSIS.o
    0x180486e4   0x0000000c   Code   RO         6190    i.rt_time_get       rt_Time.o
    0x180486f0   0x000000e4   Code   RO         6170    i.rt_tsk_create     rt_Task.o
    0x180487d4   0x0000016c   Code   RO         6171    i.rt_tsk_delete     rt_Task.o
    0x18048940   0x00000044   Code   RO         6172    i.rt_tsk_pass       rt_Task.o
    0x18048984   0x0000007c   Code   RO         6173    i.rt_tsk_prio       rt_Task.o
    0x18048a00   0x00000010   Code   RO         6174    i.rt_tsk_self       rt_Task.o
    0x18048a10   0x0000002c   Code   RO         5544    i.rtc_base_update   rtc_api.o
    0x18048a3c   0x0000000c   Code   RO         5792    i.rtos_idle_loop    rtos_idle.o
    0x18048a48   0x00000080   Code   RO         2346    i.sent_tcp          lwip_api_msg.o
    0x18048ac8   0x000000cc   Code   RO         5563    i.serial_baud       serial_api.o
    0x18048b94   0x000000f4   Code   RO         5567    i.serial_format     serial_api.o
    0x18048c88   0x0000016c   Code   RO         5570    i.serial_init       serial_api.o
    0x18048df4   0x000000bc   Code   RO         5573    i.serial_irq_set_internal  serial_api.o
    0x18048eb0   0x00000048   Code   RO         5575    i.serial_putc       serial_api.o
    0x18048ef8   0x00000160   Code   RO         5577    i.serial_set_flow_control  serial_api.o
    0x18049058   0x00000108   Code   RO         6988    i.setWifiSmPmk      wifi_sta_ap.ar(wifi_wpa_common.o)
    0x18049160   0x00000034   Code   RO         5814    i.set_stack_heap    RTX_Conf_CM.o
    0x18049194   0x00000094   Code   RO         6973    i.sha1_prf          wifi_sta_ap.ar(wifi_sha1.o)
    0x18049228   0x000000cc   Code   RO         6974    i.sha1_vector       wifi_sta_ap.ar(wifi_sha1.o)
    0x180492f4   0x0000070c   Code   RO         5215    i.show_regs         cmsis_nvic.o
    0x18049a00   0x00000004   Code   RO         5612    i.sleep             sleep.o
    0x18049a04   0x00000080   Code   RO         6279    i.sleep_cal_lpo     hal.ar(rda_sleep_api.o)
    0x18049a84   0x0000007c   Code   RO         6280    i.sleep_entry_register  hal.ar(rda_sleep_api.o)
    0x18049b00   0x000001a0   Code   RO         6281    i.sleep_management  hal.ar(rda_sleep_api.o)
    0x18049ca0   0x00000068   Code   RO         5216    i.stack_dump        cmsis_nvic.o
    0x18049d08   0x00000014   Code   RO         3093    i.stats_init        lwip_stats.o
    0x18049d1c   0x00000004   PAD
    0x18049d20   0x00000030   Code   RO         7854    i.strtod            m_wm.l(strtod.o)
    0x18049d50   0x000000bc   Code   RO         6783    i.supp_alloc_eapol  wifi_sta_ap.ar(wifi_wpa.o)
    0x18049e0c   0x00000014   Code   RO         5915    i.svcDelay          rt_CMSIS.o
    0x18049e20   0x00000078   Code   RO         5916    i.svcKernelInitialize  rt_CMSIS.o
    0x18049e98   0x0000000c   Code   RO         5917    i.svcKernelRunning  rt_CMSIS.o
    0x18049ea4   0x0000004c   Code   RO         5918    i.svcKernelStart    rt_CMSIS.o
    0x18049ef0   0x0000002c   Code   RO         5921    i.svcMessageCreate  rt_CMSIS.o
    0x18049f1c   0x00000044   Code   RO         5922    i.svcMessageGet     rt_CMSIS.o
    0x18049f60   0x0000003c   Code   RO         5923    i.svcMessagePut     rt_CMSIS.o
    0x18049f9c   0x0000001e   Code   RO         5924    i.svcMutexCreate    rt_CMSIS.o
    0x18049fba   0x0000001c   Code   RO         5925    i.svcMutexDelete    rt_CMSIS.o
    0x18049fd6   0x00000022   Code   RO         5926    i.svcMutexRelease   rt_CMSIS.o
    0x18049ff8   0x00000038   Code   RO         5927    i.svcMutexWait      rt_CMSIS.o
    0x1804a030   0x00000034   Code   RO         5928    i.svcPoolCreate     rt_CMSIS.o
    0x1804a064   0x00000026   Code   RO         5929    i.svcSemaphoreCreate  rt_CMSIS.o
    0x1804a08a   0x0000001c   Code   RO         5930    i.svcSemaphoreDelete  rt_CMSIS.o
    0x1804a0a6   0x0000002a   Code   RO         5931    i.svcSemaphoreRelease  rt_CMSIS.o
    0x1804a0d0   0x00000032   Code   RO         5932    i.svcSemaphoreWait  rt_CMSIS.o
    0x1804a102   0x00000002   PAD
    0x1804a104   0x0000007c   Code   RO         5936    i.svcThreadCreate   rt_CMSIS.o
    0x1804a180   0x0000001c   Code   RO         5937    i.svcThreadGetId    rt_CMSIS.o
    0x1804a19c   0x00000038   Code   RO         5940    i.svcThreadTerminate  rt_CMSIS.o
    0x1804a1d4   0x0000000a   Code   RO         5941    i.svcThreadYield    rt_CMSIS.o
    0x1804a1de   0x0000001a   Code   RO         5942    i.svcTimerCall      rt_CMSIS.o
    0x1804a1f8   0x00000054   Code   RO         5943    i.svcTimerCreate    rt_CMSIS.o
    0x1804a24c   0x00000064   Code   RO         5944    i.svcTimerDelete    rt_CMSIS.o
    0x1804a2b0   0x000000bc   Code   RO         5945    i.svcTimerStart     rt_CMSIS.o
    0x1804a36c   0x00000054   Code   RO         5946    i.svcTimerStop      rt_CMSIS.o
    0x1804a3c0   0x000000b0   Code   RO         5951    i.sysTimerTick      rt_CMSIS.o
    0x1804a470   0x000000c4   Code   RO         5952    i.sysUserTimerUpdate  rt_CMSIS.o
    0x1804a534   0x00000014   Code   RO         5953    i.sysUserTimerWakeupTime  rt_CMSIS.o
    0x1804a548   0x00000040   Code   RO         2160    i.sys_arch_mbox_fetch  lwip_sys_arch.o
    0x1804a588   0x0000001a   Code   RO         2161    i.sys_arch_mbox_tryfetch  lwip_sys_arch.o
    0x1804a5a2   0x00000002   PAD
    0x1804a5a4   0x00000038   Code   RO         2162    i.sys_arch_protect  lwip_sys_arch.o
    0x1804a5dc   0x00000036   Code   RO         2163    i.sys_arch_sem_wait  lwip_sys_arch.o
    0x1804a612   0x00000002   PAD
    0x1804a614   0x0000003c   Code   RO         2164    i.sys_arch_unprotect  lwip_sys_arch.o
    0x1804a650   0x00000038   Code   RO         2165    i.sys_init          lwip_sys_arch.o
    0x1804a688   0x00000034   Code   RO         2167    i.sys_mbox_free     lwip_sys_arch.o
    0x1804a6bc   0x00000064   Code   RO         2168    i.sys_mbox_new      lwip_sys_arch.o
    0x1804a720   0x00000034   Code   RO         2169    i.sys_mbox_post     lwip_sys_arch.o
    0x1804a754   0x00000014   Code   RO         2170    i.sys_mbox_trypost  lwip_sys_arch.o
    0x1804a768   0x00000034   Code   RO         2173    i.sys_mutex_lock    lwip_sys_arch.o
    0x1804a79c   0x00000028   Code   RO         2174    i.sys_mutex_new     lwip_sys_arch.o
    0x1804a7c4   0x00000030   Code   RO         2175    i.sys_mutex_unlock  lwip_sys_arch.o
    0x1804a7f4   0x00000010   Code   RO         2176    i.sys_now           lwip_sys_arch.o
    0x1804a804   0x00000002   Code   RO         2177    i.sys_sem_free      lwip_sys_arch.o
    0x1804a806   0x00000002   PAD
    0x1804a808   0x00000044   Code   RO         2178    i.sys_sem_new       lwip_sys_arch.o
    0x1804a84c   0x00000016   Code   RO         2179    i.sys_sem_signal    lwip_sys_arch.o
    0x1804a862   0x00000002   PAD
    0x1804a864   0x000000d0   Code   RO         2180    i.sys_thread_new    lwip_sys_arch.o
    0x1804a934   0x000000e0   Code   RO         3248    i.sys_timeout       lwip_timeouts.o
    0x1804aa14   0x00000034   Code   RO         3249    i.sys_timeouts_init  lwip_timeouts.o
    0x1804aa48   0x00000094   Code   RO         3250    i.sys_timeouts_mbox_fetch  lwip_timeouts.o
    0x1804aadc   0x000001cc   Code   RO         3108    i.tcp_abandon       lwip_tcp.o
    0x1804aca8   0x00000006   Code   RO         3109    i.tcp_abort         lwip_tcp.o
    0x1804acae   0x00000010   Code   RO         3110    i.tcp_accept        lwip_tcp.o
    0x1804acbe   0x00000010   Code   RO         3111    i.tcp_accept_null   lwip_tcp.o
    0x1804acce   0x00000002   PAD
    0x1804acd0   0x000001e4   Code   RO         3112    i.tcp_alloc         lwip_tcp.o
    0x1804aeb4   0x00000008   Code   RO         3113    i.tcp_arg           lwip_tcp.o
    0x1804aebc   0x00000068   Code   RO         3114    i.tcp_backlog_accepted  lwip_tcp.o
    0x1804af24   0x0000006c   Code   RO         3115    i.tcp_backlog_delayed  lwip_tcp.o
    0x1804af90   0x00000154   Code   RO         3116    i.tcp_bind          lwip_tcp.o
    0x1804b0e4   0x00000014   Code   RO         3117    i.tcp_close         lwip_tcp.o
    0x1804b0f8   0x0000023c   Code   RO         3118    i.tcp_close_shutdown  lwip_tcp.o
    0x1804b334   0x000001fc   Code   RO         3119    i.tcp_connect       lwip_tcp.o
    0x1804b530   0x000000c4   Code   RO         3214    i.tcp_create_segment  lwip_tcp_out.o
    0x1804b5f4   0x00000028   Code   RO         3121    i.tcp_eff_send_mss_impl  lwip_tcp.o
    0x1804b61c   0x000001e8   Code   RO         3215    i.tcp_enqueue_flags  lwip_tcp_out.o
    0x1804b804   0x00000050   Code   RO         3122    i.tcp_err           lwip_tcp.o
    0x1804b854   0x000000c0   Code   RO         3123    i.tcp_fasttmr       lwip_tcp.o
    0x1804b914   0x00000014   Code   RO         3124    i.tcp_init          lwip_tcp.o
    0x1804b928   0x000007e0   Code   RO         3195    i.tcp_input         lwip_tcp_in.o
    0x1804c108   0x0000007c   Code   RO         3216    i.tcp_keepalive     lwip_tcp_out.o
    0x1804c184   0x00000100   Code   RO         3125    i.tcp_listen_with_backlog  lwip_tcp.o
    0x1804c284   0x00000084   Code   RO         3126    i.tcp_netif_ipv4_addr_changed  lwip_tcp.o
    0x1804c308   0x00000006   Code   RO         3127    i.tcp_new           lwip_tcp.o
    0x1804c30e   0x00000002   PAD
    0x1804c310   0x00000368   Code   RO         3217    i.tcp_output        lwip_tcp_out.o
    0x1804c678   0x000000b0   Code   RO         3218    i.tcp_output_alloc_header  lwip_tcp_out.o
    0x1804c728   0x0000012c   Code   RO         3196    i.tcp_parseopt      lwip_tcp_in.o
    0x1804c854   0x000000d4   Code   RO         3130    i.tcp_pcb_purge     lwip_tcp.o
    0x1804c928   0x000000d8   Code   RO         3131    i.tcp_pcb_remove    lwip_tcp.o
    0x1804ca00   0x00000048   Code   RO         3132    i.tcp_poll          lwip_tcp.o
    0x1804ca48   0x000004d4   Code   RO         3197    i.tcp_process       lwip_tcp_in.o
    0x1804cf1c   0x00000092   Code   RO         3133    i.tcp_process_refused_data  lwip_tcp.o
    0x1804cfae   0x00000002   PAD
    0x1804cfb0   0x00000b84   Code   RO         3198    i.tcp_receive       lwip_tcp_in.o
    0x1804db34   0x00000050   Code   RO         3134    i.tcp_recv          lwip_tcp.o
    0x1804db84   0x00000034   Code   RO         3135    i.tcp_recv_null     lwip_tcp.o
    0x1804dbb8   0x00000100   Code   RO         3136    i.tcp_recved        lwip_tcp.o
    0x1804dcb8   0x0000004a   Code   RO         3219    i.tcp_rexmit        lwip_tcp_out.o
    0x1804dd02   0x00000096   Code   RO         3220    i.tcp_rexmit_fast   lwip_tcp_out.o
    0x1804dd98   0x0000002e   Code   RO         3221    i.tcp_rexmit_rto    lwip_tcp_out.o
    0x1804ddc6   0x00000002   PAD
    0x1804ddc8   0x000000ec   Code   RO         3222    i.tcp_rst           lwip_tcp_out.o
    0x1804deb4   0x00000034   Code   RO         3137    i.tcp_seg_copy      lwip_tcp.o
    0x1804dee8   0x00000020   Code   RO         3138    i.tcp_seg_free      lwip_tcp.o
    0x1804df08   0x00000026   Code   RO         3139    i.tcp_segs_free     lwip_tcp.o
    0x1804df2e   0x0000008a   Code   RO         3223    i.tcp_send_empty_ack  lwip_tcp_out.o
    0x1804dfb8   0x00000046   Code   RO         3224    i.tcp_send_fin      lwip_tcp_out.o
    0x1804dffe   0x00000002   PAD
    0x1804e000   0x00000050   Code   RO         3140    i.tcp_sent          lwip_tcp.o
    0x1804e050   0x00000054   Code   RO         3142    i.tcp_shutdown      lwip_tcp.o
    0x1804e0a4   0x000004c0   Code   RO         3143    i.tcp_slowtmr       lwip_tcp.o
    0x1804e564   0x00000038   Code   RO         3252    i.tcp_timer_needed  lwip_timeouts.o
    0x1804e59c   0x00000024   Code   RO         3144    i.tcp_tmr           lwip_tcp.o
    0x1804e5c0   0x00000010   Code   RO         3199    i.tcp_trigger_input_pcb_close  lwip_tcp_in.o
    0x1804e5d0   0x00000074   Code   RO         3146    i.tcp_update_rcv_ann_wnd  lwip_tcp.o
    0x1804e644   0x00000590   Code   RO         3225    i.tcp_write         lwip_tcp_out.o
    0x1804ebd4   0x000000e0   Code   RO         3226    i.tcp_zero_window_probe  lwip_tcp_out.o
    0x1804ecb4   0x0000006c   Code   RO         2508    i.tcpip_callback_with_block  lwip_tcpip.o
    0x1804ed20   0x000000bc   Code   RO         2511    i.tcpip_init        lwip_tcpip.o
    0x1804eddc   0x00000074   Code   RO         2512    i.tcpip_inpkt       lwip_tcpip.o
    0x1804ee50   0x000000bc   Code   RO         2513    i.tcpip_input       lwip_tcpip.o
    0x1804ef0c   0x00000020   Code   RO         2514    i.tcpip_send_msg_wait_sem  lwip_tcpip.o
    0x1804ef2c   0x00000038   Code   RO         3253    i.tcpip_tcp_timer   lwip_timeouts.o
    0x1804ef64   0x000000a8   Code   RO         2515    i.tcpip_thread      lwip_tcpip.o
    0x1804f00c   0x0000004e   Code   RO         5006    i.ticker_irq_handler  mbed_ticker_api.o
    0x1804f05a   0x00000006   Code   RO         5007    i.ticker_read       mbed_ticker_api.o
    0x1804f060   0x0000002c   Code   RO         5640    i.trng_free         trng_api.o
    0x1804f08c   0x00000068   Code   RO         5641    i.trng_get_bytes    trng_api.o
    0x1804f0f4   0x00000048   Code   RO         5642    i.trng_init         trng_api.o
    0x1804f13c   0x00000094   Code   RO         5580    i.uart0_irq         serial_api.o
    0x1804f1d0   0x0000009c   Code   RO         5581    i.uart1_irq         serial_api.o
    0x1804f26c   0x000000dc   Code   RO         3270    i.udp_bind          lwip_udp.o
    0x1804f348   0x00000054   Code   RO         3271    i.udp_connect       lwip_udp.o
    0x1804f39c   0x00000014   Code   RO         3273    i.udp_init          lwip_udp.o
    0x1804f3b0   0x00000258   Code   RO         3274    i.udp_input         lwip_udp.o
    0x1804f608   0x00000034   Code   RO         3275    i.udp_netif_ipv4_addr_changed  lwip_udp.o
    0x1804f63c   0x00000038   Code   RO         3276    i.udp_new           lwip_udp.o
    0x1804f674   0x00000038   Code   RO         3277    i.udp_new_ip_type   lwip_udp.o
    0x1804f6ac   0x00000006   Code   RO         3278    i.udp_recv          lwip_udp.o
    0x1804f6b2   0x00000002   PAD
    0x1804f6b4   0x00000030   Code   RO         3279    i.udp_remove        lwip_udp.o
    0x1804f6e4   0x00000098   Code   RO         3280    i.udp_send          lwip_udp.o
    0x1804f77c   0x00000090   Code   RO         3281    i.udp_sendto        lwip_udp.o
    0x1804f80c   0x00000042   Code   RO         3282    i.udp_sendto_if     lwip_udp.o
    0x1804f84e   0x00000002   PAD
    0x1804f850   0x00000170   Code   RO         3283    i.udp_sendto_if_src  lwip_udp.o
    0x1804f9c0   0x000000f4   Code   RO         6329    i.unmark_ip_in_table  wifi_sta_ap.ar(dhcps.o)
    0x1804fab4   0x00000010   Code   RO         5652    i.us_ticker_clear_interrupt  us_ticker.o
    0x1804fac4   0x00000010   Code   RO         5653    i.us_ticker_disable_interrupt  us_ticker.o
    0x1804fad4   0x000000dc   Code   RO         5654    i.us_ticker_init    us_ticker.o
    0x1804fbb0   0x0000000c   Code   RO         5023    i.us_ticker_irq_handler  mbed_us_ticker_api.o
    0x1804fbbc   0x00000060   Code   RO         5655    i.us_ticker_read    us_ticker.o
    0x1804fc1c   0x000000bc   Code   RO         5656    i.us_ticker_set_interrupt  us_ticker.o
    0x1804fcd8   0x0000001c   Code   RO         5036    i.wait_ms           mbed_wait_api.o
    0x1804fcf4   0x0000013c   Code   RO         2230    i.wifi_arch_enetif_init  rda5991h_wland.o
    0x1804fe30   0x00000014   Code   RO         6784    i.wifi_inputEapolPkt  wifi_sta_ap.ar(wifi_wpa.o)
    0x1804fe44   0x0000008c   Code   RO         6586    i.wland_add_ap_gtkey  wifi_sta_ap.ar(wland_if_ap.o)
    0x1804fed0   0x00000140   Code   RO         6535    i.wland_add_gtkey   wifi_sta_ap.ar(wland_if_sta.o)
    0x18050010   0x00000110   Code   RO         6536    i.wland_add_ptkey   wifi_sta_ap.ar(wland_if_sta.o)
    0x18050120   0x00000118   Code   RO         6537    i.wland_add_wep_key  wifi_sta_ap.ar(wland_if_sta.o)
    0x18050238   0x000000f4   Code   RO         6587    i.wland_clear_joined_sta  wifi_sta_ap.ar(wland_if_ap.o)
    0x1805032c   0x00000584   Code   RO         6538    i.wland_connect     wifi_sta_ap.ar(wland_if_sta.o)
    0x180508b0   0x0000007c   Code   RO         6539    i.wland_connect_auto_rate  wifi_sta_ap.ar(wland_if_sta.o)
    0x1805092c   0x00000060   Code   RO         6588    i.wland_deauth_sta  wifi_sta_ap.ar(wland_if_ap.o)
    0x1805098c   0x00000080   Code   RO         6589    i.wland_deauth_timer  wifi_sta_ap.ar(wland_if_ap.o)
    0x18050a0c   0x00000088   Code   RO         6684    i.wland_disable_sniffer  wifi_sta_ap.ar(wland_sniffer.o)
    0x18050a94   0x00000080   Code   RO         6540    i.wland_disauth     wifi_sta_ap.ar(wland_if_sta.o)
    0x18050b14   0x000000f0   Code   RO         6541    i.wland_disconnect  wifi_sta_ap.ar(wland_if_sta.o)
    0x18050c04   0x0000015c   Code   RO         6488    i.wland_fil_get_cmd_data_v2  wifi_sta_ap.ar(wland_if.o)
    0x18050d60   0x00000178   Code   RO         6489    i.wland_fil_set_cmd_data  wifi_sta_ap.ar(wland_if.o)
    0x18050ed8   0x00000020   Code   RO         6490    i.wland_get_buf     wifi_sta_ap.ar(wland_if.o)
    0x18050ef8   0x000000d0   Code   RO         6590    i.wland_get_cur_sta  wifi_sta_ap.ar(wland_if_ap.o)
    0x18050fc8   0x00000038   Code   RO         6491    i.wland_get_databuf  wifi_sta_ap.ar(wland_if.o)
    0x18051000   0x00000108   Code   RO         6591    i.wland_get_joined_sta_ip  wifi_sta_ap.ar(wland_if_ap.o)
    0x18051108   0x0000048c   Code   RO         6766    i.wland_handle_async_info  wifi_sta_ap.ar(wland_recv.o)
    0x18051594   0x000000b8   Code   RO         6685    i.wland_notify_sniffer_handler  wifi_sta_ap.ar(wland_sniffer.o)
    0x1805164c   0x00000086   Code   RO         6492    i.wland_push_wid    wifi_sta_ap.ar(wland_if.o)
    0x180516d2   0x00000002   PAD
    0x180516d4   0x000001cc   Code   RO         6542    i.wland_reconnect   wifi_sta_ap.ar(wland_if_sta.o)
    0x180518a0   0x000000c0   Code   RO         6493    i.wland_reg_func    wifi_sta_ap.ar(wland_if.o)
    0x18051960   0x0000016c   Code   RO         6767    i.wland_rx_frames   wifi_sta_ap.ar(wland_recv.o)
    0x18051acc   0x000001a0   Code   RO         6646    i.wland_scan        wifi_sta_ap.ar(wland_scan.o)
    0x18051c6c   0x000002e4   Code   RO         6647    i.wland_scan_handler  wifi_sta_ap.ar(wland_scan.o)
    0x18051f50   0x00000088   Code   RO         6648    i.wland_scan_order_result  wifi_sta_ap.ar(wland_scan.o)
    0x18051fd8   0x00000004   Code   RO         6543    i.wland_set_11n_action  wifi_sta_ap.ar(wland_if_sta.o)
    0x18051fdc   0x0000008c   Code   RO         6544    i.wland_set_ARPoffload  wifi_sta_ap.ar(wland_if_sta.o)
    0x18052068   0x000001e0   Code   RO         6595    i.wland_set_joined_sta_mac  wifi_sta_ap.ar(wland_if_ap.o)
    0x18052248   0x00000020   Code   RO         6545    i.wland_set_sta_sleep  wifi_sta_ap.ar(wland_if_sta.o)
    0x18052268   0x000004a8   Code   RO         6547    i.wland_sta_init    wifi_sta_ap.ar(wland_if_sta.o)
    0x18052710   0x00000038   Code   RO         6597    i.wland_sta_joined  wifi_sta_ap.ar(wland_if_ap.o)
    0x18052748   0x0000049c   Code   RO         6598    i.wland_start_ap    wifi_sta_ap.ar(wland_if_ap.o)
    0x18052be4   0x0000032c   Code   RO         6548    i.wland_start_join  wifi_sta_ap.ar(wland_if_sta.o)
    0x18052f10   0x00000110   Code   RO         6599    i.wland_stop_ap     wifi_sta_ap.ar(wland_if_ap.o)
    0x18053020   0x0000030c   Code   RO         6494    i.wland_task        wifi_sta_ap.ar(wland_if.o)
    0x1805332c   0x0000009c   Code   RO         6495    i.wland_tx_data     wifi_sta_ap.ar(wland_if.o)
    0x180533c8   0x00000168   Code   RO         6496    i.wland_tx_msg      wifi_sta_ap.ar(wland_if.o)
    0x18053530   0x000000a0   Code   RO         6497    i.wland_txip_data   wifi_sta_ap.ar(wland_if.o)
    0x180535d0   0x00000300   Code   RO         6823    i.wpa_ap_init       wifi_sta_ap.ar(wifi_wpa_ap.o)
    0x180538d0   0x00000040   Code   RO         6824    i.wpa_ap_sta_init   wifi_sta_ap.ar(wifi_wpa_ap.o)
    0x18053910   0x0000004e   Code   RO         6857    i.wpa_bss_get_vendor_ie_trinity  wifi_sta_ap.ar(wifi_wpa_get_suites.o)
    0x1805395e   0x00000002   PAD
    0x18053960   0x00000090   Code   RO         6989    i.wpa_eapol_key_mic  wifi_sta_ap.ar(wifi_wpa_common.o)
    0x180539f0   0x00000100   Code   RO         6785    i.wpa_eapol_key_send  wifi_sta_ap.ar(wifi_wpa.o)
    0x18053af0   0x000000c8   Code   RO         6990    i.wpa_parse_generic  wifi_sta_ap.ar(wifi_wpa_common.o)
    0x18053bb8   0x00000110   Code   RO         6827    i.wpa_parse_kde_ies  wifi_sta_ap.ar(wifi_wpa_ap.o)
    0x18053cc8   0x0000040c   Code   RO         6858    i.wpa_parse_wpa_ie_rsn  wifi_sta_ap.ar(wifi_wpa_get_suites.o)
    0x180540d4   0x000003e4   Code   RO         6859    i.wpa_parse_wpa_ie_wpa  wifi_sta_ap.ar(wifi_wpa_get_suites.o)
    0x180544b8   0x000000b4   Code   RO         6991    i.wpa_pmk_to_ptk    wifi_sta_ap.ar(wifi_wpa_common.o)
    0x1805456c   0x000009b4   Code   RO         6828    i.wpa_receive       wifi_sta_ap.ar(wifi_wpa_ap.o)
    0x18054f20   0x000000d0   Code   RO         6831    i.wpa_send_3_of_4   wifi_sta_ap.ar(wifi_wpa_ap.o)
    0x18054ff0   0x0000022c   Code   RO         6832    i.wpa_send_eapol    wifi_sta_ap.ar(wifi_wpa_ap.o)
    0x1805521c   0x00000074   Code   RO         6992    i.wpa_sm_ether_send  wifi_sta_ap.ar(wifi_wpa_common.o)
    0x18055290   0x00000b88   Code   RO         6786    i.wpa_sm_rx_eapol   wifi_sta_ap.ar(wifi_wpa.o)
    0x18055e18   0x00000104   Code   RO         6787    i.wpa_sm_set_gtk    wifi_sta_ap.ar(wifi_wpa.o)
    0x18055f1c   0x00000034   Code   RO         6833    i.wpa_start_eapol   wifi_sta_ap.ar(wifi_wpa_ap.o)
    0x18055f50   0x00000150   Code   RO         6788    i.wpa_supplicant_check_group_cipher  wifi_sta_ap.ar(wifi_wpa.o)
    0x180560a0   0x000000fc   Code   RO         6860    i.wpa_supplicant_get_encrypt  wifi_sta_ap.ar(wifi_wpa_get_suites.o)
    0x1805619c   0x000001a8   Code   RO         6861    i.wpa_supplicant_get_wpaIe  wifi_sta_ap.ar(wifi_wpa_get_suites.o)
    0x18056344   0x000002d0   Code   RO         6789    i.wpa_supplicant_install_gtk  wifi_sta_ap.ar(wifi_wpa.o)
    0x18056614   0x000000e0   Code   RO         6790    i.wpa_supplicant_pairwise_gtk  wifi_sta_ap.ar(wifi_wpa.o)
    0x180566f4   0x00000178   Code   RO         6791    i.wpa_supplicant_parse_ies  wifi_sta_ap.ar(wifi_wpa.o)
    0x1805686c   0x00000626   Code   RO         6792    i.wpa_supplicant_process_1_of_2  wifi_sta_ap.ar(wifi_wpa.o)
    0x18056e92   0x00000002   PAD
    0x18056e94   0x000002e4   Code   RO         6793    i.wpa_supplicant_process_1_of_4  wifi_sta_ap.ar(wifi_wpa.o)
    0x18057178   0x00000140   Code   RO         6794    i.wpa_supplicant_send_2_of_4  wifi_sta_ap.ar(wifi_wpa.o)
    0x180572b8   0x000001f0   Code   RO         6795    i.wpa_supplicant_send_4_of_4  wifi_sta_ap.ar(wifi_wpa.o)
    0x180574a8   0x00000218   Code   RO         6862    i.wpa_supplicant_set_suites  wifi_sta_ap.ar(wifi_wpa_get_suites.o)
    0x180576c0   0x00000210   Code   RO         6796    i.wpa_supplicant_verify_eapol_key_mic  wifi_sta_ap.ar(wifi_wpa.o)
    0x180578d0   0x00000044   Code   RO         6243    i.wr_rf_usb_reg     hal.ar(rda_ccfg_api.o)
    0x18057914   0x0000002c   Code   RO         7991    locale$$code        c_w.l(lc_ctype_c.o)
    0x18057940   0x0000002c   Code   RO         8160    locale$$code        c_w.l(lc_numeric_c.o)
    0x1805796c   0x0000004c   Code   RO         3890    t._ZN12SingletonPtrIN4rtos5MutexEEptEv  FlashIAP.o
    0x180579b8   0x00000004   Code   RO           50    t._ZN4mbed8CallbackIFvvEE11_boundthunkIvEEvPvS4_  airkiss_func.o
    0x180579bc   0x00000014   Code   RO         3618    t._ZN4mbed8CallbackIFvvEE12_methodthunkI6SocketEEvPvS5_  Socket.o
    0x180579d0   0x00000014   Code   RO         3722    t._ZN4mbed8CallbackIFvvEE12_methodthunkI9TCPSocketEEvPvS5_  TCPServer.o
    0x180579e4   0x00000004   Code   RO           44    t._ZN4mbed8CallbackIFvvEE12_staticthunkEPvS3_  airkiss_func.o
    0x180579e8   0x0000000e   Code   RO         3615    t._ZN4mbed8CallbackIFvvEE5thunkEPv  Socket.o
    0x180579f6   0x00000002   PAD
    0x180579f8   0x00000062   Code   RO         8330    x$fpl$d2f           fz_wm.l(d2f.o)
    0x18057a5a   0x00000002   PAD
    0x18057a5c   0x00000010   Code   RO         8383    x$fpl$dcheck1       fz_wm.l(dcheck1.o)
    0x18057a6c   0x00000018   Code   RO         8073    x$fpl$dcmpinf       fz_wm.l(dcmpi.o)
    0x18057a84   0x00000078   Code   RO         7830    x$fpl$deqf          fz_wm.l(deqf.o)
    0x18057afc   0x0000005e   Code   RO         7832    x$fpl$dfix          fz_wm.l(dfix.o)
    0x18057b5a   0x00000002   PAD
    0x18057b5c   0x00000078   Code   RO         7842    x$fpl$dleqf         fz_wm.l(dleqf.o)
    0x18057bd4   0x00000154   Code   RO         7844    x$fpl$dmul          fz_wm.l(dmul.o)
    0x18057d28   0x0000009c   Code   RO         8075    x$fpl$dnaninf       fz_wm.l(dnaninf.o)
    0x18057dc4   0x0000000c   Code   RO         8077    x$fpl$dretinf       fz_wm.l(dretinf.o)
    0x18057dd0   0x0000006c   Code   RO         7846    x$fpl$drleqf        fz_wm.l(drleqf.o)
    0x18057e3c   0x0000000a   Code   RO         8213    x$fpl$fpinit        fz_wm.l(fpinit.o)
    0x18057e46   0x0000000a   Code   RO         8348    x$fpl$fretinf       fz_wm.l(fretinf.o)
    0x18057e50   0x00000006   Code   RO         8287    x$fpl$ieeestatus    fz_wm.l(istatus.o)
    0x18057e56   0x00000004   Code   RO         8081    x$fpl$printf1       fz_wm.l(printf1.o)
    0x18057e5a   0x00000004   Code   RO         8083    x$fpl$printf2       fz_wm.l(printf2.o)
    0x18057e5e   0x00000064   Code   RO         8385    x$fpl$retnan        fz_wm.l(retnan.o)
    0x18057ec2   0x0000005c   Code   RO         8366    x$fpl$scalbn        fz_wm.l(scalbn.o)
    0x18057f1e   0x00000004   Code   RO         8089    x$fpl$scanf1        fz_wm.l(scanf1.o)
    0x18057f22   0x00000008   Code   RO         8289    x$fpl$scanf2        fz_wm.l(scanf2.o)
    0x18057f2a   0x00000030   Code   RO         8387    x$fpl$trapveneer    fz_wm.l(trapv.o)
    0x18057f5a   0x00000000   Code   RO         8091    x$fpl$usenofp       fz_wm.l(usenofp.o)
    0x18057f5a   0x00000018   Data   RO          231    .constdata          http.o
    0x18057f72   0x00000002   PAD
    0x18057f74   0x00000004   Data   RO         2183    .constdata          lwip_sys_arch.o
    0x18057f78   0x00000004   Data   RO         2715    .constdata          lwip_ip4_addr.o
    0x18057f7c   0x00000004   Data   RO         2716    .constdata          lwip_ip4_addr.o
    0x18057f80   0x00000014   Data   RO         2930    .constdata          lwip_memp.o
    0x18057f94   0x00000014   Data   RO         2931    .constdata          lwip_memp.o
    0x18057fa8   0x00000014   Data   RO         2932    .constdata          lwip_memp.o
    0x18057fbc   0x00000014   Data   RO         2933    .constdata          lwip_memp.o
    0x18057fd0   0x00000014   Data   RO         2934    .constdata          lwip_memp.o
    0x18057fe4   0x00000014   Data   RO         2935    .constdata          lwip_memp.o
    0x18057ff8   0x00000014   Data   RO         2936    .constdata          lwip_memp.o
    0x1805800c   0x00000014   Data   RO         2937    .constdata          lwip_memp.o
    0x18058020   0x00000014   Data   RO         2938    .constdata          lwip_memp.o
    0x18058034   0x00000014   Data   RO         2939    .constdata          lwip_memp.o
    0x18058048   0x00000014   Data   RO         2940    .constdata          lwip_memp.o
    0x1805805c   0x00000014   Data   RO         2941    .constdata          lwip_memp.o
    0x18058070   0x00000014   Data   RO         2942    .constdata          lwip_memp.o
    0x18058084   0x00000014   Data   RO         2943    .constdata          lwip_memp.o
    0x18058098   0x00000014   Data   RO         2944    .constdata          lwip_memp.o
    0x180580ac   0x0000013c   Data   RO         2945    .constdata          lwip_memp.o
    0x180581e8   0x00000054   Data   RO         3147    .constdata          lwip_tcp.o
    0x1805823c   0x00000038   Data   RO         3254    .constdata          lwip_timeouts.o
    0x18058274   0x00000006   Data   RO         3307    .constdata          lwip_ethernet.o
    0x1805827a   0x00000006   Data   RO         3308    .constdata          lwip_ethernet.o
    0x18058280   0x00000048   Data   RO         3370    .constdata          lwip_stack.o
    0x180582c8   0x00000004   Data   RO         3371    .constdata          lwip_stack.o
    0x180582cc   0x00000008   Data   RO         3592    .constdata          Socket.o
    0x180582d4   0x00000008   Data   RO         3706    .constdata          TCPServer.o
    0x180582dc   0x00000014   Data   RO         4936    .constdata          mbed_lp_ticker_api.o
    0x180582f0   0x00000008   Data   RO         4937    .constdata          mbed_lp_ticker_api.o
    0x180582f8   0x00000014   Data   RO         5024    .constdata          mbed_us_ticker_api.o
    0x1805830c   0x00000008   Data   RO         5025    .constdata          mbed_us_ticker_api.o
    0x18058314   0x00000017   Data   RO         5114    .constdata          retarget.o
    0x1805832b   0x00000001   PAD
    0x1805832c   0x0000003c   Data   RO         5248    .constdata          analogin_api.o
    0x18058368   0x000001b0   Data   RO         5273    .constdata          gpio_api.o
    0x18058518   0x00000070   Data   RO         5292    .constdata          gpio_irq_api.o
    0x18058588   0x00000030   Data   RO         5445    .constdata          rda_gpadc_api.o
    0x180585b8   0x00000090   Data   RO         5583    .constdata          serial_api.o
    0x18058648   0x00000002   Data   RO         5825    .constdata          RTX_Conf_CM.o
    0x1805864a   0x00000002   PAD
    0x1805864c   0x00000004   Data   RO         5826    .constdata          RTX_Conf_CM.o
    0x18058650   0x00000004   Data   RO         5827    .constdata          RTX_Conf_CM.o
    0x18058654   0x00000004   Data   RO         5831    .constdata          RTX_Conf_CM.o
    0x18058658   0x00000001   Data   RO         5832    .constdata          RTX_Conf_CM.o
    0x18058659   0x00000003   PAD
    0x1805865c   0x00000014   Data   RO         5833    .constdata          RTX_Conf_CM.o
    0x18058670   0x00000002   Data   RO         5834    .constdata          RTX_Conf_CM.o
    0x18058672   0x00000002   PAD
    0x18058674   0x00000004   Data   RO         5835    .constdata          RTX_Conf_CM.o
    0x18058678   0x00000001   Data   RO         5836    .constdata          RTX_Conf_CM.o
    0x18058679   0x00000003   PAD
    0x1805867c   0x00000014   Data   RO         5837    .constdata          RTX_Conf_CM.o
    0x18058690   0x00000008   Data   RO         5838    .constdata          RTX_Conf_CM.o
    0x18058698   0x00000002   Data   RO         5839    .constdata          RTX_Conf_CM.o
    0x1805869a   0x00000002   PAD
    0x1805869c   0x00000146   Data   RO         6197    .constdata          libairkiss.ar(airkiss.o)
    0x180587e2   0x00000002   PAD
    0x180587e4   0x0000001c   Data   RO         6220    .constdata          hal.ar(rda_ccfg_api.o)
    0x18058800   0x0000000c   Data   RO         6360    .constdata          wifi_sta_ap.ar(maclib_task.o)
    0x1805880c   0x0000031a   Data   RO         6421    .constdata          wifi_sta_ap.ar(wland_flash.o)
    0x18058b26   0x00000002   PAD
    0x18058b28   0x00000123   Data   RO         6500    .constdata          wifi_sta_ap.ar(wland_if.o)
    0x18058c4b   0x00000129   Data   RO         6552    .constdata          wifi_sta_ap.ar(wland_if_sta.o)
    0x18058d74   0x0000019b   Data   RO         6604    .constdata          wifi_sta_ap.ar(wland_if_ap.o)
    0x18058f0f   0x00000122   Data   RO         6650    .constdata          wifi_sta_ap.ar(wland_scan.o)
    0x18059031   0x00000110   Data   RO         6687    .constdata          wifi_sta_ap.ar(wland_sniffer.o)
    0x18059141   0x00000010   Data   RO         6758    .constdata          wifi_sta_ap.ar(csl_mbed.o)
    0x18059151   0x0000009d   Data   RO         6769    .constdata          wifi_sta_ap.ar(wland_recv.o)
    0x180591ee   0x0000001c   Data   RO         6883    .constdata          wifi_sta_ap.ar(maccontroller.o)
    0x1805920a   0x00000082   Data   RO         6887    .constdata          wifi_sta_ap.ar(mac_init.o)
    0x1805928c   0x0000001d   Data   RO         6919    .constdata          wifi_sta_ap.ar(pm_sta.o)
    0x180592a9   0x00000012   Data   RO         6923    .constdata          wifi_sta_ap.ar(virtual_host_if.o)
    0x180592bb   0x00000012   Data   RO         6927    .constdata          wifi_sta_ap.ar(host_if.o)
    0x180592cd   0x0000000e   Data   RO         6935    .constdata          wifi_sta_ap.ar(imem.o)
    0x180592db   0x00000001   PAD
    0x180592dc   0x00000030   Data   RO         6940    .constdata          wifi_sta_ap.ar(imem_if.o)
    0x1805930c   0x00000ed4   Data   RO         7022    .constdata          wifi_sta_ap.ar(iconfig.o)
    0x1805a1e0   0x000000bc   Data   RO         7040    .constdata          wifi_sta_ap.ar(sme_sta.o)
    0x1805a29c   0x00000011   Data   RO         7044    .constdata          wifi_sta_ap.ar(management_11e.o)
    0x1805a2ad   0x00000003   PAD
    0x1805a2b0   0x00000018   Data   RO         7063    .constdata          wifi_sta_ap.ar(blockack.o)
    0x1805a2c8   0x00000023   Data   RO         7070    .constdata          wifi_sta_ap.ar(management_11n.o)
    0x1805a2eb   0x0000001f   Data   RO         7133    .constdata          wifi_sta_ap.ar(fsm.o)
    0x1805a30a   0x0000000a   Data   RO         7137    .constdata          wifi_sta_ap.ar(index_util.o)
    0x1805a314   0x00000048   Data   RO         7192    .constdata          wifi_sta_ap.ar(chan_mgmt_ap.o)
    0x1805a35c   0x0000005c   Data   RO         7198    .constdata          wifi_sta_ap.ar(management_ap.o)
    0x1805a3b8   0x00000014   Data   RO         7223    .constdata          wifi_sta_ap.ar(channel_sw.o)
    0x1805a3cc   0x00000088   Data   RO         7241    .constdata          wifi_sta_ap.ar(ce_lut.o)
    0x1805a454   0x000000f6   Data   RO         7245    .constdata          wifi_sta_ap.ar(mh.o)
    0x1805a54a   0x00000002   PAD
    0x1805a54c   0x00000180   Data   RO         7254    .constdata          wifi_sta_ap.ar(phy_ittiam_40mhz.o)
    0x1805a6cc   0x00000024   Data   RO         7264    .constdata          wifi_sta_ap.ar(phy_802_11n.o)
    0x1805a6f0   0x00000010   Data   RO         7265    .constdata          wifi_sta_ap.ar(phy_802_11n.o)
    0x1805a700   0x00000f38   Data   RO         7279    .constdata          wifi_sta_ap.ar(vco_rda_ittiam.o)
    0x1805b638   0x00000010   Data   RO         7292    .constdata          wifi_sta_ap.ar(qmu_rx.o)
    0x1805b648   0x00000010   Data   RO         7296    .constdata          wifi_sta_ap.ar(qmu_tx.o)
    0x1805b658   0x00000011   Data   RO         7343    .constdata          wifi_sta_ap.ar(frame_ap.o)
    0x1805b669   0x0000001b   Data   RO         7346    .constdata          wifi_sta_ap.ar(host_rx_mlme_ap.o)
    0x1805b684   0x0000001c   Data   RO         7351    .constdata          wifi_sta_ap.ar(pm_ap.o)
    0x1805b6a0   0x00000048   Data   RO         7354    .constdata          wifi_sta_ap.ar(wlan_misc_ap.o)
    0x1805b6e8   0x0000002d   Data   RO         7363    .constdata          wifi_sta_ap.ar(ieee_11i_sta.o)
    0x1805b715   0x00000039   Data   RO         7372    .constdata          wifi_sta_ap.ar(host_rx_mlme_sta.o)
    0x1805b74e   0x00000026   Data   RO         7378    .constdata          wifi_sta_ap.ar(management_sta.o)
    0x1805b774   0x00000011   Data   RO         7382    .constdata          wifi_sta_ap.ar(wlan_misc_sta.o)
    0x1805b785   0x00000003   PAD
    0x1805b788   0x000000f3   Data   RO         7385    .constdata          wifi_sta_ap.ar(wlan_rx_mgmt_sta.o)
    0x1805b87b   0x00000013   Data   RO         7413    .constdata          wifi_sta_ap.ar(tkip_sta.o)
    0x1805b88e   0x00000002   PAD
    0x1805b890   0x00000070   Data   RO         7416    .constdata          wifi_sta_ap.ar(filter_action.o)
    0x1805b900   0x00000028   Data   RO         7568    .constdata          c_w.l(_printf_hex_int_ll_ptr.o)
    0x1805b928   0x00000011   Data   RO         7588    .constdata          c_w.l(__printf_flags_ss_wp.o)
    0x1805b939   0x00000003   PAD
    0x1805b93c   0x00000008   Data   RO         7920    .constdata          c_w.l(_printf_wctomb.o)
    0x1805b944   0x00000026   Data   RO         8111    .constdata          c_w.l(_printf_fp_hex.o)
    0x1805b96a   0x00000002   PAD
    0x1805b96c   0x00000094   Data   RO         8229    .constdata          c_w.l(bigflt0.o)
    0x1805ba00   0x000000a0   Data   RO         2146    .constdata__ZTV18WiFiStackInterface  WiFiStackInterface.o
    0x1805baa0   0x00000058   Data   RO         3498    .constdata__ZTV19NetworkStackWrapper  NetworkStack.o
    0x1805baf8   0x00000018   Data   RO         3622    .constdata__ZTV6Socket  Socket.o
    0x1805bb10   0x00000018   Data   RO         3721    .constdata__ZTV9TCPServer  TCPServer.o
    0x1805bb28   0x00000018   Data   RO         3765    .constdata__ZTV9TCPSocket  TCPSocket.o
    0x1805bb40   0x00000018   Data   RO         3802    .constdata__ZTV9UDPSocket  UDPSocket.o
    0x1805bb58   0x00000010   Data   RO          315    .constdata__ZTVN4mbed8GpadcKeyE  gpadckey.o
    0x1805bb68   0x00000010   Data   RO         5784    .constdata__ZTVN4rtos6ThreadE  Thread.o
    0x1805bb78   0x00000014   Data   RO         3888    .constdata__ZZN12SingletonPtrIN4rtos5MutexEE3getEvEs  FlashIAP.o
    0x1805bb8c   0x00000019   Data   RO         3889    .constdata__ZZN12SingletonPtrIN4rtos5MutexEE3getEvEs_0  FlashIAP.o
    0x1805bba5   0x00000025   Data   RO          278    .constdata__ZZN4rtos5QueueI9message_tLj16EEC1EvEs  main.o
    0x1805bbca   0x00000002   PAD
    0x1805bbcc   0x00000011   Data   RO         3488    .constdata___ARM__ZN19NetworkStackWrapper13socket_acceptEPvPS0_P13SocketAddress_anon0  NetworkStack.o
    0x1805bbdd   0x00000003   PAD
    0x1805bbe0   0x00000011   Data   RO         3489    .constdata___ARM__ZN19NetworkStackWrapper15socket_recvfromEPvP13SocketAddressS0_j_anon0  NetworkStack.o
    0x1805bbf1   0x00000003   PAD
    0x1805bbf4   0x0000000c   Data   RO          316    .constdata___ARM__ZN4mbed8GpadcKey12_get_key_idxEt_anon0  gpadckey.o
    0x1805bc00   0x000000a0   Data   RO          232    .conststring        http.o
    0x1805bca0   0x000002e7   Data   RO          261    .conststring        main.o
    0x1805bf87   0x00000001   PAD
    0x1805bf88   0x00000069   Data   RO         2232    .conststring        rda5991h_wland.o
    0x1805bff1   0x00000003   PAD
    0x1805bff4   0x00000047   Data   RO         2295    .conststring        lwip_api_lib.o
    0x1805c03b   0x00000001   PAD
    0x1805c03c   0x00000047   Data   RO         2347    .conststring        lwip_api_msg.o
    0x1805c083   0x00000001   PAD
    0x1805c084   0x00000046   Data   RO         2401    .conststring        lwip_netbuf.o
    0x1805c0ca   0x00000002   PAD
    0x1805c0cc   0x00000045   Data   RO         2518    .conststring        lwip_tcpip.o
    0x1805c111   0x00000003   PAD
    0x1805c114   0x000000d6   Data   RO         2571    .conststring        lwip_dhcp.o
    0x1805c1ea   0x00000002   PAD
    0x1805c1ec   0x00000090   Data   RO         2619    .conststring        lwip_etharp.o
    0x1805c27c   0x0000004a   Data   RO         2642    .conststring        lwip_icmp.o
    0x1805c2c6   0x00000002   PAD
    0x1805c2c8   0x0000004a   Data   RO         2664    .conststring        lwip_igmp.o
    0x1805c312   0x00000002   PAD
    0x1805c314   0x00000049   Data   RO         2692    .conststring        lwip_ip4.o
    0x1805c35d   0x00000003   PAD
    0x1805c360   0x0000004e   Data   RO         2717    .conststring        lwip_ip4_addr.o
    0x1805c3ae   0x00000002   PAD
    0x1805c3b0   0x0000004e   Data   RO         2735    .conststring        lwip_ip4_frag.o
    0x1805c3fe   0x00000002   PAD
    0x1805c400   0x00000044   Data   RO         2819    .conststring        lwip_dns.o
    0x1805c444   0x00000044   Data   RO         2879    .conststring        lwip_mem.o
    0x1805c488   0x00000008   Data   RO         2946    .conststring        lwip_memp.o
    0x1805c490   0x00000008   Data   RO         2947    .conststring        lwip_memp.o
    0x1805c498   0x0000000f   Data   RO         2948    .conststring        lwip_memp.o
    0x1805c4a7   0x00000001   PAD
    0x1805c4a8   0x00000008   Data   RO         2949    .conststring        lwip_memp.o
    0x1805c4b0   0x0000000a   Data   RO         2950    .conststring        lwip_memp.o
    0x1805c4ba   0x00000002   PAD
    0x1805c4bc   0x0000000a   Data   RO         2951    .conststring        lwip_memp.o
    0x1805c4c6   0x00000002   PAD
    0x1805c4c8   0x00000007   Data   RO         2952    .conststring        lwip_memp.o
    0x1805c4cf   0x00000001   PAD
    0x1805c4d0   0x00000008   Data   RO         2953    .conststring        lwip_memp.o
    0x1805c4d8   0x0000000e   Data   RO         2954    .conststring        lwip_memp.o
    0x1805c4e6   0x00000002   PAD
    0x1805c4e8   0x00000010   Data   RO         2955    .conststring        lwip_memp.o
    0x1805c4f8   0x0000000b   Data   RO         2956    .conststring        lwip_memp.o
    0x1805c503   0x00000001   PAD
    0x1805c504   0x0000000c   Data   RO         2957    .conststring        lwip_memp.o
    0x1805c510   0x00000006   Data   RO         2958    .conststring        lwip_memp.o
    0x1805c516   0x00000002   PAD
    0x1805c518   0x0000000d   Data   RO         2959    .conststring        lwip_memp.o
    0x1805c525   0x00000003   PAD
    0x1805c528   0x0000000a   Data   RO         2960    .conststring        lwip_memp.o
    0x1805c532   0x00000002   PAD
    0x1805c534   0x00000045   Data   RO         2961    .conststring        lwip_memp.o
    0x1805c579   0x00000003   PAD
    0x1805c57c   0x00000046   Data   RO         3007    .conststring        lwip_netif.o
    0x1805c5c2   0x00000002   PAD
    0x1805c5c4   0x00000045   Data   RO         3055    .conststring        lwip_pbuf.o
    0x1805c609   0x00000003   PAD
    0x1805c60c   0x000000b4   Data   RO         3148    .conststring        lwip_tcp.o
    0x1805c6c0   0x00000047   Data   RO         3201    .conststring        lwip_tcp_in.o
    0x1805c707   0x00000001   PAD
    0x1805c708   0x000000a0   Data   RO         3227    .conststring        lwip_tcp_out.o
    0x1805c7a8   0x00000049   Data   RO         3255    .conststring        lwip_timeouts.o
    0x1805c7f1   0x00000003   PAD
    0x1805c7f4   0x00000044   Data   RO         3284    .conststring        lwip_udp.o
    0x1805c838   0x00000084   Data   RO         5584    .conststring        serial_api.o
    0x1805c8bc   0x000000c5   Data   RO         6553    .conststring        wifi_sta_ap.ar(wland_if_sta.o)
    0x1805c981   0x00000003   PAD
    0x1805c984   0x00000046   Data   RO         6651    .conststring        wifi_sta_ap.ar(wland_scan.o)
    0x1805c9ca   0x00000002   PAD
    0x1805c9cc   0x00000427   Data   RO         6798    .conststring        wifi_sta_ap.ar(wifi_wpa.o)
    0x1805cdf3   0x00000001   PAD
    0x1805cdf4   0x0000006b   Data   RO         6836    .conststring        wifi_sta_ap.ar(wifi_wpa_ap.o)
    0x1805ce5f   0x00000001   PAD
    0x1805ce60   0x00000042   Data   RO         6863    .conststring        wifi_sta_ap.ar(wifi_wpa_get_suites.o)
    0x1805cea2   0x00000002   PAD
    0x1805cea4   0x000004d1   Data   RO         7027    .conststring        wifi_sta_ap.ar(iconfig.o)
    0x1805d375   0x00000003   PAD
    0x1805d378   0x0000004c   Data   RO         7064    .conststring        wifi_sta_ap.ar(blockack.o)
    0x1805d3c4   0x00000056   Data   RO         7199    .conststring        wifi_sta_ap.ar(management_ap.o)
    0x1805d41a   0x00000002   PAD
    0x1805d41c   0x00000051   Data   RO         7224    .conststring        wifi_sta_ap.ar(channel_sw.o)
    0x1805d46d   0x00000003   PAD
    0x1805d470   0x000000d5   Data   RO         7284    .conststring        wifi_sta_ap.ar(filter.o)
    0x1805d545   0x00000003   PAD
    0x1805d548   0x00000046   Data   RO         7359    .conststring        wifi_sta_ap.ar(wlan_rx_mgmt_ap.o)
    0x1805d58e   0x00000002   PAD
    0x1805d590   0x00000019   Data   RO         7390    .conststring        wifi_sta_ap.ar(reg_domain_rda_ittiam.o)
    0x1805d5a9   0x00000003   PAD
    0x1805d5ac   0x00000008   Data   RO         7395    .conststring        wifi_sta_ap.ar(filter_frame.o)
    0x1805d5b4   0x00000086   Data   RO         7417    .conststring        wifi_sta_ap.ar(filter_action.o)
    0x1805d63a   0x00000002   PAD
    0x1805d63c   0x00000050   Data   RO         8389    Region$$Table       anon$$obj.o
    0x1805d68c   0x00000008   Data   RO         8283    c$$dinf             fz_wm.l(fpconst.o)
    0x1805d694   0x00000008   Data   RO         8286    c$$dmax             fz_wm.l(fpconst.o)
    0x1805d69c   0x00000110   Data   RO         7990    locale$$data        c_w.l(lc_ctype_c.o)
    0x1805d7ac   0x0000001c   Data   RO         8159    locale$$data        c_w.l(lc_numeric_c.o)
    0x1805d7c8   0x00000004   Data   RO           29    .init_array         airkiss_func.o
    0x1805d7cc   0x00000004   Data   RO          265    .init_array         main.o
    0x1805d7d0   0x00000000   Data   RO         7698    .init_array         c_w.l(init_aeabi.o)


    Execution Region RW_IRAM2 (Base: 0x40100000, Size: 0x00000000, Max: 0x00018c00, ABSOLUTE)

    **** No section assigned to this execution region ****


    Execution Region RW_IRAM3 (Base: 0x40118c00, Size: 0x00000004, Max: 0x00000c00, ABSOLUTE)

    Base Addr    Size         Type   Attr      Idx    E Section Name        Object

    0x40118c00   0x00000001   Data   RW         6252    AHB1SMEM0           hal.ar(rda_aes_api.o)


    Execution Region RW_IRAM4 (Base: 0x40119800, Size: 0x00004000, Max: 0x00006800, ABSOLUTE, COMPRESSED[0x00000084])

    Base Addr    Size         Type   Attr      Idx    E Section Name        Object

    0x40119800   0x00003fff   Data   RW         2185    AHB1SMEM1           lwip_sys_arch.o


==============================================================================

Image component sizes


      Code (inc. data)   RO Data    RW Data    ZI Data      Debug   

     98952      18990       5842      17272     244696      85036   Object Totals
        20          0         80          0     189608          0   (incl. Generated)
       102          4         75         15         21          0   (incl. Padding)
    257114      42382      16928       3232      46092     104120   Library Totals
        64          0         47         42         19          0   (incl. Padding)

==============================================================================


      Code (inc. data)   RO Data    RW Data    ZI Data      Debug   

    356066      61372      22770      20504     290788      81864   Grand Totals
    356066      61372      22770       1272     290788      81864   ELF Image Totals (compressed)
    356066      61372      22770       1272          0          0   ROM Totals

==============================================================================

    Total RO  Size (Code + RO Data)               378836 ( 369.96kB)
    Total RW  Size (RW Data + ZI Data)            311292 ( 304.00kB)
    Total ROM Size (Code + RO Data + RW Data)     380108 ( 371.20kB)

==============================================================================

