Component: ARM Compiler 5.06 update 6 (build 750) Tool: armlink [4d35ed]

==============================================================================

Section Cross References

    bootloader.o(i.bootloader_main) refers to printf8.o(i.__0printf$8) for __2printf
    bootloader.o(i.bootloader_main) refers to bootloader.o(.constdata) for .constdata
    bootloader.o(.constdata) refers to bootloader_copy.o(i.bootloader_copy_prepare) for bootloader_copy_prepare
    bootloader.o(.constdata) refers to bootloader_copy.o(i.bootloader_copy_select) for bootloader_copy_select
    bootloader.o(.constdata) refers to bootloader_copy.o(i.bootloader_copy_go) for bootloader_copy_go
    crc32.o(i.crc32_halfbyte) refers to printf8.o(i.__0printf$8) for __2printf
    crc32.o(i.crc32_halfbyte) refers to crc32.o(.constdata) for lut
    flash.o(i.flash_erase) refers to rda_api.o(i.erase_flash) for erase_flash
    flash.o(i.flash_write) refers to memseta.o(.text) for __aeabi_memset
    flash.o(i.flash_write) refers to memcpya.o(.text) for __aeabi_memcpy
    flash.o(i.flash_write) refers to rda_api.o(i.program_flash) for program_flash
    flash.o(i.flash_write) refers to flash.o(.bss) for ibuf
    bootloader_ping_pong.o(i.bootloader_ping_pong_go) refers to printf8.o(i.__0printf$8) for __2printf
    bootloader_ping_pong.o(i.bootloader_ping_pong_select) refers to bootloader_ping_pong.o(i.get_ping_pong_boot_addr) for get_ping_pong_boot_addr
    bootloader_ping_pong.o(i.get_ping_image) refers to flash_layout.o(.constdata) for _ping_pong_layout_table
    bootloader_ping_pong.o(i.get_ping_pong_boot_addr) refers to bootloader_ping_pong.o(i.get_ping_image) for get_ping_image
    bootloader_ping_pong.o(i.get_ping_pong_boot_addr) refers to bootloader_ping_pong.o(i.get_pong_image) for get_pong_image
    bootloader_ping_pong.o(i.get_ping_pong_boot_addr) refers to bootloader_ping_pong.o(i.ping_pong_image_verify) for ping_pong_image_verify
    bootloader_ping_pong.o(i.get_ping_pong_boot_addr) refers to printf8.o(i.__0printf$8) for __2printf
    bootloader_ping_pong.o(i.get_ping_pong_boot_addr) refers to strcmp.o(.text) for strcmp
    bootloader_ping_pong.o(i.get_pong_image) refers to flash_layout.o(.constdata) for _ping_pong_layout_table
    bootloader_ping_pong.o(i.ping_pong_image_verify) refers to printf8.o(i.__0printf$8) for __2printf
    bootloader_ping_pong.o(i.ping_pong_image_verify) refers to crc32.o(i.crc32_halfbyte) for crc32_halfbyte
    bootloader_triple_area.o(i.bootloader_get_firmware_info) refers to bootloader_triple_area.o(i.bootloader_get_layout) for bootloader_get_layout
    bootloader_triple_area.o(i.bootloader_get_layout) refers to flash_layout.o(.constdata) for _triple_area_layout_table
    bootloader_triple_area.o(i.bootloader_triple_area_go) refers to printf8.o(i.__0printf$8) for __2printf
    bootloader_triple_area.o(i.bootloader_triple_area_prepare) refers to bootloader_triple_area.o(i.bootloader_upgrade) for bootloader_upgrade
    bootloader_triple_area.o(i.bootloader_triple_area_select) refers to bootloader_triple_area.o(i.bootloader_get_layout) for bootloader_get_layout
    bootloader_triple_area.o(i.bootloader_triple_area_select) refers to bootloader_triple_area.o(i.firmware_is_valid) for firmware_is_valid
    bootloader_triple_area.o(i.bootloader_upgrade) refers to bootloader_triple_area.o(i.firmware_is_valid) for firmware_is_valid
    bootloader_triple_area.o(i.bootloader_upgrade) refers to bootloader_triple_area.o(i.firmware_get_version) for firmware_get_version
    bootloader_triple_area.o(i.bootloader_upgrade) refers to bootloader_triple_area.o(i.image_get_version) for image_get_version
    bootloader_triple_area.o(i.bootloader_upgrade) refers to strcmp.o(.text) for strcmp
    bootloader_triple_area.o(i.bootloader_upgrade) refers to bootloader_triple_area.o(i.image_verify) for image_verify
    bootloader_triple_area.o(i.bootloader_upgrade) refers to bootloader_triple_area.o(i.image_unpack) for image_unpack
    bootloader_triple_area.o(i.firmware_get_version) refers to bootloader_triple_area.o(i.bootloader_get_firmware_info) for bootloader_get_firmware_info
    bootloader_triple_area.o(i.firmware_get_version) refers to memcpya.o(.text) for __aeabi_memcpy
    bootloader_triple_area.o(i.firmware_is_valid) refers to bootloader_triple_area.o(i.bootloader_get_firmware_info) for bootloader_get_firmware_info
    bootloader_triple_area.o(i.firmware_is_valid) refers to crc32.o(i.crc32_halfbyte) for crc32_halfbyte
    bootloader_triple_area.o(i.image_get_item) refers to bootloader_triple_area.o(i.bootloader_get_layout) for bootloader_get_layout
    bootloader_triple_area.o(i.image_get_version) refers to bootloader_triple_area.o(i.image_get_item) for image_get_item
    bootloader_triple_area.o(i.image_get_version) refers to bootloader_triple_area.o(i.image_is_valid) for image_is_valid
    bootloader_triple_area.o(i.image_get_version) refers to memcpya.o(.text) for __aeabi_memcpy
    bootloader_triple_area.o(i.image_unpack) refers to bootloader_triple_area.o(i.image_get_item) for image_get_item
    bootloader_triple_area.o(i.image_unpack) refers to bootloader_triple_area.o(i.bootloader_get_layout) for bootloader_get_layout
    bootloader_triple_area.o(i.image_unpack) refers to bootloader_triple_area.o(i.image_is_valid) for image_is_valid
    bootloader_triple_area.o(i.image_unpack) refers to flash.o(i.flash_unlock) for flash_unlock
    bootloader_triple_area.o(i.image_unpack) refers to flash.o(i.flash_erase) for flash_erase
    bootloader_triple_area.o(i.image_unpack) refers to flash.o(i.flash_write) for flash_write
    bootloader_triple_area.o(i.image_unpack) refers to memseta.o(.text) for __aeabi_memclr4
    bootloader_triple_area.o(i.image_unpack) refers to memcpya.o(.text) for __aeabi_memcpy4
    bootloader_triple_area.o(i.image_unpack) refers to flash.o(i.flash_lock) for flash_lock
    bootloader_triple_area.o(i.image_verify) refers to bootloader_triple_area.o(i.image_get_item) for image_get_item
    bootloader_triple_area.o(i.image_verify) refers to crc32.o(i.crc32_halfbyte) for crc32_halfbyte
    bootloader_copy.o(i.bootloader_copy_go) refers to printf8.o(i.__0printf$8) for __2printf
    bootloader_copy.o(i.bootloader_copy_prepare) refers to bootloader_copy.o(i.bootloader_prepare_boot_addr) for bootloader_prepare_boot_addr
    bootloader_copy.o(i.bootloader_copy_prepare) refers to bootloader_copy.o(i.bootloader_upgrade) for bootloader_upgrade
    bootloader_copy.o(i.bootloader_copy_select) refers to flash_layout.o(.constdata) for copy_layout_table
    bootloader_copy.o(i.bootloader_prepare_boot_addr) refers to memcpya.o(.text) for __aeabi_memcpy
    bootloader_copy.o(i.bootloader_prepare_boot_addr) refers to printf8.o(i.__0printf$8) for __2printf
    bootloader_copy.o(i.bootloader_prepare_boot_addr) refers to flash.o(i.flash_erase) for flash_erase
    bootloader_copy.o(i.bootloader_prepare_boot_addr) refers to flash.o(i.flash_write) for flash_write
    bootloader_copy.o(i.bootloader_prepare_boot_addr) refers to flash_layout.o(.constdata) for copy_layout_table
    bootloader_copy.o(i.bootloader_upgrade) refers to memseta.o(.text) for __aeabi_memclr4
    bootloader_copy.o(i.bootloader_upgrade) refers to bootloader_copy.o(i.firmware_is_valid) for firmware_is_valid
    bootloader_copy.o(i.bootloader_upgrade) refers to bootloader_copy.o(i.upgrade_is_valid) for upgrade_is_valid
    bootloader_copy.o(i.bootloader_upgrade) refers to bootloader_copy.o(i.firmware_get_version) for firmware_get_version
    bootloader_copy.o(i.bootloader_upgrade) refers to printf8.o(i.__0printf$8) for __2printf
    bootloader_copy.o(i.bootloader_upgrade) refers to bootloader_copy.o(i.upgrade_get_version) for upgrade_get_version
    bootloader_copy.o(i.bootloader_upgrade) refers to strcmp.o(.text) for strcmp
    bootloader_copy.o(i.bootloader_upgrade) refers to bootloader_copy.o(i.upgrade) for upgrade
    bootloader_copy.o(i.firmware_get_version) refers to memseta.o(.text) for __aeabi_memclr
    bootloader_copy.o(i.firmware_get_version) refers to memcpya.o(.text) for __aeabi_memcpy
    bootloader_copy.o(i.firmware_get_version) refers to flash_layout.o(.constdata) for copy_layout_table
    bootloader_copy.o(i.firmware_is_valid) refers to crc32.o(i.crc32_halfbyte) for crc32_halfbyte
    bootloader_copy.o(i.firmware_is_valid) refers to printf8.o(i.__0printf$8) for __2printf
    bootloader_copy.o(i.firmware_is_valid) refers to flash_layout.o(.constdata) for copy_layout_table
    bootloader_copy.o(i.upgrade) refers to flash.o(i.flash_unlock) for flash_unlock
    bootloader_copy.o(i.upgrade) refers to flash.o(i.flash_erase) for flash_erase
    bootloader_copy.o(i.upgrade) refers to flash.o(i.flash_write) for flash_write
    bootloader_copy.o(i.upgrade) refers to crc32.o(i.crc32_halfbyte) for crc32_halfbyte
    bootloader_copy.o(i.upgrade) refers to printf8.o(i.__0printf$8) for __2printf
    bootloader_copy.o(i.upgrade) refers to memseta.o(.text) for __aeabi_memclr4
    bootloader_copy.o(i.upgrade) refers to memcpya.o(.text) for __aeabi_memcpy4
    bootloader_copy.o(i.upgrade) refers to flash.o(i.flash_lock) for flash_lock
    bootloader_copy.o(i.upgrade) refers to flash_layout.o(.constdata) for copy_layout_table
    bootloader_copy.o(i.upgrade_get_version) refers to memseta.o(.text) for __aeabi_memclr
    bootloader_copy.o(i.upgrade_get_version) refers to memcpya.o(.text) for __aeabi_memcpy
    bootloader_copy.o(i.upgrade_get_version) refers to flash_layout.o(.constdata) for copy_layout_table
    bootloader_copy.o(i.upgrade_is_valid) refers to crc32.o(i.crc32_halfbyte) for crc32_halfbyte
    bootloader_copy.o(i.upgrade_is_valid) refers to printf8.o(i.__0printf$8) for __2printf
    bootloader_copy.o(i.upgrade_is_valid) refers to flash_layout.o(.constdata) for copy_layout_table
    main.o(i.main) refers to board.o(i.board_init) for board_init
    main.o(i.main) refers to printf8.o(i.__0printf$8) for __2printf
    main.o(i.main) refers to bootloader.o(i.bootloader_main) for bootloader_main
    retarget.o(i._sys_open) refers to strcmp.o(.text) for strcmp
    retarget.o(i._sys_open) refers to retarget.o(.constdata) for __stdin_name
    retarget.o(i._sys_write) refers to drv_uart.o(i.uart_console_output) for uart_console_output
    retarget.o(i.fputc) refers to drv_uart.o(i.uart_console_output) for uart_console_output
    board.o(i.board_init) refers to drv_uart.o(i.uart_init) for uart_init
    drv_uart.o(i.uart_console_output) refers to drv_uart.o(i.uart_putc) for uart_putc
    rda_api.o(i.erase_flash) refers to rda_api.o(i.check_align) for check_align
    rda_api.o(i.erase_flash) refers to printf8.o(i.__0printf$8) for __2printf
    rda_api.o(i.erase_flash) refers to rda_api.o(i.rda5981_spi_erase_partition) for rda5981_spi_erase_partition
    rda_api.o(i.erase_sector) refers to rda_api.o(i.check_align) for check_align
    rda_api.o(i.erase_sector) refers to printf8.o(i.__0printf$8) for __2printf
    rda_api.o(i.program_flash) refers to rda_api.o(i.check_align) for check_align
    rda_api.o(i.program_flash) refers to printf8.o(i.__0printf$8) for __2printf
    rda_api.o(i.rda5981_spi_erase_partition) refers to rda_api.o(i.rda5981_spi_flash_erase_64KB_block) for rda5981_spi_flash_erase_64KB_block
    rda_api.o(i.read_flash) refers to rda_api.o(i.check_align) for check_align
    rda_api.o(i.read_flash) refers to printf8.o(i.__0printf$8) for __2printf
    startup_rda5981.o(RESET) refers to startup_rda5981.o(STACK) for __initial_sp
    startup_rda5981.o(RESET) refers to startup_rda5981.o(.text) for Reset_Handler
    startup_rda5981.o(.text) refers to system_rda5981.o(i.SystemInit) for SystemInit
    startup_rda5981.o(.text) refers to entry.o(.ARM.Collect$$$$00000000) for __main
    entry.o(.ARM.Collect$$$$00000000) refers (Special) to entry10a.o(.ARM.Collect$$$$0000000D) for __rt_final_cpp
    entry.o(.ARM.Collect$$$$00000000) refers (Special) to entry11a.o(.ARM.Collect$$$$0000000F) for __rt_final_exit
    entry.o(.ARM.Collect$$$$00000000) refers (Special) to entry7b.o(.ARM.Collect$$$$00000008) for _main_clock
    entry.o(.ARM.Collect$$$$00000000) refers (Special) to entry8b.o(.ARM.Collect$$$$0000000A) for _main_cpp_init
    entry.o(.ARM.Collect$$$$00000000) refers (Special) to entry9a.o(.ARM.Collect$$$$0000000B) for _main_init
    entry.o(.ARM.Collect$$$$00000000) refers (Special) to entry5.o(.ARM.Collect$$$$00000004) for _main_scatterload
    entry.o(.ARM.Collect$$$$00000000) refers (Special) to entry2.o(.ARM.Collect$$$$00000001) for _main_stk
    printfb.o(i.__0fprintf$bare) refers to printfb.o(i._printf_core) for _printf_core
    printfb.o(i.__0fprintf$bare) refers to retarget.o(i.fputc) for fputc
    printfb.o(i.__0printf$bare) refers to printfb.o(i._printf_core) for _printf_core
    printfb.o(i.__0printf$bare) refers to retarget.o(i.fputc) for fputc
    printfb.o(i.__0printf$bare) refers to stdout.o(.data) for __stdout
    printfb.o(i.__0snprintf$bare) refers to printfb.o(i._printf_core) for _printf_core
    printfb.o(i.__0snprintf$bare) refers to printfb.o(i._snputc) for _snputc
    printfb.o(i.__0sprintf$bare) refers to printfb.o(i._printf_core) for _printf_core
    printfb.o(i.__0sprintf$bare) refers to printfb.o(i._sputc) for _sputc
    printfb.o(i.__0vfprintf$bare) refers to printfb.o(i._printf_core) for _printf_core
    printfb.o(i.__0vfprintf$bare) refers to retarget.o(i.fputc) for fputc
    printfb.o(i.__0vprintf$bare) refers to printfb.o(i._printf_core) for _printf_core
    printfb.o(i.__0vprintf$bare) refers to retarget.o(i.fputc) for fputc
    printfb.o(i.__0vprintf$bare) refers to stdout.o(.data) for __stdout
    printfb.o(i.__0vsnprintf$bare) refers to printfb.o(i._printf_core) for _printf_core
    printfb.o(i.__0vsnprintf$bare) refers to printfb.o(i._snputc) for _snputc
    printfb.o(i.__0vsprintf$bare) refers to printfb.o(i._printf_core) for _printf_core
    printfb.o(i.__0vsprintf$bare) refers to printfb.o(i._sputc) for _sputc
    printf0.o(i.__0fprintf$0) refers to printf0.o(i._printf_core) for _printf_core
    printf0.o(i.__0fprintf$0) refers to retarget.o(i.fputc) for fputc
    printf0.o(i.__0printf$0) refers to printf0.o(i._printf_core) for _printf_core
    printf0.o(i.__0printf$0) refers to retarget.o(i.fputc) for fputc
    printf0.o(i.__0printf$0) refers to stdout.o(.data) for __stdout
    printf0.o(i.__0snprintf$0) refers to printf0.o(i._printf_core) for _printf_core
    printf0.o(i.__0snprintf$0) refers to printf0.o(i._snputc) for _snputc
    printf0.o(i.__0sprintf$0) refers to printf0.o(i._printf_core) for _printf_core
    printf0.o(i.__0sprintf$0) refers to printf0.o(i._sputc) for _sputc
    printf0.o(i.__0vfprintf$0) refers to printf0.o(i._printf_core) for _printf_core
    printf0.o(i.__0vfprintf$0) refers to retarget.o(i.fputc) for fputc
    printf0.o(i.__0vprintf$0) refers to printf0.o(i._printf_core) for _printf_core
    printf0.o(i.__0vprintf$0) refers to retarget.o(i.fputc) for fputc
    printf0.o(i.__0vprintf$0) refers to stdout.o(.data) for __stdout
    printf0.o(i.__0vsnprintf$0) refers to printf0.o(i._printf_core) for _printf_core
    printf0.o(i.__0vsnprintf$0) refers to printf0.o(i._snputc) for _snputc
    printf0.o(i.__0vsprintf$0) refers to printf0.o(i._printf_core) for _printf_core
    printf0.o(i.__0vsprintf$0) refers to printf0.o(i._sputc) for _sputc
    printf1.o(i.__0fprintf$1) refers to printf1.o(i._printf_core) for _printf_core
    printf1.o(i.__0fprintf$1) refers to retarget.o(i.fputc) for fputc
    printf1.o(i.__0printf$1) refers to printf1.o(i._printf_core) for _printf_core
    printf1.o(i.__0printf$1) refers to retarget.o(i.fputc) for fputc
    printf1.o(i.__0printf$1) refers to stdout.o(.data) for __stdout
    printf1.o(i.__0snprintf$1) refers to printf1.o(i._printf_core) for _printf_core
    printf1.o(i.__0snprintf$1) refers to printf1.o(i._snputc) for _snputc
    printf1.o(i.__0sprintf$1) refers to printf1.o(i._printf_core) for _printf_core
    printf1.o(i.__0sprintf$1) refers to printf1.o(i._sputc) for _sputc
    printf1.o(i.__0vfprintf$1) refers to printf1.o(i._printf_core) for _printf_core
    printf1.o(i.__0vfprintf$1) refers to retarget.o(i.fputc) for fputc
    printf1.o(i.__0vprintf$1) refers to printf1.o(i._printf_core) for _printf_core
    printf1.o(i.__0vprintf$1) refers to retarget.o(i.fputc) for fputc
    printf1.o(i.__0vprintf$1) refers to stdout.o(.data) for __stdout
    printf1.o(i.__0vsnprintf$1) refers to printf1.o(i._printf_core) for _printf_core
    printf1.o(i.__0vsnprintf$1) refers to printf1.o(i._snputc) for _snputc
    printf1.o(i.__0vsprintf$1) refers to printf1.o(i._printf_core) for _printf_core
    printf1.o(i.__0vsprintf$1) refers to printf1.o(i._sputc) for _sputc
    printf1.o(i._printf_core) refers to uidiv.o(.text) for __aeabi_uidivmod
    printf2.o(i.__0fprintf$2) refers to printf2.o(i._printf_core) for _printf_core
    printf2.o(i.__0fprintf$2) refers to retarget.o(i.fputc) for fputc
    printf2.o(i.__0printf$2) refers to printf2.o(i._printf_core) for _printf_core
    printf2.o(i.__0printf$2) refers to retarget.o(i.fputc) for fputc
    printf2.o(i.__0printf$2) refers to stdout.o(.data) for __stdout
    printf2.o(i.__0snprintf$2) refers to printf2.o(i._printf_core) for _printf_core
    printf2.o(i.__0snprintf$2) refers to printf2.o(i._snputc) for _snputc
    printf2.o(i.__0sprintf$2) refers to printf2.o(i._printf_core) for _printf_core
    printf2.o(i.__0sprintf$2) refers to printf2.o(i._sputc) for _sputc
    printf2.o(i.__0vfprintf$2) refers to printf2.o(i._printf_core) for _printf_core
    printf2.o(i.__0vfprintf$2) refers to retarget.o(i.fputc) for fputc
    printf2.o(i.__0vprintf$2) refers to printf2.o(i._printf_core) for _printf_core
    printf2.o(i.__0vprintf$2) refers to retarget.o(i.fputc) for fputc
    printf2.o(i.__0vprintf$2) refers to stdout.o(.data) for __stdout
    printf2.o(i.__0vsnprintf$2) refers to printf2.o(i._printf_core) for _printf_core
    printf2.o(i.__0vsnprintf$2) refers to printf2.o(i._snputc) for _snputc
    printf2.o(i.__0vsprintf$2) refers to printf2.o(i._printf_core) for _printf_core
    printf2.o(i.__0vsprintf$2) refers to printf2.o(i._sputc) for _sputc
    printf3.o(i.__0fprintf$3) refers to printf3.o(i._printf_core) for _printf_core
    printf3.o(i.__0fprintf$3) refers to retarget.o(i.fputc) for fputc
    printf3.o(i.__0printf$3) refers to printf3.o(i._printf_core) for _printf_core
    printf3.o(i.__0printf$3) refers to retarget.o(i.fputc) for fputc
    printf3.o(i.__0printf$3) refers to stdout.o(.data) for __stdout
    printf3.o(i.__0snprintf$3) refers to printf3.o(i._printf_core) for _printf_core
    printf3.o(i.__0snprintf$3) refers to printf3.o(i._snputc) for _snputc
    printf3.o(i.__0sprintf$3) refers to printf3.o(i._printf_core) for _printf_core
    printf3.o(i.__0sprintf$3) refers to printf3.o(i._sputc) for _sputc
    printf3.o(i.__0vfprintf$3) refers to printf3.o(i._printf_core) for _printf_core
    printf3.o(i.__0vfprintf$3) refers to retarget.o(i.fputc) for fputc
    printf3.o(i.__0vprintf$3) refers to printf3.o(i._printf_core) for _printf_core
    printf3.o(i.__0vprintf$3) refers to retarget.o(i.fputc) for fputc
    printf3.o(i.__0vprintf$3) refers to stdout.o(.data) for __stdout
    printf3.o(i.__0vsnprintf$3) refers to printf3.o(i._printf_core) for _printf_core
    printf3.o(i.__0vsnprintf$3) refers to printf3.o(i._snputc) for _snputc
    printf3.o(i.__0vsprintf$3) refers to printf3.o(i._printf_core) for _printf_core
    printf3.o(i.__0vsprintf$3) refers to printf3.o(i._sputc) for _sputc
    printf3.o(i._printf_core) refers to uidiv.o(.text) for __aeabi_uidivmod
    printf4.o(i.__0fprintf$4) refers to printf4.o(i._printf_core) for _printf_core
    printf4.o(i.__0fprintf$4) refers to retarget.o(i.fputc) for fputc
    printf4.o(i.__0printf$4) refers to printf4.o(i._printf_core) for _printf_core
    printf4.o(i.__0printf$4) refers to retarget.o(i.fputc) for fputc
    printf4.o(i.__0printf$4) refers to stdout.o(.data) for __stdout
    printf4.o(i.__0snprintf$4) refers to printf4.o(i._printf_core) for _printf_core
    printf4.o(i.__0snprintf$4) refers to printf4.o(i._snputc) for _snputc
    printf4.o(i.__0sprintf$4) refers to printf4.o(i._printf_core) for _printf_core
    printf4.o(i.__0sprintf$4) refers to printf4.o(i._sputc) for _sputc
    printf4.o(i.__0vfprintf$4) refers to printf4.o(i._printf_core) for _printf_core
    printf4.o(i.__0vfprintf$4) refers to retarget.o(i.fputc) for fputc
    printf4.o(i.__0vprintf$4) refers to printf4.o(i._printf_core) for _printf_core
    printf4.o(i.__0vprintf$4) refers to retarget.o(i.fputc) for fputc
    printf4.o(i.__0vprintf$4) refers to stdout.o(.data) for __stdout
    printf4.o(i.__0vsnprintf$4) refers to printf4.o(i._printf_core) for _printf_core
    printf4.o(i.__0vsnprintf$4) refers to printf4.o(i._snputc) for _snputc
    printf4.o(i.__0vsprintf$4) refers to printf4.o(i._printf_core) for _printf_core
    printf4.o(i.__0vsprintf$4) refers to printf4.o(i._sputc) for _sputc
    printf4.o(i._printf_core) refers to uldiv.o(.text) for __aeabi_uldivmod
    printf5.o(i.__0fprintf$5) refers to printf5.o(i._printf_core) for _printf_core
    printf5.o(i.__0fprintf$5) refers to retarget.o(i.fputc) for fputc
    printf5.o(i.__0printf$5) refers to printf5.o(i._printf_core) for _printf_core
    printf5.o(i.__0printf$5) refers to retarget.o(i.fputc) for fputc
    printf5.o(i.__0printf$5) refers to stdout.o(.data) for __stdout
    printf5.o(i.__0snprintf$5) refers to printf5.o(i._printf_core) for _printf_core
    printf5.o(i.__0snprintf$5) refers to printf5.o(i._snputc) for _snputc
    printf5.o(i.__0sprintf$5) refers to printf5.o(i._printf_core) for _printf_core
    printf5.o(i.__0sprintf$5) refers to printf5.o(i._sputc) for _sputc
    printf5.o(i.__0vfprintf$5) refers to printf5.o(i._printf_core) for _printf_core
    printf5.o(i.__0vfprintf$5) refers to retarget.o(i.fputc) for fputc
    printf5.o(i.__0vprintf$5) refers to printf5.o(i._printf_core) for _printf_core
    printf5.o(i.__0vprintf$5) refers to retarget.o(i.fputc) for fputc
    printf5.o(i.__0vprintf$5) refers to stdout.o(.data) for __stdout
    printf5.o(i.__0vsnprintf$5) refers to printf5.o(i._printf_core) for _printf_core
    printf5.o(i.__0vsnprintf$5) refers to printf5.o(i._snputc) for _snputc
    printf5.o(i.__0vsprintf$5) refers to printf5.o(i._printf_core) for _printf_core
    printf5.o(i.__0vsprintf$5) refers to printf5.o(i._sputc) for _sputc
    printf5.o(i._printf_core) refers to uldiv.o(.text) for __aeabi_uldivmod
    printf6.o(i.__0fprintf$6) refers to printf6.o(i._printf_core) for _printf_core
    printf6.o(i.__0fprintf$6) refers to retarget.o(i.fputc) for fputc
    printf6.o(i.__0printf$6) refers to printf6.o(i._printf_core) for _printf_core
    printf6.o(i.__0printf$6) refers to retarget.o(i.fputc) for fputc
    printf6.o(i.__0printf$6) refers to stdout.o(.data) for __stdout
    printf6.o(i.__0snprintf$6) refers to printf6.o(i._printf_core) for _printf_core
    printf6.o(i.__0snprintf$6) refers to printf6.o(i._snputc) for _snputc
    printf6.o(i.__0sprintf$6) refers to printf6.o(i._printf_core) for _printf_core
    printf6.o(i.__0sprintf$6) refers to printf6.o(i._sputc) for _sputc
    printf6.o(i.__0vfprintf$6) refers to printf6.o(i._printf_core) for _printf_core
    printf6.o(i.__0vfprintf$6) refers to retarget.o(i.fputc) for fputc
    printf6.o(i.__0vprintf$6) refers to printf6.o(i._printf_core) for _printf_core
    printf6.o(i.__0vprintf$6) refers to retarget.o(i.fputc) for fputc
    printf6.o(i.__0vprintf$6) refers to stdout.o(.data) for __stdout
    printf6.o(i.__0vsnprintf$6) refers to printf6.o(i._printf_core) for _printf_core
    printf6.o(i.__0vsnprintf$6) refers to printf6.o(i._snputc) for _snputc
    printf6.o(i.__0vsprintf$6) refers to printf6.o(i._printf_core) for _printf_core
    printf6.o(i.__0vsprintf$6) refers to printf6.o(i._sputc) for _sputc
    printf6.o(i._printf_core) refers to printf6.o(i._printf_pre_padding) for _printf_pre_padding
    printf6.o(i._printf_core) refers to uidiv.o(.text) for __aeabi_uidivmod
    printf6.o(i._printf_core) refers to printf6.o(i._printf_post_padding) for _printf_post_padding
    printf7.o(i.__0fprintf$7) refers to printf7.o(i._printf_core) for _printf_core
    printf7.o(i.__0fprintf$7) refers to retarget.o(i.fputc) for fputc
    printf7.o(i.__0printf$7) refers to printf7.o(i._printf_core) for _printf_core
    printf7.o(i.__0printf$7) refers to retarget.o(i.fputc) for fputc
    printf7.o(i.__0printf$7) refers to stdout.o(.data) for __stdout
    printf7.o(i.__0snprintf$7) refers to printf7.o(i._printf_core) for _printf_core
    printf7.o(i.__0snprintf$7) refers to printf7.o(i._snputc) for _snputc
    printf7.o(i.__0sprintf$7) refers to printf7.o(i._printf_core) for _printf_core
    printf7.o(i.__0sprintf$7) refers to printf7.o(i._sputc) for _sputc
    printf7.o(i.__0vfprintf$7) refers to printf7.o(i._printf_core) for _printf_core
    printf7.o(i.__0vfprintf$7) refers to retarget.o(i.fputc) for fputc
    printf7.o(i.__0vprintf$7) refers to printf7.o(i._printf_core) for _printf_core
    printf7.o(i.__0vprintf$7) refers to retarget.o(i.fputc) for fputc
    printf7.o(i.__0vprintf$7) refers to stdout.o(.data) for __stdout
    printf7.o(i.__0vsnprintf$7) refers to printf7.o(i._printf_core) for _printf_core
    printf7.o(i.__0vsnprintf$7) refers to printf7.o(i._snputc) for _snputc
    printf7.o(i.__0vsprintf$7) refers to printf7.o(i._printf_core) for _printf_core
    printf7.o(i.__0vsprintf$7) refers to printf7.o(i._sputc) for _sputc
    printf7.o(i._printf_core) refers to printf7.o(i._printf_pre_padding) for _printf_pre_padding
    printf7.o(i._printf_core) refers to uldiv.o(.text) for __aeabi_uldivmod
    printf7.o(i._printf_core) refers to printf7.o(i._printf_post_padding) for _printf_post_padding
    printf8.o(i.__0fprintf$8) refers to printf8.o(i._printf_core) for _printf_core
    printf8.o(i.__0fprintf$8) refers to retarget.o(i.fputc) for fputc
    printf8.o(i.__0printf$8) refers to printf8.o(i._printf_core) for _printf_core
    printf8.o(i.__0printf$8) refers to retarget.o(i.fputc) for fputc
    printf8.o(i.__0printf$8) refers to stdout.o(.data) for __stdout
    printf8.o(i.__0snprintf$8) refers to printf8.o(i._printf_core) for _printf_core
    printf8.o(i.__0snprintf$8) refers to printf8.o(i._snputc) for _snputc
    printf8.o(i.__0sprintf$8) refers to printf8.o(i._printf_core) for _printf_core
    printf8.o(i.__0sprintf$8) refers to printf8.o(i._sputc) for _sputc
    printf8.o(i.__0vfprintf$8) refers to printf8.o(i._printf_core) for _printf_core
    printf8.o(i.__0vfprintf$8) refers to retarget.o(i.fputc) for fputc
    printf8.o(i.__0vprintf$8) refers to printf8.o(i._printf_core) for _printf_core
    printf8.o(i.__0vprintf$8) refers to retarget.o(i.fputc) for fputc
    printf8.o(i.__0vprintf$8) refers to stdout.o(.data) for __stdout
    printf8.o(i.__0vsnprintf$8) refers to printf8.o(i._printf_core) for _printf_core
    printf8.o(i.__0vsnprintf$8) refers to printf8.o(i._snputc) for _snputc
    printf8.o(i.__0vsprintf$8) refers to printf8.o(i._printf_core) for _printf_core
    printf8.o(i.__0vsprintf$8) refers to printf8.o(i._sputc) for _sputc
    printf8.o(i._printf_core) refers to printf8.o(i._printf_pre_padding) for _printf_pre_padding
    printf8.o(i._printf_core) refers to uldiv.o(.text) for __aeabi_uldivmod
    printf8.o(i._printf_core) refers to printf8.o(i._printf_post_padding) for _printf_post_padding
    printfa.o(i.__0fprintf) refers (Special) to iusefp.o(.text) for __I$use$fp
    printfa.o(i.__0fprintf) refers to printfa.o(i._printf_core) for _printf_core
    printfa.o(i.__0fprintf) refers to retarget.o(i.fputc) for fputc
    printfa.o(i.__0printf) refers (Special) to iusefp.o(.text) for __I$use$fp
    printfa.o(i.__0printf) refers to printfa.o(i._printf_core) for _printf_core
    printfa.o(i.__0printf) refers to retarget.o(i.fputc) for fputc
    printfa.o(i.__0printf) refers to stdout.o(.data) for __stdout
    printfa.o(i.__0snprintf) refers (Special) to iusefp.o(.text) for __I$use$fp
    printfa.o(i.__0snprintf) refers to printfa.o(i._printf_core) for _printf_core
    printfa.o(i.__0snprintf) refers to printfa.o(i._snputc) for _snputc
    printfa.o(i.__0sprintf) refers (Special) to iusefp.o(.text) for __I$use$fp
    printfa.o(i.__0sprintf) refers to printfa.o(i._printf_core) for _printf_core
    printfa.o(i.__0sprintf) refers to printfa.o(i._sputc) for _sputc
    printfa.o(i.__0vfprintf) refers (Special) to iusefp.o(.text) for __I$use$fp
    printfa.o(i.__0vfprintf) refers to printfa.o(i._printf_core) for _printf_core
    printfa.o(i.__0vfprintf) refers to retarget.o(i.fputc) for fputc
    printfa.o(i.__0vprintf) refers (Special) to iusefp.o(.text) for __I$use$fp
    printfa.o(i.__0vprintf) refers to printfa.o(i._printf_core) for _printf_core
    printfa.o(i.__0vprintf) refers to retarget.o(i.fputc) for fputc
    printfa.o(i.__0vprintf) refers to stdout.o(.data) for __stdout
    printfa.o(i.__0vsnprintf) refers (Special) to iusefp.o(.text) for __I$use$fp
    printfa.o(i.__0vsnprintf) refers to printfa.o(i._printf_core) for _printf_core
    printfa.o(i.__0vsnprintf) refers to printfa.o(i._snputc) for _snputc
    printfa.o(i.__0vsprintf) refers (Special) to iusefp.o(.text) for __I$use$fp
    printfa.o(i.__0vsprintf) refers to printfa.o(i._printf_core) for _printf_core
    printfa.o(i.__0vsprintf) refers to printfa.o(i._sputc) for _sputc
    printfa.o(i._fp_digits) refers (Special) to iusefp.o(.text) for __I$use$fp
    printfa.o(i._fp_digits) refers to dmul.o(.text) for __aeabi_dmul
    printfa.o(i._fp_digits) refers to ddiv.o(.text) for __aeabi_ddiv
    printfa.o(i._fp_digits) refers to cdrcmple.o(.text) for __aeabi_cdrcmple
    printfa.o(i._fp_digits) refers to dadd.o(.text) for __aeabi_dadd
    printfa.o(i._fp_digits) refers to dfixul.o(.text) for __aeabi_d2ulz
    printfa.o(i._fp_digits) refers to uldiv.o(.text) for __aeabi_uldivmod
    printfa.o(i._printf_core) refers (Special) to iusefp.o(.text) for __I$use$fp
    printfa.o(i._printf_core) refers to printfa.o(i._printf_pre_padding) for _printf_pre_padding
    printfa.o(i._printf_core) refers to uldiv.o(.text) for __aeabi_uldivmod
    printfa.o(i._printf_core) refers to printfa.o(i._printf_post_padding) for _printf_post_padding
    printfa.o(i._printf_core) refers to printfa.o(i._fp_digits) for _fp_digits
    printfa.o(i._printf_core) refers to uidiv.o(.text) for __aeabi_uidivmod
    printfa.o(i._printf_post_padding) refers (Special) to iusefp.o(.text) for __I$use$fp
    printfa.o(i._printf_pre_padding) refers (Special) to iusefp.o(.text) for __I$use$fp
    printfa.o(i._snputc) refers (Special) to iusefp.o(.text) for __I$use$fp
    printfa.o(i._sputc) refers (Special) to iusefp.o(.text) for __I$use$fp
    entry2.o(.ARM.Collect$$$$00000001) refers to entry2.o(.ARM.Collect$$$$00002712) for __lit__00000000
    entry2.o(.ARM.Collect$$$$00002712) refers to startup_rda5981.o(STACK) for __initial_sp
    entry2.o(__vectab_stack_and_reset_area) refers to startup_rda5981.o(STACK) for __initial_sp
    entry2.o(__vectab_stack_and_reset_area) refers to entry.o(.ARM.Collect$$$$00000000) for __main
    entry5.o(.ARM.Collect$$$$00000004) refers to init.o(.text) for __scatterload
    entry9a.o(.ARM.Collect$$$$0000000B) refers to main.o(i.main) for main
    entry9b.o(.ARM.Collect$$$$0000000C) refers to main.o(i.main) for main
    uldiv.o(.text) refers to llushr.o(.text) for __aeabi_llsr
    uldiv.o(.text) refers to llshl.o(.text) for __aeabi_llsl
    dadd.o(.text) refers to llshl.o(.text) for __aeabi_llsl
    dadd.o(.text) refers to llsshr.o(.text) for __aeabi_lasr
    dadd.o(.text) refers to depilogue.o(.text) for _double_epilogue
    dmul.o(.text) refers to depilogue.o(.text) for _double_epilogue
    ddiv.o(.text) refers to depilogue.o(.text) for _double_round
    dfixul.o(.text) refers to llushr.o(.text) for __aeabi_llsr
    dfixul.o(.text) refers to llshl.o(.text) for __aeabi_llsl
    init.o(.text) refers to entry5.o(.ARM.Collect$$$$00000004) for __main_after_scatterload
    depilogue.o(.text) refers to llshl.o(.text) for __aeabi_llsl
    depilogue.o(.text) refers to llushr.o(.text) for __aeabi_llsr


==============================================================================

Removing Unused input sections from the image.

    Removing bootloader_ping_pong.o(i.bootloader_ping_pong_go), (100 bytes).
    Removing bootloader_ping_pong.o(i.bootloader_ping_pong_prepare), (4 bytes).
    Removing bootloader_ping_pong.o(i.bootloader_ping_pong_select), (14 bytes).
    Removing bootloader_ping_pong.o(i.get_ping_image), (8 bytes).
    Removing bootloader_ping_pong.o(i.get_ping_pong_boot_addr), (172 bytes).
    Removing bootloader_ping_pong.o(i.get_pong_image), (8 bytes).
    Removing bootloader_ping_pong.o(i.ping_pong_image_verify), (68 bytes).
    Removing bootloader_triple_area.o(i.bootloader_get_firmware_info), (18 bytes).
    Removing bootloader_triple_area.o(i.bootloader_get_layout), (8 bytes).
    Removing bootloader_triple_area.o(i.bootloader_triple_area_go), (100 bytes).
    Removing bootloader_triple_area.o(i.bootloader_triple_area_prepare), (8 bytes).
    Removing bootloader_triple_area.o(i.bootloader_triple_area_select), (26 bytes).
    Removing bootloader_triple_area.o(i.bootloader_upgrade), (84 bytes).
    Removing bootloader_triple_area.o(i.firmware_get_version), (40 bytes).
    Removing bootloader_triple_area.o(i.firmware_is_valid), (48 bytes).
    Removing bootloader_triple_area.o(i.image_get_item), (32 bytes).
    Removing bootloader_triple_area.o(i.image_get_version), (70 bytes).
    Removing bootloader_triple_area.o(i.image_is_valid), (22 bytes).
    Removing bootloader_triple_area.o(i.image_unpack), (158 bytes).
    Removing bootloader_triple_area.o(i.image_verify), (74 bytes).
    Removing retarget.o(i._sys_close), (6 bytes).
    Removing retarget.o(i._sys_command_string), (2 bytes).
    Removing retarget.o(i._sys_exit), (4 bytes).
    Removing retarget.o(i._sys_flen), (8 bytes).
    Removing retarget.o(i._sys_istty), (6 bytes).
    Removing retarget.o(i._sys_open), (68 bytes).
    Removing retarget.o(i._sys_read), (30 bytes).
    Removing retarget.o(i._sys_seek), (18 bytes).
    Removing retarget.o(i._sys_tmpnam), (8 bytes).
    Removing retarget.o(i._sys_write), (46 bytes).
    Removing retarget.o(i._ttywrch), (2 bytes).
    Removing retarget.o(i.fgetc), (8 bytes).
    Removing retarget.o(i.remove), (8 bytes).
    Removing retarget.o(.constdata), (20 bytes).
    Removing drv_uart.o(i.uart_getc), (10 bytes).
    Removing rda_api.o(i.erase_sector), (68 bytes).
    Removing rda_api.o(i.read_flash), (84 bytes).
    Removing startup_rda5981.o(HEAP), (16384 bytes).
    Removing dadd.o(.text), (334 bytes).
    Removing dmul.o(.text), (228 bytes).
    Removing ddiv.o(.text), (222 bytes).
    Removing dfixul.o(.text), (48 bytes).
    Removing cdrcmple.o(.text), (48 bytes).
    Removing depilogue.o(.text), (186 bytes).

44 unused section(s) (total 18908 bytes) removed from the image.

==============================================================================

Image Symbol Table

    Local Symbols

    Symbol Name                              Value     Ov Type        Size  Object(Section)

    ../clib/microlib/division.c              0x00000000   Number         0  uldiv.o ABSOLUTE
    ../clib/microlib/division.c              0x00000000   Number         0  uidiv.o ABSOLUTE
    ../clib/microlib/init/entry.s            0x00000000   Number         0  entry7a.o ABSOLUTE
    ../clib/microlib/init/entry.s            0x00000000   Number         0  entry10b.o ABSOLUTE
    ../clib/microlib/init/entry.s            0x00000000   Number         0  entry11a.o ABSOLUTE
    ../clib/microlib/init/entry.s            0x00000000   Number         0  entry11b.o ABSOLUTE
    ../clib/microlib/init/entry.s            0x00000000   Number         0  entry10a.o ABSOLUTE
    ../clib/microlib/init/entry.s            0x00000000   Number         0  entry9b.o ABSOLUTE
    ../clib/microlib/init/entry.s            0x00000000   Number         0  entry7b.o ABSOLUTE
    ../clib/microlib/init/entry.s            0x00000000   Number         0  entry.o ABSOLUTE
    ../clib/microlib/init/entry.s            0x00000000   Number         0  entry9a.o ABSOLUTE
    ../clib/microlib/init/entry.s            0x00000000   Number         0  entry2.o ABSOLUTE
    ../clib/microlib/init/entry.s            0x00000000   Number         0  entry8b.o ABSOLUTE
    ../clib/microlib/init/entry.s            0x00000000   Number         0  entry8a.o ABSOLUTE
    ../clib/microlib/init/entry.s            0x00000000   Number         0  entry5.o ABSOLUTE
    ../clib/microlib/longlong.c              0x00000000   Number         0  llshl.o ABSOLUTE
    ../clib/microlib/longlong.c              0x00000000   Number         0  llushr.o ABSOLUTE
    ../clib/microlib/longlong.c              0x00000000   Number         0  llsshr.o ABSOLUTE
    ../clib/microlib/printf/printf.c         0x00000000   Number         0  printf8.o ABSOLUTE
    ../clib/microlib/printf/printf.c         0x00000000   Number         0  printf6.o ABSOLUTE
    ../clib/microlib/printf/printf.c         0x00000000   Number         0  printf7.o ABSOLUTE
    ../clib/microlib/printf/printf.c         0x00000000   Number         0  printfa.o ABSOLUTE
    ../clib/microlib/printf/printf.c         0x00000000   Number         0  printf1.o ABSOLUTE
    ../clib/microlib/printf/printf.c         0x00000000   Number         0  printf5.o ABSOLUTE
    ../clib/microlib/printf/printf.c         0x00000000   Number         0  printf4.o ABSOLUTE
    ../clib/microlib/printf/printf.c         0x00000000   Number         0  printf3.o ABSOLUTE
    ../clib/microlib/printf/printf.c         0x00000000   Number         0  printf0.o ABSOLUTE
    ../clib/microlib/printf/printf.c         0x00000000   Number         0  printfb.o ABSOLUTE
    ../clib/microlib/printf/printf.c         0x00000000   Number         0  printf2.o ABSOLUTE
    ../clib/microlib/printf/stubs.s          0x00000000   Number         0  stubs.o ABSOLUTE
    ../clib/microlib/stdio/streams.c         0x00000000   Number         0  stdout.o ABSOLUTE
    ../clib/microlib/string/memcpy.c         0x00000000   Number         0  memcpya.o ABSOLUTE
    ../clib/microlib/string/memcpy.c         0x00000000   Number         0  memcpyb.o ABSOLUTE
    ../clib/microlib/string/memset.c         0x00000000   Number         0  memseta.o ABSOLUTE
    ../clib/microlib/string/strcmp.c         0x00000000   Number         0  strcmp.o ABSOLUTE
    ../clib/microlib/stubs.s                 0x00000000   Number         0  iusefp.o ABSOLUTE
    ../clib/microlib/stubs.s                 0x00000000   Number         0  useno.o ABSOLUTE
    ../fplib/microlib/fpadd.c                0x00000000   Number         0  dadd.o ABSOLUTE
    ../fplib/microlib/fpdiv.c                0x00000000   Number         0  ddiv.o ABSOLUTE
    ../fplib/microlib/fpepilogue.c           0x00000000   Number         0  depilogue.o ABSOLUTE
    ../fplib/microlib/fpfix.c                0x00000000   Number         0  dfixul.o ABSOLUTE
    ../fplib/microlib/fpmul.c                0x00000000   Number         0  dmul.o ABSOLUTE
    bootloader\bootloader.c                  0x00000000   Number         0  bootloader.o ABSOLUTE
    bootloader\bootloader_copy.c             0x00000000   Number         0  bootloader_copy.o ABSOLUTE
    bootloader\bootloader_ping_pong.c        0x00000000   Number         0  bootloader_ping_pong.o ABSOLUTE
    bootloader\bootloader_triple_area.c      0x00000000   Number         0  bootloader_triple_area.o ABSOLUTE
    bootloader\crc32.c                       0x00000000   Number         0  crc32.o ABSOLUTE
    bootloader\firmware.c                    0x00000000   Number         0  firmware.o ABSOLUTE
    bootloader\hw\rda5981\flash.c            0x00000000   Number         0  flash.o ABSOLUTE
    bootloader\hw\rda5981\flash_layout.c     0x00000000   Number         0  flash_layout.o ABSOLUTE
    bootloader\image.c                       0x00000000   Number         0  image.o ABSOLUTE
    cdrcmple.s                               0x00000000   Number         0  cdrcmple.o ABSOLUTE
    dc.s                                     0x00000000   Number         0  dc.o ABSOLUTE
    hal\rda\board.c                          0x00000000   Number         0  board.o ABSOLUTE
    hal\rda\device\TOOLCHAIN_ARM_STD\startup_rda5981.s 0x00000000   Number         0  startup_rda5981.o ABSOLUTE
    hal\rda\device\rda5981\system_rda5981.c  0x00000000   Number         0  system_rda5981.o ABSOLUTE
    hal\rda\drv_uart.c                       0x00000000   Number         0  drv_uart.o ABSOLUTE
    hal\rda\rda_api.c                        0x00000000   Number         0  rda_api.o ABSOLUTE
    handlers.s                               0x00000000   Number         0  handlers.o ABSOLUTE
    init.s                                   0x00000000   Number         0  init.o ABSOLUTE
    main\main.c                              0x00000000   Number         0  main.o ABSOLUTE
    main\retarget.c                          0x00000000   Number         0  retarget.o ABSOLUTE
    .data                                    0x00180000   Section        4  stdout.o(.data)
    .bss                                     0x00180004   Section     4096  flash.o(.bss)
    STACK                                    0x00181008   Section    16384  startup_rda5981.o(STACK)
    RESET                                    0x18001000   Section      124  startup_rda5981.o(RESET)
    .ARM.Collect$$$$00000000                 0x1800107c   Section        0  entry.o(.ARM.Collect$$$$00000000)
    .ARM.Collect$$$$00000001                 0x1800107c   Section        4  entry2.o(.ARM.Collect$$$$00000001)
    .ARM.Collect$$$$00000004                 0x18001080   Section        4  entry5.o(.ARM.Collect$$$$00000004)
    .ARM.Collect$$$$00000008                 0x18001084   Section        0  entry7b.o(.ARM.Collect$$$$00000008)
    .ARM.Collect$$$$0000000A                 0x18001084   Section        0  entry8b.o(.ARM.Collect$$$$0000000A)
    .ARM.Collect$$$$0000000B                 0x18001084   Section        8  entry9a.o(.ARM.Collect$$$$0000000B)
    .ARM.Collect$$$$0000000D                 0x1800108c   Section        0  entry10a.o(.ARM.Collect$$$$0000000D)
    .ARM.Collect$$$$0000000F                 0x1800108c   Section        0  entry11a.o(.ARM.Collect$$$$0000000F)
    .ARM.Collect$$$$00002712                 0x1800108c   Section        4  entry2.o(.ARM.Collect$$$$00002712)
    __lit__00000000                          0x1800108c   Data           4  entry2.o(.ARM.Collect$$$$00002712)
    .text                                    0x18001090   Section       44  startup_rda5981.o(.text)
    .text                                    0x180010bc   Section        0  memcpya.o(.text)
    .text                                    0x180010e0   Section        0  memseta.o(.text)
    .text                                    0x18001104   Section        0  strcmp.o(.text)
    .text                                    0x18001120   Section        0  uldiv.o(.text)
    .text                                    0x18001184   Section       36  init.o(.text)
    .text                                    0x180011a8   Section        0  llshl.o(.text)
    .text                                    0x180011c6   Section        0  llushr.o(.text)
    i.SystemInit                             0x180011e6   Section        0  system_rda5981.o(i.SystemInit)
    i.__0printf$8                            0x180011e8   Section        0  printf8.o(i.__0printf$8)
    i.__scatterload_copy                     0x18001208   Section       14  handlers.o(i.__scatterload_copy)
    i.__scatterload_null                     0x18001216   Section        2  handlers.o(i.__scatterload_null)
    i.__scatterload_zeroinit                 0x18001218   Section       14  handlers.o(i.__scatterload_zeroinit)
    i._printf_core                           0x18001228   Section        0  printf8.o(i._printf_core)
    _printf_core                             0x18001229   Thumb Code   996  printf8.o(i._printf_core)
    i._printf_post_padding                   0x18001638   Section        0  printf8.o(i._printf_post_padding)
    _printf_post_padding                     0x18001639   Thumb Code    36  printf8.o(i._printf_post_padding)
    i._printf_pre_padding                    0x1800165c   Section        0  printf8.o(i._printf_pre_padding)
    _printf_pre_padding                      0x1800165d   Thumb Code    46  printf8.o(i._printf_pre_padding)
    i.board_init                             0x1800168a   Section        0  board.o(i.board_init)
    i.bootloader_copy_go                     0x18001694   Section        0  bootloader_copy.o(i.bootloader_copy_go)
    i.bootloader_copy_prepare                0x180016f8   Section        0  bootloader_copy.o(i.bootloader_copy_prepare)
    i.bootloader_copy_select                 0x18001704   Section        0  bootloader_copy.o(i.bootloader_copy_select)
    i.bootloader_main                        0x18001710   Section        0  bootloader.o(i.bootloader_main)
    i.bootloader_prepare_boot_addr           0x1800180c   Section        0  bootloader_copy.o(i.bootloader_prepare_boot_addr)
    bootloader_prepare_boot_addr             0x1800180d   Thumb Code   150  bootloader_copy.o(i.bootloader_prepare_boot_addr)
    i.bootloader_upgrade                     0x18001938   Section        0  bootloader_copy.o(i.bootloader_upgrade)
    bootloader_upgrade                       0x18001939   Thumb Code    98  bootloader_copy.o(i.bootloader_upgrade)
    i.check_align                            0x180019dc   Section        0  rda_api.o(i.check_align)
    i.crc32_halfbyte                         0x180019f0   Section        0  crc32.o(i.crc32_halfbyte)
    i.erase_flash                            0x18001a50   Section        0  rda_api.o(i.erase_flash)
    i.firmware_get_version                   0x18001ab4   Section        0  bootloader_copy.o(i.firmware_get_version)
    firmware_get_version                     0x18001ab5   Thumb Code    36  bootloader_copy.o(i.firmware_get_version)
    i.firmware_is_valid                      0x18001adc   Section        0  bootloader_copy.o(i.firmware_is_valid)
    firmware_is_valid                        0x18001add   Thumb Code    88  bootloader_copy.o(i.firmware_is_valid)
    i.flash_erase                            0x18001b5c   Section        0  flash.o(i.flash_erase)
    i.flash_lock                             0x18001b6c   Section        0  flash.o(i.flash_lock)
    i.flash_unlock                           0x18001b70   Section        0  flash.o(i.flash_unlock)
    i.flash_write                            0x18001b74   Section        0  flash.o(i.flash_write)
    i.fputc                                  0x18001bd0   Section        0  retarget.o(i.fputc)
    i.main                                   0x18001be8   Section        0  main.o(i.main)
    i.program_flash                          0x18001c14   Section        0  rda_api.o(i.program_flash)
    i.rda5981_spi_erase_partition            0x18001c68   Section        0  rda_api.o(i.rda5981_spi_erase_partition)
    i.rda5981_spi_flash_erase_64KB_block     0x18001cd4   Section        0  rda_api.o(i.rda5981_spi_flash_erase_64KB_block)
    i.uart_console_output                    0x18001d00   Section        0  drv_uart.o(i.uart_console_output)
    i.uart_init                              0x18001d26   Section        0  drv_uart.o(i.uart_init)
    i.uart_putc                              0x18001d2a   Section        0  drv_uart.o(i.uart_putc)
    i.upgrade                                0x18001d3c   Section        0  bootloader_copy.o(i.upgrade)
    upgrade                                  0x18001d3d   Thumb Code   220  bootloader_copy.o(i.upgrade)
    i.upgrade_get_version                    0x18001ed4   Section        0  bootloader_copy.o(i.upgrade_get_version)
    upgrade_get_version                      0x18001ed5   Thumb Code    58  bootloader_copy.o(i.upgrade_get_version)
    i.upgrade_is_valid                       0x18001f14   Section        0  bootloader_copy.o(i.upgrade_is_valid)
    upgrade_is_valid                         0x18001f15   Thumb Code    92  bootloader_copy.o(i.upgrade_is_valid)
    .constdata                               0x18001f98   Section       12  bootloader.o(.constdata)
    .constdata                               0x18001fa4   Section       64  crc32.o(.constdata)
    lut                                      0x18001fa4   Data          64  crc32.o(.constdata)
    .constdata                               0x18001fe4   Section      360  flash_layout.o(.constdata)

    Global Symbols

    Symbol Name                              Value     Ov Type        Size  Object(Section)

    BuildAttributes$$THM_ISAv4$E$P$D$K$B$S$7EM$PE$A:L22UL41UL21$X:L11$S22US41US21$IEEE1$IW$USESV6$~STKCKD$USESV7$~SHL$OSPACE$ROPI$EBA8$MICROLIB$REQ8$PRES8$EABIv2 0x00000000   Number         0  anon$$obj.o ABSOLUTE
    __ARM_use_no_argv                        0x00000000   Number         0  main.o ABSOLUTE
    __use_no_errno                           0x00000000   Number         0  useno.o ABSOLUTE
    __use_no_exception_handling              0x00000000   Number         0  useno.o ABSOLUTE
    __use_no_fp                              0x00000000   Number         0  useno.o ABSOLUTE
    __use_no_heap                            0x00000000   Number         0  useno.o ABSOLUTE
    __use_no_heap_region                     0x00000000   Number         0  useno.o ABSOLUTE
    __use_no_semihosting                     0x00000000   Number         0  useno.o ABSOLUTE
    __use_no_semihosting_swi                 0x00000000   Number         0  useno.o ABSOLUTE
    __use_no_signal_handling                 0x00000000   Number         0  useno.o ABSOLUTE
    _printf_a                                0x00000000   Number         0  stubs.o ABSOLUTE
    _printf_c                                0x00000000   Number         0  stubs.o ABSOLUTE
    _printf_charcount                        0x00000000   Number         0  stubs.o ABSOLUTE
    _printf_d                                0x00000000   Number         0  stubs.o ABSOLUTE
    _printf_e                                0x00000000   Number         0  stubs.o ABSOLUTE
    _printf_f                                0x00000000   Number         0  stubs.o ABSOLUTE
    _printf_flags                            0x00000000   Number         0  stubs.o ABSOLUTE
    _printf_fp_dec                           0x00000000   Number         0  stubs.o ABSOLUTE
    _printf_fp_hex                           0x00000000   Number         0  stubs.o ABSOLUTE
    _printf_g                                0x00000000   Number         0  stubs.o ABSOLUTE
    _printf_i                                0x00000000   Number         0  stubs.o ABSOLUTE
    _printf_int_dec                          0x00000000   Number         0  stubs.o ABSOLUTE
    _printf_l                                0x00000000   Number         0  stubs.o ABSOLUTE
    _printf_lc                               0x00000000   Number         0  stubs.o ABSOLUTE
    _printf_ll                               0x00000000   Number         0  stubs.o ABSOLUTE
    _printf_lld                              0x00000000   Number         0  stubs.o ABSOLUTE
    _printf_lli                              0x00000000   Number         0  stubs.o ABSOLUTE
    _printf_llo                              0x00000000   Number         0  stubs.o ABSOLUTE
    _printf_llu                              0x00000000   Number         0  stubs.o ABSOLUTE
    _printf_llx                              0x00000000   Number         0  stubs.o ABSOLUTE
    _printf_longlong_dec                     0x00000000   Number         0  stubs.o ABSOLUTE
    _printf_longlong_hex                     0x00000000   Number         0  stubs.o ABSOLUTE
    _printf_longlong_oct                     0x00000000   Number         0  stubs.o ABSOLUTE
    _printf_ls                               0x00000000   Number         0  stubs.o ABSOLUTE
    _printf_mbtowc                           0x00000000   Number         0  stubs.o ABSOLUTE
    _printf_n                                0x00000000   Number         0  stubs.o ABSOLUTE
    _printf_o                                0x00000000   Number         0  stubs.o ABSOLUTE
    _printf_p                                0x00000000   Number         0  stubs.o ABSOLUTE
    _printf_percent                          0x00000000   Number         0  stubs.o ABSOLUTE
    _printf_pre_padding                      0x00000000   Number         0  stubs.o ABSOLUTE
    _printf_return_value                     0x00000000   Number         0  stubs.o ABSOLUTE
    _printf_s                                0x00000000   Number         0  stubs.o ABSOLUTE
    _printf_sizespec                         0x00000000   Number         0  stubs.o ABSOLUTE
    _printf_str                              0x00000000   Number         0  stubs.o ABSOLUTE
    _printf_truncate_signed                  0x00000000   Number         0  stubs.o ABSOLUTE
    _printf_truncate_unsigned                0x00000000   Number         0  stubs.o ABSOLUTE
    _printf_u                                0x00000000   Number         0  stubs.o ABSOLUTE
    _printf_wc                               0x00000000   Number         0  stubs.o ABSOLUTE
    _printf_wctomb                           0x00000000   Number         0  stubs.o ABSOLUTE
    _printf_widthprec                        0x00000000   Number         0  stubs.o ABSOLUTE
    _printf_x                                0x00000000   Number         0  stubs.o ABSOLUTE
    __cpp_initialize__aeabi_                  - Undefined Weak Reference
    __cxa_finalize                            - Undefined Weak Reference
    __decompress                              - Undefined Weak Reference
    _clock_init                               - Undefined Weak Reference
    _microlib_exit                            - Undefined Weak Reference
    __Vectors_Size                           0x0000007c   Number         0  startup_rda5981.o ABSOLUTE
    __stdout                                 0x00180000   Data           4  stdout.o(.data)
    ibuf                                     0x00180004   Data        4096  flash.o(.bss)
    __initial_sp                             0x00185008   Data           0  startup_rda5981.o(STACK)
    __Vectors                                0x18001000   Data           4  startup_rda5981.o(RESET)
    __Vectors_End                            0x1800107c   Data           0  startup_rda5981.o(RESET)
    __main                                   0x1800107d   Thumb Code     0  entry.o(.ARM.Collect$$$$00000000)
    _main_stk                                0x1800107d   Thumb Code     0  entry2.o(.ARM.Collect$$$$00000001)
    _main_scatterload                        0x18001081   Thumb Code     0  entry5.o(.ARM.Collect$$$$00000004)
    __main_after_scatterload                 0x18001085   Thumb Code     0  entry5.o(.ARM.Collect$$$$00000004)
    _main_clock                              0x18001085   Thumb Code     0  entry7b.o(.ARM.Collect$$$$00000008)
    _main_cpp_init                           0x18001085   Thumb Code     0  entry8b.o(.ARM.Collect$$$$0000000A)
    _main_init                               0x18001085   Thumb Code     0  entry9a.o(.ARM.Collect$$$$0000000B)
    __rt_final_cpp                           0x1800108d   Thumb Code     0  entry10a.o(.ARM.Collect$$$$0000000D)
    __rt_final_exit                          0x1800108d   Thumb Code     0  entry11a.o(.ARM.Collect$$$$0000000F)
    Reset_Handler                            0x18001091   Thumb Code     8  startup_rda5981.o(.text)
    NMI_Handler                              0x180010a1   Thumb Code     2  startup_rda5981.o(.text)
    HardFault_Handler                        0x180010a3   Thumb Code     2  startup_rda5981.o(.text)
    MemManage_Handler                        0x180010a5   Thumb Code     2  startup_rda5981.o(.text)
    BusFault_Handler                         0x180010a7   Thumb Code     2  startup_rda5981.o(.text)
    UsageFault_Handler                       0x180010a9   Thumb Code     2  startup_rda5981.o(.text)
    SVC_Handler                              0x180010ab   Thumb Code     2  startup_rda5981.o(.text)
    DebugMon_Handler                         0x180010ad   Thumb Code     2  startup_rda5981.o(.text)
    PendSV_Handler                           0x180010af   Thumb Code     2  startup_rda5981.o(.text)
    SysTick_Handler                          0x180010b1   Thumb Code     2  startup_rda5981.o(.text)
    AHBDMA_IRQHandler                        0x180010b3   Thumb Code     0  startup_rda5981.o(.text)
    EXIF_IRQHandler                          0x180010b3   Thumb Code     0  startup_rda5981.o(.text)
    GPIO_IRQHandler                          0x180010b3   Thumb Code     0  startup_rda5981.o(.text)
    I2C_IRQHandler                           0x180010b3   Thumb Code     0  startup_rda5981.o(.text)
    MACHW_IRQHandler                         0x180010b3   Thumb Code     0  startup_rda5981.o(.text)
    PSRAM_IRQHandler                         0x180010b3   Thumb Code     0  startup_rda5981.o(.text)
    PTA_IRQHandler                           0x180010b3   Thumb Code     0  startup_rda5981.o(.text)
    SDIO_IRQHandler                          0x180010b3   Thumb Code     0  startup_rda5981.o(.text)
    SDMMC_IRQHandler                         0x180010b3   Thumb Code     0  startup_rda5981.o(.text)
    SPIFLASH_IRQHandler                      0x180010b3   Thumb Code     0  startup_rda5981.o(.text)
    TIMER0_IRQHandler                        0x180010b3   Thumb Code     0  startup_rda5981.o(.text)
    UART0_IRQHandler                         0x180010b3   Thumb Code     0  startup_rda5981.o(.text)
    UART1_IRQHandler                         0x180010b3   Thumb Code     0  startup_rda5981.o(.text)
    USBDMA_IRQHandler                        0x180010b3   Thumb Code     0  startup_rda5981.o(.text)
    USB_IRQHandler                           0x180010b3   Thumb Code     0  startup_rda5981.o(.text)
    __aeabi_memcpy                           0x180010bd   Thumb Code    36  memcpya.o(.text)
    __aeabi_memcpy4                          0x180010bd   Thumb Code     0  memcpya.o(.text)
    __aeabi_memcpy8                          0x180010bd   Thumb Code     0  memcpya.o(.text)
    __aeabi_memset                           0x180010e1   Thumb Code    14  memseta.o(.text)
    __aeabi_memset4                          0x180010e1   Thumb Code     0  memseta.o(.text)
    __aeabi_memset8                          0x180010e1   Thumb Code     0  memseta.o(.text)
    __aeabi_memclr                           0x180010ef   Thumb Code     4  memseta.o(.text)
    __aeabi_memclr4                          0x180010ef   Thumb Code     0  memseta.o(.text)
    __aeabi_memclr8                          0x180010ef   Thumb Code     0  memseta.o(.text)
    _memset$wrapper                          0x180010f3   Thumb Code    18  memseta.o(.text)
    strcmp                                   0x18001105   Thumb Code    28  strcmp.o(.text)
    __aeabi_uldivmod                         0x18001121   Thumb Code    98  uldiv.o(.text)
    __scatterload                            0x18001185   Thumb Code    28  init.o(.text)
    __scatterload_rt2                        0x18001185   Thumb Code     0  init.o(.text)
    __aeabi_llsl                             0x180011a9   Thumb Code    30  llshl.o(.text)
    _ll_shift_l                              0x180011a9   Thumb Code     0  llshl.o(.text)
    __aeabi_llsr                             0x180011c7   Thumb Code    32  llushr.o(.text)
    _ll_ushift_r                             0x180011c7   Thumb Code     0  llushr.o(.text)
    SystemInit                               0x180011e7   Thumb Code     2  system_rda5981.o(i.SystemInit)
    __0printf$8                              0x180011e9   Thumb Code    22  printf8.o(i.__0printf$8)
    __1printf$8                              0x180011e9   Thumb Code     0  printf8.o(i.__0printf$8)
    __2printf                                0x180011e9   Thumb Code     0  printf8.o(i.__0printf$8)
    __scatterload_copy                       0x18001209   Thumb Code    14  handlers.o(i.__scatterload_copy)
    __scatterload_null                       0x18001217   Thumb Code     2  handlers.o(i.__scatterload_null)
    __scatterload_zeroinit                   0x18001219   Thumb Code    14  handlers.o(i.__scatterload_zeroinit)
    board_init                               0x1800168b   Thumb Code    10  board.o(i.board_init)
    bootloader_copy_go                       0x18001695   Thumb Code    52  bootloader_copy.o(i.bootloader_copy_go)
    bootloader_copy_prepare                  0x180016f9   Thumb Code    12  bootloader_copy.o(i.bootloader_copy_prepare)
    bootloader_copy_select                   0x18001705   Thumb Code     6  bootloader_copy.o(i.bootloader_copy_select)
    bootloader_main                          0x18001711   Thumb Code    86  bootloader.o(i.bootloader_main)
    check_align                              0x180019dd   Thumb Code    18  rda_api.o(i.check_align)
    crc32_halfbyte                           0x180019f1   Thumb Code    78  crc32.o(i.crc32_halfbyte)
    erase_flash                              0x18001a51   Thumb Code    68  rda_api.o(i.erase_flash)
    flash_erase                              0x18001b5d   Thumb Code    16  flash.o(i.flash_erase)
    flash_lock                               0x18001b6d   Thumb Code     4  flash.o(i.flash_lock)
    flash_unlock                             0x18001b71   Thumb Code     4  flash.o(i.flash_unlock)
    flash_write                              0x18001b75   Thumb Code    86  flash.o(i.flash_write)
    fputc                                    0x18001bd1   Thumb Code    22  retarget.o(i.fputc)
    main                                     0x18001be9   Thumb Code    20  main.o(i.main)
    program_flash                            0x18001c15   Thumb Code    62  rda_api.o(i.program_flash)
    rda5981_spi_erase_partition              0x18001c69   Thumb Code   108  rda_api.o(i.rda5981_spi_erase_partition)
    rda5981_spi_flash_erase_64KB_block       0x18001cd5   Thumb Code    40  rda_api.o(i.rda5981_spi_flash_erase_64KB_block)
    uart_console_output                      0x18001d01   Thumb Code    38  drv_uart.o(i.uart_console_output)
    uart_init                                0x18001d27   Thumb Code     4  drv_uart.o(i.uart_init)
    uart_putc                                0x18001d2b   Thumb Code    16  drv_uart.o(i.uart_putc)
    _ping_pong_layout_table                  0x18001fe4   Data         136  flash_layout.o(.constdata)
    copy_layout_table                        0x1800206c   Data          80  flash_layout.o(.constdata)
    _triple_area_layout_table                0x180020bc   Data         144  flash_layout.o(.constdata)
    Region$$Table$$Base                      0x1800214c   Number         0  anon$$obj.o(Region$$Table)
    Region$$Table$$Limit                     0x1800216c   Number         0  anon$$obj.o(Region$$Table)



==============================================================================

Memory Map of the image

  Image Entry point : 0x1800107d

  Load Region LR_ROM1 (Base: 0x18001000, Size: 0x00001170, Max: 0x00004000, ABSOLUTE)

    Execution Region RW_IRAM1 (Exec base: 0x00180000, Load base: 0x1800216c, Size: 0x00005008, Max: 0x00010000, ABSOLUTE)

    Exec Addr    Load Addr    Size         Type   Attr      Idx    E Section Name        Object

    0x00180000   0x1800216c   0x00000004   Data   RW          864    .data               mc_w.l(stdout.o)
    0x00180004        -       0x00001000   Zero   RW          104    .bss                flash.o
    0x00181004   0x18002170   0x00000004   PAD
    0x00181008        -       0x00004000   Zero   RW          570    STACK               startup_rda5981.o


    Execution Region ER_ROM1 (Exec base: 0x18001000, Load base: 0x18001000, Size: 0x0000116c, Max: 0x00004000, ABSOLUTE)

    Exec Addr    Load Addr    Size         Type   Attr      Idx    E Section Name        Object

    0x18001000   0x18001000   0x0000007c   Data   RO          572    RESET               startup_rda5981.o
    0x1800107c   0x1800107c   0x00000000   Code   RO          578  * .ARM.Collect$$$$00000000  mc_w.l(entry.o)
    0x1800107c   0x1800107c   0x00000004   Code   RO          850    .ARM.Collect$$$$00000001  mc_w.l(entry2.o)
    0x18001080   0x18001080   0x00000004   Code   RO          853    .ARM.Collect$$$$00000004  mc_w.l(entry5.o)
    0x18001084   0x18001084   0x00000000   Code   RO          855    .ARM.Collect$$$$00000008  mc_w.l(entry7b.o)
    0x18001084   0x18001084   0x00000000   Code   RO          857    .ARM.Collect$$$$0000000A  mc_w.l(entry8b.o)
    0x18001084   0x18001084   0x00000008   Code   RO          858    .ARM.Collect$$$$0000000B  mc_w.l(entry9a.o)
    0x1800108c   0x1800108c   0x00000000   Code   RO          860    .ARM.Collect$$$$0000000D  mc_w.l(entry10a.o)
    0x1800108c   0x1800108c   0x00000000   Code   RO          862    .ARM.Collect$$$$0000000F  mc_w.l(entry11a.o)
    0x1800108c   0x1800108c   0x00000004   Code   RO          851    .ARM.Collect$$$$00002712  mc_w.l(entry2.o)
    0x18001090   0x18001090   0x0000002c   Code   RO          573    .text               startup_rda5981.o
    0x180010bc   0x180010bc   0x00000024   Code   RO          581    .text               mc_w.l(memcpya.o)
    0x180010e0   0x180010e0   0x00000024   Code   RO          583    .text               mc_w.l(memseta.o)
    0x18001104   0x18001104   0x0000001c   Code   RO          585    .text               mc_w.l(strcmp.o)
    0x18001120   0x18001120   0x00000062   Code   RO          867    .text               mc_w.l(uldiv.o)
    0x18001182   0x18001182   0x00000002   PAD
    0x18001184   0x18001184   0x00000024   Code   RO          880    .text               mc_w.l(init.o)
    0x180011a8   0x180011a8   0x0000001e   Code   RO          882    .text               mc_w.l(llshl.o)
    0x180011c6   0x180011c6   0x00000020   Code   RO          884    .text               mc_w.l(llushr.o)
    0x180011e6   0x180011e6   0x00000002   Code   RO          558    i.SystemInit        system_rda5981.o
    0x180011e8   0x180011e8   0x00000020   Code   RO          796    i.__0printf$8       mc_w.l(printf8.o)
    0x18001208   0x18001208   0x0000000e   Code   RO          892    i.__scatterload_copy  mc_w.l(handlers.o)
    0x18001216   0x18001216   0x00000002   Code   RO          893    i.__scatterload_null  mc_w.l(handlers.o)
    0x18001218   0x18001218   0x0000000e   Code   RO          894    i.__scatterload_zeroinit  mc_w.l(handlers.o)
    0x18001226   0x18001226   0x00000002   PAD
    0x18001228   0x18001228   0x00000410   Code   RO          803    i._printf_core      mc_w.l(printf8.o)
    0x18001638   0x18001638   0x00000024   Code   RO          804    i._printf_post_padding  mc_w.l(printf8.o)
    0x1800165c   0x1800165c   0x0000002e   Code   RO          805    i._printf_pre_padding  mc_w.l(printf8.o)
    0x1800168a   0x1800168a   0x0000000a   Code   RO          459    i.board_init        board.o
    0x18001694   0x18001694   0x00000064   Code   RO          271    i.bootloader_copy_go  bootloader_copy.o
    0x180016f8   0x180016f8   0x0000000c   Code   RO          272    i.bootloader_copy_prepare  bootloader_copy.o
    0x18001704   0x18001704   0x0000000c   Code   RO          273    i.bootloader_copy_select  bootloader_copy.o
    0x18001710   0x18001710   0x000000fc   Code   RO            1    i.bootloader_main   bootloader.o
    0x1800180c   0x1800180c   0x0000012c   Code   RO          274    i.bootloader_prepare_boot_addr  bootloader_copy.o
    0x18001938   0x18001938   0x000000a4   Code   RO          275    i.bootloader_upgrade  bootloader_copy.o
    0x180019dc   0x180019dc   0x00000012   Code   RO          507    i.check_align       rda_api.o
    0x180019ee   0x180019ee   0x00000002   PAD
    0x180019f0   0x180019f0   0x00000060   Code   RO           65    i.crc32_halfbyte    crc32.o
    0x18001a50   0x18001a50   0x00000064   Code   RO          508    i.erase_flash       rda_api.o
    0x18001ab4   0x18001ab4   0x00000028   Code   RO          276    i.firmware_get_version  bootloader_copy.o
    0x18001adc   0x18001adc   0x00000080   Code   RO          277    i.firmware_is_valid  bootloader_copy.o
    0x18001b5c   0x18001b5c   0x00000010   Code   RO          100    i.flash_erase       flash.o
    0x18001b6c   0x18001b6c   0x00000004   Code   RO          101    i.flash_lock        flash.o
    0x18001b70   0x18001b70   0x00000004   Code   RO          102    i.flash_unlock      flash.o
    0x18001b74   0x18001b74   0x0000005c   Code   RO          103    i.flash_write       flash.o
    0x18001bd0   0x18001bd0   0x00000016   Code   RO          365    i.fputc             retarget.o
    0x18001be6   0x18001be6   0x00000002   PAD
    0x18001be8   0x18001be8   0x0000002c   Code   RO          331    i.main              main.o
    0x18001c14   0x18001c14   0x00000054   Code   RO          510    i.program_flash     rda_api.o
    0x18001c68   0x18001c68   0x0000006c   Code   RO          511    i.rda5981_spi_erase_partition  rda_api.o
    0x18001cd4   0x18001cd4   0x0000002c   Code   RO          512    i.rda5981_spi_flash_erase_64KB_block  rda_api.o
    0x18001d00   0x18001d00   0x00000026   Code   RO          477    i.uart_console_output  drv_uart.o
    0x18001d26   0x18001d26   0x00000004   Code   RO          479    i.uart_init         drv_uart.o
    0x18001d2a   0x18001d2a   0x00000010   Code   RO          480    i.uart_putc         drv_uart.o
    0x18001d3a   0x18001d3a   0x00000002   PAD
    0x18001d3c   0x18001d3c   0x00000198   Code   RO          278    i.upgrade           bootloader_copy.o
    0x18001ed4   0x18001ed4   0x00000040   Code   RO          279    i.upgrade_get_version  bootloader_copy.o
    0x18001f14   0x18001f14   0x00000084   Code   RO          280    i.upgrade_is_valid  bootloader_copy.o
    0x18001f98   0x18001f98   0x0000000c   Data   RO            2    .constdata          bootloader.o
    0x18001fa4   0x18001fa4   0x00000040   Data   RO           66    .constdata          crc32.o
    0x18001fe4   0x18001fe4   0x00000168   Data   RO          142    .constdata          flash_layout.o
    0x1800214c   0x1800214c   0x00000020   Data   RO          890    Region$$Table       anon$$obj.o


==============================================================================

Image component sizes


      Code (inc. data)   RO Data    RW Data    ZI Data      Debug   Object Name

        10          0          0          0          0        437   board.o
       252        166         12          0          0       7022   bootloader.o
      1360        548          0          0          0       7024   bootloader_copy.o
        96         18         64          0          0       1117   crc32.o
        58          0          0          0          0       1570   drv_uart.o
       116          6          0          0       4096       4371   flash.o
         0          0        360          0          0        734   flash_layout.o
        44         24          0          0          0        447   main.o
       354         58          0          0          0       4119   rda_api.o
        22          0          0          0          0       1804   retarget.o
        44          8        124          0      16384        912   startup_rda5981.o
         2          0          0          0          0        453   system_rda5981.o

    ----------------------------------------------------------------------
      2364        828        592          0      20484      30010   Object Totals
         0          0         32          0          0          0   (incl. Generated)
         6          0          0          0          4          0   (incl. Padding)

    ----------------------------------------------------------------------

      Code (inc. data)   RO Data    RW Data    ZI Data      Debug   Library Member Name

         0          0          0          0          0          0   entry.o
         0          0          0          0          0          0   entry10a.o
         0          0          0          0          0          0   entry11a.o
         8          4          0          0          0          0   entry2.o
         4          0          0          0          0          0   entry5.o
         0          0          0          0          0          0   entry7b.o
         0          0          0          0          0          0   entry8b.o
         8          4          0          0          0          0   entry9a.o
        30          0          0          0          0          0   handlers.o
        36          8          0          0          0         68   init.o
        30          0          0          0          0         68   llshl.o
        32          0          0          0          0         68   llushr.o
        36          0          0          0          0         68   memcpya.o
        36          0          0          0          0        108   memseta.o
      1154         54          0          0          0        352   printf8.o
         0          0          0          4          0          0   stdout.o
        28          0          0          0          0         76   strcmp.o
        98          0          0          0          0         92   uldiv.o

    ----------------------------------------------------------------------
      1504         70          0          4          0        900   Library Totals
         4          0          0          0          0          0   (incl. Padding)

    ----------------------------------------------------------------------

      Code (inc. data)   RO Data    RW Data    ZI Data      Debug   Library Name

      1500         70          0          4          0        900   mc_w.l

    ----------------------------------------------------------------------
      1504         70          0          4          0        900   Library Totals

    ----------------------------------------------------------------------

==============================================================================


      Code (inc. data)   RO Data    RW Data    ZI Data      Debug   

      3868        898        592          4      20484      29294   Grand Totals
      3868        898        592          4      20484      29294   ELF Image Totals
      3868        898        592          4          0          0   ROM Totals

==============================================================================

    Total RO  Size (Code + RO Data)                 4460 (   4.36kB)
    Total RW  Size (RW Data + ZI Data)             20488 (  20.01kB)
    Total ROM Size (Code + RO Data + RW Data)       4464 (   4.36kB)

==============================================================================

